Archive member included to satisfy reference by file (symbol)

/home/defaultuser/Documents/niboLib/lib/libnds3.a(i2cmaster.o)
                              ./src/main.o (i2c_init)
/home/defaultuser/Documents/niboLib/lib/libnds3.a(nds3.o)
                              ./src/main.o (nds3_move)
/home/defaultuser/Documents/niboLib/lib/libnibo2.a(display.o)
                              ./src/main.o (display_init)
/home/defaultuser/Documents/niboLib/lib/libnibo2.a(delay.o)
                              ./src/main.o (delay)
/home/defaultuser/Documents/niboLib/lib/libnibo2.a(spi.o)
                              ./src/main.o (spi_init)
/home/defaultuser/Documents/niboLib/lib/libnibo2.a(gfx.o)
                              ./src/main.o (gfx_init)
/home/defaultuser/Documents/niboLib/lib/libnibo2.a(copro.o)
                              /home/defaultuser/Documents/niboLib/lib/libnibo2.a(spi.o) (spi_finished_callback)
/home/defaultuser/Documents/niboLib/lib/libnibo2.a(bot.o)
                              ./src/main.o (bot_init)
/home/defaultuser/Documents/niboLib/lib/libnibo2.a(leds.o)
                              ./src/main.o (leds_init)
/home/defaultuser/Documents/niboLib/lib/libnibo2.a(pwm.o)
                              /home/defaultuser/Documents/niboLib/lib/libnibo2.a(leds.o) (pwm_channel_A)
/home/defaultuser/Documents/niboLib/lib/libnibo2.a(adc.o)
                              /home/defaultuser/Documents/niboLib/lib/libnibo2.a(bot.o) (adc_read)
/usr/lib/gcc/avr/5.4.0/avr51/libgcc.a(_exit.o)
                              /usr/lib/gcc/avr/5.4.0/../../../avr/lib/avr51/crtatmega128.o (exit)
/usr/lib/gcc/avr/5.4.0/avr51/libgcc.a(_copy_data.o)
                              /home/defaultuser/Documents/niboLib/lib/libnds3.a(i2cmaster.o) (__do_copy_data)
/usr/lib/gcc/avr/5.4.0/avr51/libgcc.a(_clear_bss.o)
                              ./src/distance.o (__do_clear_bss)

Allocating common symbols
Common symbol       size              file

copro_ticks_offset_r
                    0x2               /home/defaultuser/Documents/niboLib/lib/libnibo2.a(copro.o)
nds3_distcalib_alpha
                    0x2               ./src/distance.o
copro_ticks_offset_l
                    0x2               /home/defaultuser/Documents/niboLib/lib/libnibo2.a(copro.o)
nds3_servocalib_mid
                    0x2               ./src/distance.o
copro_current_l     0x2               /home/defaultuser/Documents/niboLib/lib/libnibo2.a(copro.o)
nds3_pin            0x1               ./src/distance.o
gfx_dm              0x1               /home/defaultuser/Documents/niboLib/lib/libnibo2.a(gfx.o)
adc_random_seed     0x2               /home/defaultuser/Documents/niboLib/lib/libnibo2.a(adc.o)
spi_tx_buf          0x1b              /home/defaultuser/Documents/niboLib/lib/libnibo2.a(spi.o)
copro_commands      0x15              /home/defaultuser/Documents/niboLib/lib/libnibo2.a(copro.o)
spi_rx_size         0x1               /home/defaultuser/Documents/niboLib/lib/libnibo2.a(spi.o)
copro_ticks_l       0x2               /home/defaultuser/Documents/niboLib/lib/libnibo2.a(copro.o)
i2c_buf             0x14              /home/defaultuser/Documents/niboLib/lib/libnds3.a(i2cmaster.o)
copro_rc5_cmd       0x2               /home/defaultuser/Documents/niboLib/lib/libnibo2.a(copro.o)
pwm_channel_A       0x2               /home/defaultuser/Documents/niboLib/lib/libnibo2.a(pwm.o)
copro_distance      0xa               /home/defaultuser/Documents/niboLib/lib/libnibo2.a(copro.o)
spi_err_cnt         0x1               /home/defaultuser/Documents/niboLib/lib/libnibo2.a(spi.o)
nds3_ddr            0x1               ./src/distance.o
i2c_state           0x1               /home/defaultuser/Documents/niboLib/lib/libnds3.a(i2cmaster.o)
copro_pos_x         0x4               /home/defaultuser/Documents/niboLib/lib/libnibo2.a(copro.o)
copro_pos_ori       0x4               /home/defaultuser/Documents/niboLib/lib/libnibo2.a(copro.o)
copro_speed_r       0x2               /home/defaultuser/Documents/niboLib/lib/libnibo2.a(copro.o)
pwm_channel_B       0x2               /home/defaultuser/Documents/niboLib/lib/libnibo2.a(pwm.o)
pwm_timer_ms        0x2               /home/defaultuser/Documents/niboLib/lib/libnibo2.a(pwm.o)
spi_tx_size         0x1               /home/defaultuser/Documents/niboLib/lib/libnibo2.a(spi.o)
gfx_term_row        0x1               /home/defaultuser/Documents/niboLib/lib/libnibo2.a(gfx.o)
gfx_proportional    0x1               /home/defaultuser/Documents/niboLib/lib/libnibo2.a(gfx.o)
copro_ticks_r       0x2               /home/defaultuser/Documents/niboLib/lib/libnibo2.a(copro.o)
copro_pos_y         0x4               /home/defaultuser/Documents/niboLib/lib/libnibo2.a(copro.o)
bot_supply          0x2               /home/defaultuser/Documents/niboLib/lib/libnibo2.a(bot.o)
spi_frame_cnt       0x1               /home/defaultuser/Documents/niboLib/lib/libnibo2.a(spi.o)
i2c_size            0x1               /home/defaultuser/Documents/niboLib/lib/libnds3.a(i2cmaster.o)
copro_ir_mode       0x1               /home/defaultuser/Documents/niboLib/lib/libnibo2.a(copro.o)
spi_size            0x1               /home/defaultuser/Documents/niboLib/lib/libnibo2.a(spi.o)
copro_rc5_count     0x1               /home/defaultuser/Documents/niboLib/lib/libnibo2.a(copro.o)
nds3_distances      0xb5              /home/defaultuser/Documents/niboLib/lib/libnds3.a(nds3.o)
display_type        0x1               /home/defaultuser/Documents/niboLib/lib/libnibo2.a(display.o)
nds3_port           0x1               ./src/distance.o
gfx_x               0x1               /home/defaultuser/Documents/niboLib/lib/libnibo2.a(gfx.o)
copro_current_r     0x2               /home/defaultuser/Documents/niboLib/lib/libnibo2.a(copro.o)
copro_buffer        0x1b              /home/defaultuser/Documents/niboLib/lib/libnibo2.a(copro.o)
i2c_last_TWSR       0x1               /home/defaultuser/Documents/niboLib/lib/libnds3.a(i2cmaster.o)
i2c_tx_size         0x1               /home/defaultuser/Documents/niboLib/lib/libnds3.a(i2cmaster.o)
spi_rx_buf          0x1b              /home/defaultuser/Documents/niboLib/lib/libnibo2.a(spi.o)
i2c_pos             0x1               /home/defaultuser/Documents/niboLib/lib/libnds3.a(i2cmaster.o)
gfx_tile            0x8               /home/defaultuser/Documents/niboLib/lib/libnibo2.a(gfx.o)
pwm_channel_C       0x2               /home/defaultuser/Documents/niboLib/lib/libnibo2.a(pwm.o)
nds3_servocalib_lo  0x2               ./src/distance.o
spi_tx_chk          0x1               /home/defaultuser/Documents/niboLib/lib/libnibo2.a(spi.o)
pwm_timer_sub       0x2               /home/defaultuser/Documents/niboLib/lib/libnibo2.a(pwm.o)
pwm_timer_sec       0x4               /home/defaultuser/Documents/niboLib/lib/libnibo2.a(pwm.o)
spi_pos             0x1               /home/defaultuser/Documents/niboLib/lib/libnibo2.a(spi.o)
gfx_y               0x1               /home/defaultuser/Documents/niboLib/lib/libnibo2.a(gfx.o)
copro_target_distance
                    0x2               /home/defaultuser/Documents/niboLib/lib/libnibo2.a(copro.o)
nds3_distcalib_v0   0x2               ./src/distance.o
spi_rx_chk          0x1               /home/defaultuser/Documents/niboLib/lib/libnibo2.a(spi.o)
i2c_rx_size         0x1               /home/defaultuser/Documents/niboLib/lib/libnds3.a(i2cmaster.o)
gfx_term_col        0x1               /home/defaultuser/Documents/niboLib/lib/libnibo2.a(gfx.o)
copro_seq           0x1               /home/defaultuser/Documents/niboLib/lib/libnibo2.a(copro.o)
copro_speed_l       0x2               /home/defaultuser/Documents/niboLib/lib/libnibo2.a(copro.o)
nds3_distcalib_d0   0x2               ./src/distance.o
nds3_servocalib_hi  0x2               ./src/distance.o

Memory Configuration

Name             Origin             Length             Attributes
text             0x0000000000000000 0x0000000000020000 xr
data             0x0000000000800100 0x000000000000ff00 rw !x
eeprom           0x0000000000810000 0x0000000000010000 rw !x
fuse             0x0000000000820000 0x0000000000000003 rw !x
lock             0x0000000000830000 0x0000000000000400 rw !x
signature        0x0000000000840000 0x0000000000000400 rw !x
user_signatures  0x0000000000850000 0x0000000000000400 rw !x
*default*        0x0000000000000000 0xffffffffffffffff

Linker script and memory map

Address of section .data set to 0x800100
LOAD /usr/lib/gcc/avr/5.4.0/../../../avr/lib/avr51/crtatmega128.o
LOAD ./src/distance.o
LOAD ./src/drive.o
LOAD ./src/main.o
LOAD ./src/presentation.o
LOAD /home/defaultuser/Documents/niboLib/lib/libnds3.a
LOAD /home/defaultuser/Documents/niboLib/lib/libnibo2.a
LOAD /usr/lib/gcc/avr/5.4.0/../../../avr/lib/avr51/libprintf_flt.a
LOAD /usr/lib/gcc/avr/5.4.0/../../../avr/lib/avr51/libm.a
LOAD /home/defaultuser/Documents/niboLib/lib/libuart-0.a
START GROUP
LOAD /usr/lib/gcc/avr/5.4.0/avr51/libgcc.a
LOAD /usr/lib/gcc/avr/5.4.0/../../../avr/lib/avr51/libm.a
LOAD /usr/lib/gcc/avr/5.4.0/../../../avr/lib/avr51/libc.a
LOAD /usr/lib/gcc/avr/5.4.0/../../../avr/lib/avr51/libatmega128.a
END GROUP
                0x0000000000020000                __TEXT_REGION_LENGTH__ = DEFINED (__TEXT_REGION_LENGTH__)?__TEXT_REGION_LENGTH__:0x20000
                0x000000000000ff00                __DATA_REGION_LENGTH__ = DEFINED (__DATA_REGION_LENGTH__)?__DATA_REGION_LENGTH__:0xff00
                0x0000000000010000                __EEPROM_REGION_LENGTH__ = DEFINED (__EEPROM_REGION_LENGTH__)?__EEPROM_REGION_LENGTH__:0x10000
                [0x0000000000000003]                __FUSE_REGION_LENGTH__ = DEFINED (__FUSE_REGION_LENGTH__)?__FUSE_REGION_LENGTH__:0x400
                0x0000000000000400                __LOCK_REGION_LENGTH__ = DEFINED (__LOCK_REGION_LENGTH__)?__LOCK_REGION_LENGTH__:0x400
                0x0000000000000400                __SIGNATURE_REGION_LENGTH__ = DEFINED (__SIGNATURE_REGION_LENGTH__)?__SIGNATURE_REGION_LENGTH__:0x400
                0x0000000000000400                __USER_SIGNATURE_REGION_LENGTH__ = DEFINED (__USER_SIGNATURE_REGION_LENGTH__)?__USER_SIGNATURE_REGION_LENGTH__:0x400

.hash
 *(.hash)

.dynsym
 *(.dynsym)

.dynstr
 *(.dynstr)

.gnu.version
 *(.gnu.version)

.gnu.version_d
 *(.gnu.version_d)

.gnu.version_r
 *(.gnu.version_r)

.rel.init
 *(.rel.init)

.rela.init
 *(.rela.init)

.rel.text
 *(.rel.text)
 *(.rel.text.*)
 *(.rel.gnu.linkonce.t*)

.rela.text
 *(.rela.text)
 *(.rela.text.*)
 *(.rela.gnu.linkonce.t*)

.rel.fini
 *(.rel.fini)

.rela.fini
 *(.rela.fini)

.rel.rodata
 *(.rel.rodata)
 *(.rel.rodata.*)
 *(.rel.gnu.linkonce.r*)

.rela.rodata
 *(.rela.rodata)
 *(.rela.rodata.*)
 *(.rela.gnu.linkonce.r*)

.rel.data
 *(.rel.data)
 *(.rel.data.*)
 *(.rel.gnu.linkonce.d*)

.rela.data
 *(.rela.data)
 *(.rela.data.*)
 *(.rela.gnu.linkonce.d*)

.rel.ctors
 *(.rel.ctors)

.rela.ctors
 *(.rela.ctors)

.rel.dtors
 *(.rel.dtors)

.rela.dtors
 *(.rela.dtors)

.rel.got
 *(.rel.got)

.rela.got
 *(.rela.got)

.rel.bss
 *(.rel.bss)

.rela.bss
 *(.rela.bss)

.rel.plt
 *(.rel.plt)

.rela.plt
 *(.rela.plt)

.text           0x0000000000000000     0x1d5c
 *(.vectors)
 .vectors       0x0000000000000000       0x8c /usr/lib/gcc/avr/5.4.0/../../../avr/lib/avr51/crtatmega128.o
                0x0000000000000000                __vectors
                0x0000000000000000                __vector_default
 *(.vectors)
 *(.progmem.gcc*)
                0x000000000000008c                . = ALIGN (0x2)
                0x000000000000008c                __trampolines_start = .
 *(.trampolines)
 .trampolines   0x000000000000008c        0x0 linker stubs
 *(.trampolines*)
                0x000000000000008c                __trampolines_end = .
 *libprintf_flt.a:*(.progmem.data)
 *libc.a:*(.progmem.data)
 *(.progmem*)
 .progmem.data  0x000000000000008c        0x6 /home/defaultuser/Documents/niboLib/lib/libnibo2.a(bot.o)
                0x000000000000008c                bot_lib_version
                0x0000000000000091                bot_lib_revision
                0x0000000000000092                . = ALIGN (0x2)
 *(.jumptables)
 *(.jumptables*)
 *(.lowtext)
 *(.lowtext*)
                0x0000000000000092                __ctors_start = .
 *(.ctors)
                0x0000000000000092                __ctors_end = .
                0x0000000000000092                __dtors_start = .
 *(.dtors)
                0x0000000000000092                __dtors_end = .
 SORT(*)(.ctors)
 SORT(*)(.dtors)
 *(.init0)
 .init0         0x0000000000000092        0x0 /usr/lib/gcc/avr/5.4.0/../../../avr/lib/avr51/crtatmega128.o
                0x0000000000000092                __init
 *(.init0)
 *(.init1)
 *(.init1)
 *(.init2)
 .init2         0x0000000000000092        0xc /usr/lib/gcc/avr/5.4.0/../../../avr/lib/avr51/crtatmega128.o
 *(.init2)
 *(.init3)
 *(.init3)
 *(.init4)
 .init4         0x000000000000009e       0x1a /usr/lib/gcc/avr/5.4.0/avr51/libgcc.a(_copy_data.o)
                0x000000000000009e                __do_copy_data
 .init4         0x00000000000000b8       0x10 /usr/lib/gcc/avr/5.4.0/avr51/libgcc.a(_clear_bss.o)
                0x00000000000000b8                __do_clear_bss
 *(.init4)
 *(.init5)
 *(.init5)
 *(.init6)
 *(.init6)
 *(.init7)
 *(.init7)
 *(.init8)
 *(.init8)
 *(.init9)
 .init9         0x00000000000000c8        0x8 /usr/lib/gcc/avr/5.4.0/../../../avr/lib/avr51/crtatmega128.o
 *(.init9)
 *(.text)
 .text          0x00000000000000d0        0x4 /usr/lib/gcc/avr/5.4.0/../../../avr/lib/avr51/crtatmega128.o
                0x00000000000000d0                __vector_22
                0x00000000000000d0                __vector_28
                0x00000000000000d0                __vector_1
                0x00000000000000d0                __vector_32
                0x00000000000000d0                __vector_34
                0x00000000000000d0                __vector_24
                0x00000000000000d0                __vector_12
                0x00000000000000d0                __bad_interrupt
                0x00000000000000d0                __vector_6
                0x00000000000000d0                __vector_31
                0x00000000000000d0                __vector_3
                0x00000000000000d0                __vector_23
                0x00000000000000d0                __vector_30
                0x00000000000000d0                __vector_25
                0x00000000000000d0                __vector_11
                0x00000000000000d0                __vector_13
                0x00000000000000d0                __vector_19
                0x00000000000000d0                __vector_7
                0x00000000000000d0                __vector_27
                0x00000000000000d0                __vector_5
                0x00000000000000d0                __vector_4
                0x00000000000000d0                __vector_9
                0x00000000000000d0                __vector_2
                0x00000000000000d0                __vector_21
                0x00000000000000d0                __vector_15
                0x00000000000000d0                __vector_29
                0x00000000000000d0                __vector_8
                0x00000000000000d0                __vector_26
                0x00000000000000d0                __vector_10
                0x00000000000000d0                __vector_16
                0x00000000000000d0                __vector_18
                0x00000000000000d0                __vector_20
 .text          0x00000000000000d4        0x0 ./src/distance.o
 .text          0x00000000000000d4        0x0 ./src/drive.o
 .text          0x00000000000000d4        0x0 ./src/main.o
 .text          0x00000000000000d4        0x0 ./src/presentation.o
 .text          0x00000000000000d4        0x0 /home/defaultuser/Documents/niboLib/lib/libnds3.a(i2cmaster.o)
 .text          0x00000000000000d4        0x0 /home/defaultuser/Documents/niboLib/lib/libnds3.a(nds3.o)
 .text          0x00000000000000d4        0x0 /home/defaultuser/Documents/niboLib/lib/libnibo2.a(display.o)
 .text          0x00000000000000d4        0x0 /home/defaultuser/Documents/niboLib/lib/libnibo2.a(delay.o)
 .text          0x00000000000000d4        0x0 /home/defaultuser/Documents/niboLib/lib/libnibo2.a(spi.o)
 .text          0x00000000000000d4        0x0 /home/defaultuser/Documents/niboLib/lib/libnibo2.a(gfx.o)
 .text          0x00000000000000d4        0x0 /home/defaultuser/Documents/niboLib/lib/libnibo2.a(copro.o)
 .text          0x00000000000000d4        0x0 /home/defaultuser/Documents/niboLib/lib/libnibo2.a(bot.o)
 .text          0x00000000000000d4        0x0 /home/defaultuser/Documents/niboLib/lib/libnibo2.a(leds.o)
 .text          0x00000000000000d4        0x0 /home/defaultuser/Documents/niboLib/lib/libnibo2.a(pwm.o)
 .text          0x00000000000000d4        0x0 /home/defaultuser/Documents/niboLib/lib/libnibo2.a(adc.o)
 .text          0x00000000000000d4        0x0 /usr/lib/gcc/avr/5.4.0/avr51/libgcc.a(_exit.o)
 .text          0x00000000000000d4        0x0 /usr/lib/gcc/avr/5.4.0/avr51/libgcc.a(_copy_data.o)
 .text          0x00000000000000d4        0x0 /usr/lib/gcc/avr/5.4.0/avr51/libgcc.a(_clear_bss.o)
                0x00000000000000d4                . = ALIGN (0x2)
 *(.text.*)
 .text.findDirection
                0x00000000000000d4      0x16c ./src/distance.o
                0x00000000000000d4                findDirection
 .text.drive    0x0000000000000240       0x1c ./src/drive.o
                0x0000000000000240                drive
 .text.turnLeft
                0x000000000000025c       0x2c ./src/drive.o
                0x000000000000025c                turnLeft
 .text.turnHalfLeft
                0x0000000000000288       0x2c ./src/drive.o
                0x0000000000000288                turnHalfLeft
 .text.turnRight
                0x00000000000002b4       0x2c ./src/drive.o
                0x00000000000002b4                turnRight
 .text.turnHalfRight
                0x00000000000002e0       0x2c ./src/drive.o
                0x00000000000002e0                turnHalfRight
 .text.goBack   0x000000000000030c       0x28 ./src/drive.o
                0x000000000000030c                goBack
 .text.main     0x0000000000000334       0x3a ./src/main.o
                0x0000000000000334                main
 .text.LEDShow  0x000000000000036e       0x70 ./src/presentation.o
                0x000000000000036e                LEDShow
 .text.i2c_start_transmission
                0x00000000000003de       0x4e /home/defaultuser/Documents/niboLib/lib/libnds3.a(i2cmaster.o)
                0x00000000000003de                i2c_start_transmission
 .text.i2c_wait_transmission
                0x000000000000042c       0x4c /home/defaultuser/Documents/niboLib/lib/libnds3.a(i2cmaster.o)
                0x000000000000042c                i2c_wait_transmission
 .text.i2c_status
                0x0000000000000478        0x6 /home/defaultuser/Documents/niboLib/lib/libnds3.a(i2cmaster.o)
                0x0000000000000478                i2c_status
 .text.i2c_init
                0x000000000000047e       0x1e /home/defaultuser/Documents/niboLib/lib/libnds3.a(i2cmaster.o)
                0x000000000000047e                i2c_init
 .text.__vector_33
                0x000000000000049c      0x14c /home/defaultuser/Documents/niboLib/lib/libnds3.a(i2cmaster.o)
                0x000000000000049c                __vector_33
 .text.nds3_init
                0x00000000000005e8        0x2 /home/defaultuser/Documents/niboLib/lib/libnds3.a(nds3.o)
                0x00000000000005e8                nds3_init
 .text.nds3_transaction
                0x00000000000005ea       0x12 /home/defaultuser/Documents/niboLib/lib/libnds3.a(nds3.o)
 .text.nds3_distcalib_commit
                0x00000000000005fc       0x46 /home/defaultuser/Documents/niboLib/lib/libnds3.a(nds3.o)
                0x00000000000005fc                nds3_distcalib_commit
 .text.nds3_distcalib_update
                0x0000000000000642       0x58 /home/defaultuser/Documents/niboLib/lib/libnds3.a(nds3.o)
                0x0000000000000642                nds3_distcalib_update
 .text.nds3_servocalib_commit
                0x000000000000069a       0x46 /home/defaultuser/Documents/niboLib/lib/libnds3.a(nds3.o)
                0x000000000000069a                nds3_servocalib_commit
 .text.nds3_servocalib_update
                0x00000000000006e0       0x58 /home/defaultuser/Documents/niboLib/lib/libnds3.a(nds3.o)
                0x00000000000006e0                nds3_servocalib_update
 .text.nds3_move_servo
                0x0000000000000738       0x1e /home/defaultuser/Documents/niboLib/lib/libnds3.a(nds3.o)
                0x0000000000000738                nds3_move_servo
 .text.nds3_get_analog
                0x0000000000000756       0x2a /home/defaultuser/Documents/niboLib/lib/libnds3.a(nds3.o)
                0x0000000000000756                nds3_get_analog
 .text.nds3_pin_update
                0x0000000000000780       0x1e /home/defaultuser/Documents/niboLib/lib/libnds3.a(nds3.o)
                0x0000000000000780                nds3_pin_update
 .text.nds3_port_commit
                0x000000000000079e       0x1e /home/defaultuser/Documents/niboLib/lib/libnds3.a(nds3.o)
                0x000000000000079e                nds3_port_commit
 .text.nds3_ddr_commit
                0x00000000000007bc       0x1e /home/defaultuser/Documents/niboLib/lib/libnds3.a(nds3.o)
                0x00000000000007bc                nds3_ddr_commit
 .text.nds3_get_busy
                0x00000000000007da       0x1a /home/defaultuser/Documents/niboLib/lib/libnds3.a(nds3.o)
                0x00000000000007da                nds3_get_busy
 .text.nds3_get_dist
                0x00000000000007f4       0x1a /home/defaultuser/Documents/niboLib/lib/libnds3.a(nds3.o)
                0x00000000000007f4                nds3_get_dist
 .text.nds3_get_pos
                0x000000000000080e       0x1a /home/defaultuser/Documents/niboLib/lib/libnds3.a(nds3.o)
                0x000000000000080e                nds3_get_pos
 .text.nds3_read
                0x0000000000000828       0x4a /home/defaultuser/Documents/niboLib/lib/libnds3.a(nds3.o)
                0x0000000000000828                nds3_read
 .text.nds3_measure
                0x0000000000000872       0x1e /home/defaultuser/Documents/niboLib/lib/libnds3.a(nds3.o)
                0x0000000000000872                nds3_measure
 .text.nds3_move
                0x0000000000000890       0x1a /home/defaultuser/Documents/niboLib/lib/libnds3.a(nds3.o)
                0x0000000000000890                nds3_move
 .text.nds3_reset
                0x00000000000008aa       0x14 /home/defaultuser/Documents/niboLib/lib/libnds3.a(nds3.o)
                0x00000000000008aa                nds3_reset
 .text.display_write
                0x00000000000008be       0x84 /home/defaultuser/Documents/niboLib/lib/libnibo2.a(display.o)
                0x00000000000008be                display_write
 .text.display_read
                0x0000000000000942       0x7e /home/defaultuser/Documents/niboLib/lib/libnibo2.a(display.o)
                0x0000000000000942                display_read
 .text.display_wait
                0x00000000000009c0       0x3c /home/defaultuser/Documents/niboLib/lib/libnibo2.a(display.o)
                0x00000000000009c0                display_wait
 .text.display_init
                0x00000000000009fc       0xc4 /home/defaultuser/Documents/niboLib/lib/libnibo2.a(display.o)
                0x00000000000009fc                display_init
 .text.delay    0x0000000000000ac0       0x16 /home/defaultuser/Documents/niboLib/lib/libnibo2.a(delay.o)
                0x0000000000000ac0                delay
 .text.spi_tx   0x0000000000000ad6        0xe /home/defaultuser/Documents/niboLib/lib/libnibo2.a(spi.o)
 .text.spi_restart_transmission
                0x0000000000000ae4       0x36 /home/defaultuser/Documents/niboLib/lib/libnibo2.a(spi.o)
                0x0000000000000ae4                spi_restart_transmission
 .text.spi_init
                0x0000000000000b1a        0xe /home/defaultuser/Documents/niboLib/lib/libnibo2.a(spi.o)
                0x0000000000000b1a                spi_init
 .text.__vector_17
                0x0000000000000b28      0x11a /home/defaultuser/Documents/niboLib/lib/libnibo2.a(spi.o)
                0x0000000000000b28                __vector_17
 .text.gfx_store_disp_tile
                0x0000000000000c42       0x94 /home/defaultuser/Documents/niboLib/lib/libnibo2.a(gfx.o)
 .text.gfx_get_x
                0x0000000000000cd6        0x6 /home/defaultuser/Documents/niboLib/lib/libnibo2.a(gfx.o)
                0x0000000000000cd6                gfx_get_x
 .text.gfx_get_y
                0x0000000000000cdc        0x6 /home/defaultuser/Documents/niboLib/lib/libnibo2.a(gfx.o)
                0x0000000000000cdc                gfx_get_y
 .text.gfx_draw_mode
                0x0000000000000ce2        0x6 /home/defaultuser/Documents/niboLib/lib/libnibo2.a(gfx.o)
                0x0000000000000ce2                gfx_draw_mode
 .text.gfx_move
                0x0000000000000ce8       0x64 /home/defaultuser/Documents/niboLib/lib/libnibo2.a(gfx.o)
                0x0000000000000ce8                gfx_move
 .text.gfx_fill
                0x0000000000000d4c       0x70 /home/defaultuser/Documents/niboLib/lib/libnibo2.a(gfx.o)
                0x0000000000000d4c                gfx_fill
 .text.gfx_display_write2
                0x0000000000000dbc       0x8c /home/defaultuser/Documents/niboLib/lib/libnibo2.a(gfx.o)
                0x0000000000000dbc                gfx_display_write2
 .text.gfx_char_width
                0x0000000000000e48       0x34 /home/defaultuser/Documents/niboLib/lib/libnibo2.a(gfx.o)
                0x0000000000000e48                gfx_char_width
 .text.gfx_print_char_base
                0x0000000000000e7c       0xf2 /home/defaultuser/Documents/niboLib/lib/libnibo2.a(gfx.o)
                0x0000000000000e7c                gfx_print_char_base
 .text.gfx_print_char
                0x0000000000000f6e       0x4e /home/defaultuser/Documents/niboLib/lib/libnibo2.a(gfx.o)
                0x0000000000000f6e                gfx_print_char
 .text.gfx_print_text
                0x0000000000000fbc       0x18 /home/defaultuser/Documents/niboLib/lib/libnibo2.a(gfx.o)
                0x0000000000000fbc                gfx_print_text
 .text.gfx_text_width
                0x0000000000000fd4       0x2a /home/defaultuser/Documents/niboLib/lib/libnibo2.a(gfx.o)
                0x0000000000000fd4                gfx_text_width
 .text.gfx_print_text_P
                0x0000000000000ffe       0x22 /home/defaultuser/Documents/niboLib/lib/libnibo2.a(gfx.o)
                0x0000000000000ffe                gfx_print_text_P
 .text.gfx_text_width_P
                0x0000000000001020       0x32 /home/defaultuser/Documents/niboLib/lib/libnibo2.a(gfx.o)
                0x0000000000001020                gfx_text_width_P
 .text.gfx_init
                0x0000000000001052       0x7e /home/defaultuser/Documents/niboLib/lib/libnibo2.a(gfx.o)
                0x0000000000001052                gfx_init
 .text.gfx_set_proportional
                0x00000000000010d0        0x6 /home/defaultuser/Documents/niboLib/lib/libnibo2.a(gfx.o)
                0x00000000000010d0                gfx_set_proportional
 .text.gfx_get_proportional
                0x00000000000010d6        0x6 /home/defaultuser/Documents/niboLib/lib/libnibo2.a(gfx.o)
                0x00000000000010d6                gfx_get_proportional
 .text.gfx_hline
                0x00000000000010dc       0x2c /home/defaultuser/Documents/niboLib/lib/libnibo2.a(gfx.o)
                0x00000000000010dc                gfx_hline
 .text.gfx_box  0x0000000000001108       0x9a /home/defaultuser/Documents/niboLib/lib/libnibo2.a(gfx.o)
                0x0000000000001108                gfx_box
 .text.gfx_vline
                0x00000000000011a2        0x8 /home/defaultuser/Documents/niboLib/lib/libnibo2.a(gfx.o)
                0x00000000000011a2                gfx_vline
 .text.gfx_draw_xbm
                0x00000000000011aa      0x14a /home/defaultuser/Documents/niboLib/lib/libnibo2.a(gfx.o)
                0x00000000000011aa                gfx_draw_xbm
 .text.gfx_draw_xbm_P
                0x00000000000012f4      0x146 /home/defaultuser/Documents/niboLib/lib/libnibo2.a(gfx.o)
                0x00000000000012f4                gfx_draw_xbm_P
 .text.gfx_pixel
                0x000000000000143a       0x22 /home/defaultuser/Documents/niboLib/lib/libnibo2.a(gfx.o)
                0x000000000000143a                gfx_pixel
 .text.gfx_lineTo
                0x000000000000145c      0x10e /home/defaultuser/Documents/niboLib/lib/libnibo2.a(gfx.o)
                0x000000000000145c                gfx_lineTo
 .text.gfx_term_clear
                0x000000000000156a       0x10 /home/defaultuser/Documents/niboLib/lib/libnibo2.a(gfx.o)
                0x000000000000156a                gfx_term_clear
 .text.gfx_term_goto
                0x000000000000157a       0x12 /home/defaultuser/Documents/niboLib/lib/libnibo2.a(gfx.o)
                0x000000000000157a                gfx_term_goto
 .text.gfx_term_scroll
                0x000000000000158c      0x100 /home/defaultuser/Documents/niboLib/lib/libnibo2.a(gfx.o)
                0x000000000000158c                gfx_term_scroll
 .text.gfx_term_print
                0x000000000000168c       0x8c /home/defaultuser/Documents/niboLib/lib/libnibo2.a(gfx.o)
                0x000000000000168c                gfx_term_print
 .text.wait_copro
                0x0000000000001718       0x28 /home/defaultuser/Documents/niboLib/lib/libnibo2.a(copro.o)
 .text.spi_finished_callback
                0x0000000000001740       0xa8 /home/defaultuser/Documents/niboLib/lib/libnibo2.a(copro.o)
                0x0000000000001740                spi_finished_callback
 .text._copro_check_busy
                0x00000000000017e8       0x1a /home/defaultuser/Documents/niboLib/lib/libnibo2.a(copro.o)
                0x00000000000017e8                _copro_check_busy
 .text.copro_update
                0x0000000000001802      0x154 /home/defaultuser/Documents/niboLib/lib/libnibo2.a(copro.o)
                0x0000000000001802                copro_update
 .text.copro_stop
                0x0000000000001956        0xc /home/defaultuser/Documents/niboLib/lib/libnibo2.a(copro.o)
                0x0000000000001956                copro_stop
 .text.copro_stopImmediate
                0x0000000000001962        0xe /home/defaultuser/Documents/niboLib/lib/libnibo2.a(copro.o)
                0x0000000000001962                copro_stopImmediate
 .text.copro_setPWM
                0x0000000000001970       0x18 /home/defaultuser/Documents/niboLib/lib/libnibo2.a(copro.o)
                0x0000000000001970                copro_setPWM
 .text.copro_setSpeed
                0x0000000000001988       0x18 /home/defaultuser/Documents/niboLib/lib/libnibo2.a(copro.o)
                0x0000000000001988                copro_setSpeed
 .text.copro_setTargetAbs
                0x00000000000019a0       0x34 /home/defaultuser/Documents/niboLib/lib/libnibo2.a(copro.o)
                0x00000000000019a0                copro_setTargetAbs
 .text.copro_setTargetRel
                0x00000000000019d4       0x1c /home/defaultuser/Documents/niboLib/lib/libnibo2.a(copro.o)
                0x00000000000019d4                copro_setTargetRel
 .text.copro_setSpeedParameters
                0x00000000000019f0       0x2e /home/defaultuser/Documents/niboLib/lib/libnibo2.a(copro.o)
                0x00000000000019f0                copro_setSpeedParameters
 .text.copro_setPositionParameters
                0x0000000000001a1e        0x4 /home/defaultuser/Documents/niboLib/lib/libnibo2.a(copro.o)
                0x0000000000001a1e                copro_setPositionParameters
 .text.copro_resetOdometry
                0x0000000000001a22       0x54 /home/defaultuser/Documents/niboLib/lib/libnibo2.a(copro.o)
                0x0000000000001a22                copro_resetOdometry
 .text.copro_ir_stop
                0x0000000000001a76       0x14 /home/defaultuser/Documents/niboLib/lib/libnibo2.a(copro.o)
                0x0000000000001a76                copro_ir_stop
 .text.copro_ir_startMeasure
                0x0000000000001a8a       0x14 /home/defaultuser/Documents/niboLib/lib/libnibo2.a(copro.o)
                0x0000000000001a8a                copro_ir_startMeasure
 .text.copro_transmitRC5
                0x0000000000001a9e       0x26 /home/defaultuser/Documents/niboLib/lib/libnibo2.a(copro.o)
                0x0000000000001a9e                copro_transmitRC5
 .text.bot_init
                0x0000000000001ac4       0x16 /home/defaultuser/Documents/niboLib/lib/libnibo2.a(bot.o)
                0x0000000000001ac4                bot_init
 .text.bot_update
                0x0000000000001ada       0x10 /home/defaultuser/Documents/niboLib/lib/libnibo2.a(bot.o)
                0x0000000000001ada                bot_update
 .text.leds_init
                0x0000000000001aea       0x10 /home/defaultuser/Documents/niboLib/lib/libnibo2.a(leds.o)
                0x0000000000001aea                leds_init
 .text.leds_set_status
                0x0000000000001afa       0x48 /home/defaultuser/Documents/niboLib/lib/libnibo2.a(leds.o)
                0x0000000000001afa                leds_set_status
 .text.leds_set_status_intensity
                0x0000000000001b42        0xa /home/defaultuser/Documents/niboLib/lib/libnibo2.a(leds.o)
                0x0000000000001b42                leds_set_status_intensity
 .text.leds_get_status_intensity
                0x0000000000001b4c        0xa /home/defaultuser/Documents/niboLib/lib/libnibo2.a(leds.o)
                0x0000000000001b4c                leds_get_status_intensity
 .text.leds_set_headlights
                0x0000000000001b56        0xa /home/defaultuser/Documents/niboLib/lib/libnibo2.a(leds.o)
                0x0000000000001b56                leds_set_headlights
 .text.leds_get_headlights
                0x0000000000001b60        0xa /home/defaultuser/Documents/niboLib/lib/libnibo2.a(leds.o)
                0x0000000000001b60                leds_get_headlights
 .text.leds_set_displaylight
                0x0000000000001b6a        0xa /home/defaultuser/Documents/niboLib/lib/libnibo2.a(leds.o)
                0x0000000000001b6a                leds_set_displaylight
 .text.leds_get_displaylight
                0x0000000000001b74        0xa /home/defaultuser/Documents/niboLib/lib/libnibo2.a(leds.o)
                0x0000000000001b74                leds_get_displaylight
 .text.pwm_init
                0x0000000000001b7e       0x64 /home/defaultuser/Documents/niboLib/lib/libnibo2.a(pwm.o)
                0x0000000000001b7e                pwm_init
 .text.__vector_14
                0x0000000000001be2      0x10c /home/defaultuser/Documents/niboLib/lib/libnibo2.a(pwm.o)
                0x0000000000001be2                __vector_14
 .text.adc_init
                0x0000000000001cee       0x24 /home/defaultuser/Documents/niboLib/lib/libnibo2.a(adc.o)
                0x0000000000001cee                adc_init
 .text.adc_read
                0x0000000000001d12       0x3c /home/defaultuser/Documents/niboLib/lib/libnibo2.a(adc.o)
                0x0000000000001d12                adc_read
 .text.adc_get_random_seed
                0x0000000000001d4e        0xa /home/defaultuser/Documents/niboLib/lib/libnibo2.a(adc.o)
                0x0000000000001d4e                adc_get_random_seed
 .text.libgcc.mul
                0x0000000000001d58        0x0 /usr/lib/gcc/avr/5.4.0/avr51/libgcc.a(_exit.o)
 .text.libgcc.div
                0x0000000000001d58        0x0 /usr/lib/gcc/avr/5.4.0/avr51/libgcc.a(_exit.o)
 .text.libgcc   0x0000000000001d58        0x0 /usr/lib/gcc/avr/5.4.0/avr51/libgcc.a(_exit.o)
 .text.libgcc.prologue
                0x0000000000001d58        0x0 /usr/lib/gcc/avr/5.4.0/avr51/libgcc.a(_exit.o)
 .text.libgcc.builtins
                0x0000000000001d58        0x0 /usr/lib/gcc/avr/5.4.0/avr51/libgcc.a(_exit.o)
 .text.libgcc.fmul
                0x0000000000001d58        0x0 /usr/lib/gcc/avr/5.4.0/avr51/libgcc.a(_exit.o)
 .text.libgcc.fixed
                0x0000000000001d58        0x0 /usr/lib/gcc/avr/5.4.0/avr51/libgcc.a(_exit.o)
 .text.libgcc.mul
                0x0000000000001d58        0x0 /usr/lib/gcc/avr/5.4.0/avr51/libgcc.a(_copy_data.o)
 .text.libgcc.div
                0x0000000000001d58        0x0 /usr/lib/gcc/avr/5.4.0/avr51/libgcc.a(_copy_data.o)
 .text.libgcc   0x0000000000001d58        0x0 /usr/lib/gcc/avr/5.4.0/avr51/libgcc.a(_copy_data.o)
 .text.libgcc.prologue
                0x0000000000001d58        0x0 /usr/lib/gcc/avr/5.4.0/avr51/libgcc.a(_copy_data.o)
 .text.libgcc.builtins
                0x0000000000001d58        0x0 /usr/lib/gcc/avr/5.4.0/avr51/libgcc.a(_copy_data.o)
 .text.libgcc.fmul
                0x0000000000001d58        0x0 /usr/lib/gcc/avr/5.4.0/avr51/libgcc.a(_copy_data.o)
 .text.libgcc.fixed
                0x0000000000001d58        0x0 /usr/lib/gcc/avr/5.4.0/avr51/libgcc.a(_copy_data.o)
 .text.libgcc.mul
                0x0000000000001d58        0x0 /usr/lib/gcc/avr/5.4.0/avr51/libgcc.a(_clear_bss.o)
 .text.libgcc.div
                0x0000000000001d58        0x0 /usr/lib/gcc/avr/5.4.0/avr51/libgcc.a(_clear_bss.o)
 .text.libgcc   0x0000000000001d58        0x0 /usr/lib/gcc/avr/5.4.0/avr51/libgcc.a(_clear_bss.o)
 .text.libgcc.prologue
                0x0000000000001d58        0x0 /usr/lib/gcc/avr/5.4.0/avr51/libgcc.a(_clear_bss.o)
 .text.libgcc.builtins
                0x0000000000001d58        0x0 /usr/lib/gcc/avr/5.4.0/avr51/libgcc.a(_clear_bss.o)
 .text.libgcc.fmul
                0x0000000000001d58        0x0 /usr/lib/gcc/avr/5.4.0/avr51/libgcc.a(_clear_bss.o)
 .text.libgcc.fixed
                0x0000000000001d58        0x0 /usr/lib/gcc/avr/5.4.0/avr51/libgcc.a(_clear_bss.o)
                0x0000000000001d58                . = ALIGN (0x2)
 *(.fini9)
 .fini9         0x0000000000001d58        0x0 /usr/lib/gcc/avr/5.4.0/avr51/libgcc.a(_exit.o)
                0x0000000000001d58                exit
                0x0000000000001d58                _exit
 *(.fini9)
 *(.fini8)
 *(.fini8)
 *(.fini7)
 *(.fini7)
 *(.fini6)
 *(.fini6)
 *(.fini5)
 *(.fini5)
 *(.fini4)
 *(.fini4)
 *(.fini3)
 *(.fini3)
 *(.fini2)
 *(.fini2)
 *(.fini1)
 *(.fini1)
 *(.fini0)
 .fini0         0x0000000000001d58        0x4 /usr/lib/gcc/avr/5.4.0/avr51/libgcc.a(_exit.o)
 *(.fini0)
                0x0000000000001d5c                _etext = .

.data           0x0000000000800100      0x240 load address 0x0000000000001d5c
                0x0000000000800100                PROVIDE (__data_start, .)
 *(.data)
 .data          0x0000000000800100        0x0 /usr/lib/gcc/avr/5.4.0/../../../avr/lib/avr51/crtatmega128.o
 .data          0x0000000000800100        0x0 ./src/distance.o
 .data          0x0000000000800100        0x0 ./src/drive.o
 .data          0x0000000000800100        0x0 ./src/main.o
 .data          0x0000000000800100        0x0 ./src/presentation.o
 .data          0x0000000000800100        0x0 /home/defaultuser/Documents/niboLib/lib/libnds3.a(i2cmaster.o)
 .data          0x0000000000800100        0x0 /home/defaultuser/Documents/niboLib/lib/libnds3.a(nds3.o)
 .data          0x0000000000800100        0x0 /home/defaultuser/Documents/niboLib/lib/libnibo2.a(display.o)
 .data          0x0000000000800100        0x0 /home/defaultuser/Documents/niboLib/lib/libnibo2.a(delay.o)
 .data          0x0000000000800100        0x0 /home/defaultuser/Documents/niboLib/lib/libnibo2.a(spi.o)
 .data          0x0000000000800100        0x0 /home/defaultuser/Documents/niboLib/lib/libnibo2.a(gfx.o)
 .data          0x0000000000800100        0x0 /home/defaultuser/Documents/niboLib/lib/libnibo2.a(copro.o)
 .data          0x0000000000800100        0x0 /home/defaultuser/Documents/niboLib/lib/libnibo2.a(bot.o)
 .data          0x0000000000800100        0x0 /home/defaultuser/Documents/niboLib/lib/libnibo2.a(leds.o)
 .data          0x0000000000800100        0x0 /home/defaultuser/Documents/niboLib/lib/libnibo2.a(pwm.o)
 .data          0x0000000000800100        0x0 /home/defaultuser/Documents/niboLib/lib/libnibo2.a(adc.o)
 .data          0x0000000000800100        0x0 /usr/lib/gcc/avr/5.4.0/avr51/libgcc.a(_exit.o)
 .data          0x0000000000800100        0x0 /usr/lib/gcc/avr/5.4.0/avr51/libgcc.a(_copy_data.o)
 .data          0x0000000000800100        0x0 /usr/lib/gcc/avr/5.4.0/avr51/libgcc.a(_clear_bss.o)
 *(.data*)
 *(.rodata)
 .rodata        0x0000000000800100      0x240 /home/defaultuser/Documents/niboLib/lib/libnibo2.a(gfx.o)
                0x0000000000800100                fontTiles
 *(.rodata*)
 *(.gnu.linkonce.d*)
                0x0000000000800340                . = ALIGN (0x2)
                0x0000000000800340                _edata = .
                0x0000000000800340                PROVIDE (__data_end, .)

.bss            0x0000000000800340      0x19a
                0x0000000000800340                PROVIDE (__bss_start, .)
 *(.bss)
 .bss           0x0000000000800340        0x0 /usr/lib/gcc/avr/5.4.0/../../../avr/lib/avr51/crtatmega128.o
 .bss           0x0000000000800340        0x0 ./src/distance.o
 .bss           0x0000000000800340        0x0 ./src/drive.o
 .bss           0x0000000000800340        0x0 ./src/main.o
 .bss           0x0000000000800340        0x0 ./src/presentation.o
 .bss           0x0000000000800340        0x0 /home/defaultuser/Documents/niboLib/lib/libnds3.a(i2cmaster.o)
 .bss           0x0000000000800340        0x0 /home/defaultuser/Documents/niboLib/lib/libnds3.a(nds3.o)
 .bss           0x0000000000800340        0x0 /home/defaultuser/Documents/niboLib/lib/libnibo2.a(display.o)
 .bss           0x0000000000800340        0x0 /home/defaultuser/Documents/niboLib/lib/libnibo2.a(delay.o)
 .bss           0x0000000000800340        0x0 /home/defaultuser/Documents/niboLib/lib/libnibo2.a(spi.o)
 .bss           0x0000000000800340        0x0 /home/defaultuser/Documents/niboLib/lib/libnibo2.a(gfx.o)
 .bss           0x0000000000800340        0x0 /home/defaultuser/Documents/niboLib/lib/libnibo2.a(copro.o)
 .bss           0x0000000000800340        0x0 /home/defaultuser/Documents/niboLib/lib/libnibo2.a(bot.o)
 .bss           0x0000000000800340        0x0 /home/defaultuser/Documents/niboLib/lib/libnibo2.a(leds.o)
 .bss           0x0000000000800340        0x0 /home/defaultuser/Documents/niboLib/lib/libnibo2.a(pwm.o)
 .bss           0x0000000000800340        0x0 /home/defaultuser/Documents/niboLib/lib/libnibo2.a(adc.o)
 .bss           0x0000000000800340        0x0 /usr/lib/gcc/avr/5.4.0/avr51/libgcc.a(_exit.o)
 .bss           0x0000000000800340        0x0 /usr/lib/gcc/avr/5.4.0/avr51/libgcc.a(_copy_data.o)
 .bss           0x0000000000800340        0x0 /usr/lib/gcc/avr/5.4.0/avr51/libgcc.a(_clear_bss.o)
 *(.bss*)
 *(COMMON)
 COMMON         0x0000000000800340        0xf ./src/distance.o
                0x0000000000800340                nds3_distcalib_alpha
                0x0000000000800342                nds3_servocalib_mid
                0x0000000000800344                nds3_pin
                0x0000000000800345                nds3_ddr
                0x0000000000800346                nds3_port
                0x0000000000800347                nds3_servocalib_lo
                0x0000000000800349                nds3_distcalib_v0
                0x000000000080034b                nds3_distcalib_d0
                0x000000000080034d                nds3_servocalib_hi
 COMMON         0x000000000080034f       0x1a /home/defaultuser/Documents/niboLib/lib/libnds3.a(i2cmaster.o)
                0x000000000080034f                i2c_buf
                0x0000000000800363                i2c_state
                0x0000000000800364                i2c_size
                0x0000000000800365                i2c_last_TWSR
                0x0000000000800366                i2c_tx_size
                0x0000000000800367                i2c_pos
                0x0000000000800368                i2c_rx_size
 COMMON         0x0000000000800369       0xb5 /home/defaultuser/Documents/niboLib/lib/libnds3.a(nds3.o)
                0x0000000000800369                nds3_distances
 COMMON         0x000000000080041e        0x1 /home/defaultuser/Documents/niboLib/lib/libnibo2.a(display.o)
                0x000000000080041e                display_type
 COMMON         0x000000000080041f       0x3e /home/defaultuser/Documents/niboLib/lib/libnibo2.a(spi.o)
                0x000000000080041f                spi_tx_buf
                0x000000000080043a                spi_rx_size
                0x000000000080043b                spi_err_cnt
                0x000000000080043c                spi_tx_size
                0x000000000080043d                spi_frame_cnt
                0x000000000080043e                spi_size
                0x000000000080043f                spi_rx_buf
                0x000000000080045a                spi_tx_chk
                0x000000000080045b                spi_pos
                0x000000000080045c                spi_rx_chk
 COMMON         0x000000000080045d        0xe /home/defaultuser/Documents/niboLib/lib/libnibo2.a(gfx.o)
                0x000000000080045d                gfx_dm
                0x000000000080045e                gfx_term_row
                0x000000000080045f                gfx_proportional
                0x0000000000800460                gfx_x
                0x0000000000800461                gfx_tile
                0x0000000000800469                gfx_y
                0x000000000080046a                gfx_term_col
 COMMON         0x000000000080046b       0x5d /home/defaultuser/Documents/niboLib/lib/libnibo2.a(copro.o)
                0x000000000080046b                copro_ticks_offset_r
                0x000000000080046d                copro_ticks_offset_l
                0x000000000080046f                copro_current_l
                0x0000000000800471                copro_commands
                0x0000000000800486                copro_ticks_l
                0x0000000000800488                copro_rc5_cmd
                0x000000000080048a                copro_distance
                0x0000000000800494                copro_pos_x
                0x0000000000800498                copro_pos_ori
                0x000000000080049c                copro_speed_r
                0x000000000080049e                copro_ticks_r
                0x00000000008004a0                copro_pos_y
                0x00000000008004a4                copro_ir_mode
                0x00000000008004a5                copro_rc5_count
                0x00000000008004a6                copro_current_r
                0x00000000008004a8                copro_buffer
                0x00000000008004c3                copro_target_distance
                0x00000000008004c5                copro_seq
                0x00000000008004c6                copro_speed_l
 COMMON         0x00000000008004c8        0x2 /home/defaultuser/Documents/niboLib/lib/libnibo2.a(bot.o)
                0x00000000008004c8                bot_supply
 COMMON         0x00000000008004ca        0xe /home/defaultuser/Documents/niboLib/lib/libnibo2.a(pwm.o)
                0x00000000008004ca                pwm_channel_A
                0x00000000008004cc                pwm_channel_B
                0x00000000008004ce                pwm_timer_ms
                0x00000000008004d0                pwm_channel_C
                0x00000000008004d2                pwm_timer_sub
                0x00000000008004d4                pwm_timer_sec
 COMMON         0x00000000008004d8        0x2 /home/defaultuser/Documents/niboLib/lib/libnibo2.a(adc.o)
                0x00000000008004d8                adc_random_seed
                0x00000000008004da                PROVIDE (__bss_end, .)
                0x0000000000001d5c                __data_load_start = LOADADDR (.data)
                0x0000000000001f9c                __data_load_end = (__data_load_start + SIZEOF (.data))

.noinit         0x00000000008004da        0x0
                [!provide]                        PROVIDE (__noinit_start, .)
 *(.noinit*)
                [!provide]                        PROVIDE (__noinit_end, .)
                0x00000000008004da                _end = .
                [!provide]                        PROVIDE (__heap_start, .)

.eeprom         0x0000000000810000        0x0
 *(.eeprom*)
                0x0000000000810000                __eeprom_end = .

.fuse
 *(.fuse)
 *(.lfuse)
 *(.hfuse)
 *(.efuse)

.lock
 *(.lock*)

.signature
 *(.signature*)

.user_signatures
 *(.user_signatures*)

.stab           0x0000000000000000     0x1680
 *(.stab)
 .stab          0x0000000000000000      0x8ac ./src/distance.o
 .stab          0x00000000000008ac      0x510 ./src/drive.o
                                        0x840 (size before relaxing)
 .stab          0x0000000000000dbc      0x45c ./src/main.o
                                        0x78c (size before relaxing)
 .stab          0x0000000000001218      0x468 ./src/presentation.o
                                        0x798 (size before relaxing)

.stabstr        0x0000000000000000     0x13aa
 *(.stabstr)
 .stabstr       0x0000000000000000     0x13aa ./src/distance.o

.stab.excl
 *(.stab.excl)

.stab.exclstr
 *(.stab.exclstr)

.stab.index
 *(.stab.index)

.stab.indexstr
 *(.stab.indexstr)

.comment        0x0000000000000000       0x11
 *(.comment)
 .comment       0x0000000000000000       0x11 ./src/distance.o
                                         0x12 (size before relaxing)
 .comment       0x0000000000000011       0x12 ./src/drive.o
 .comment       0x0000000000000011       0x12 ./src/main.o
 .comment       0x0000000000000011       0x12 ./src/presentation.o
 .comment       0x0000000000000011       0x12 /home/defaultuser/Documents/niboLib/lib/libnibo2.a(display.o)
 .comment       0x0000000000000011       0x12 /home/defaultuser/Documents/niboLib/lib/libnibo2.a(delay.o)
 .comment       0x0000000000000011       0x12 /home/defaultuser/Documents/niboLib/lib/libnibo2.a(spi.o)
 .comment       0x0000000000000011       0x12 /home/defaultuser/Documents/niboLib/lib/libnibo2.a(gfx.o)
 .comment       0x0000000000000011       0x12 /home/defaultuser/Documents/niboLib/lib/libnibo2.a(copro.o)
 .comment       0x0000000000000011       0x12 /home/defaultuser/Documents/niboLib/lib/libnibo2.a(bot.o)
 .comment       0x0000000000000011       0x12 /home/defaultuser/Documents/niboLib/lib/libnibo2.a(leds.o)
 .comment       0x0000000000000011       0x12 /home/defaultuser/Documents/niboLib/lib/libnibo2.a(pwm.o)
 .comment       0x0000000000000011       0x12 /home/defaultuser/Documents/niboLib/lib/libnibo2.a(adc.o)

.note.gnu.avr.deviceinfo
                0x0000000000000000       0x3c
 .note.gnu.avr.deviceinfo
                0x0000000000000000       0x3c /usr/lib/gcc/avr/5.4.0/../../../avr/lib/avr51/crtatmega128.o

.note.gnu.build-id
 *(.note.gnu.build-id)

.debug
 *(.debug)

.line
 *(.line)

.debug_srcinfo
 *(.debug_srcinfo)

.debug_sfnames
 *(.debug_sfnames)

.debug_aranges
 *(.debug_aranges)

.debug_pubnames
 *(.debug_pubnames)

.debug_info     0x0000000000000000      0x780
 *(.debug_info .gnu.linkonce.wi.*)
 .debug_info    0x0000000000000000      0x780 /usr/lib/gcc/avr/5.4.0/../../../avr/lib/avr51/crtatmega128.o

.debug_abbrev   0x0000000000000000      0x718
 *(.debug_abbrev)
 .debug_abbrev  0x0000000000000000      0x718 /usr/lib/gcc/avr/5.4.0/../../../avr/lib/avr51/crtatmega128.o

.debug_line     0x0000000000000000       0x1a
 *(.debug_line .debug_line.* .debug_line_end)
 .debug_line    0x0000000000000000       0x1a /usr/lib/gcc/avr/5.4.0/../../../avr/lib/avr51/crtatmega128.o

.debug_frame
 *(.debug_frame)

.debug_str      0x0000000000000000      0x27d
 *(.debug_str)
 .debug_str     0x0000000000000000      0x27d /usr/lib/gcc/avr/5.4.0/../../../avr/lib/avr51/crtatmega128.o

.debug_loc
 *(.debug_loc)

.debug_macinfo
 *(.debug_macinfo)

.debug_weaknames
 *(.debug_weaknames)

.debug_funcnames
 *(.debug_funcnames)

.debug_typenames
 *(.debug_typenames)

.debug_varnames
 *(.debug_varnames)

.debug_pubtypes
 *(.debug_pubtypes)

.debug_ranges
 *(.debug_ranges)

.debug_macro
 *(.debug_macro)
OUTPUT(HindernisseUmgehen3.elf elf32-avr)
LOAD linker stubs
