Archive member included to satisfy reference by file (symbol)

/home/defaultuser/Documents/niboLib/lib/libnds3.a(i2cmaster.o)
                              ./src/main.o (i2c_init)
/home/defaultuser/Documents/niboLib/lib/libnds3.a(nds3.o)
                              ./src/distance.o (nds3_get_dist)
/home/defaultuser/Documents/niboLib/lib/libnibo2.a(display.o)
                              ./src/main.o (display_init)
/home/defaultuser/Documents/niboLib/lib/libnibo2.a(delay.o)
                              ./src/distance.o (delay)
/home/defaultuser/Documents/niboLib/lib/libnibo2.a(spi.o)
                              ./src/main.o (spi_init)
/home/defaultuser/Documents/niboLib/lib/libnibo2.a(gfx.o)
                              ./src/distance.o (gfx_move)
/home/defaultuser/Documents/niboLib/lib/libnibo2.a(copro.o)
                              /home/defaultuser/Documents/niboLib/lib/libnibo2.a(spi.o) (spi_finished_callback)
/home/defaultuser/Documents/niboLib/lib/libnibo2.a(bot.o)
                              ./src/main.o (bot_init)
/home/defaultuser/Documents/niboLib/lib/libnibo2.a(leds.o)
                              ./src/main.o (leds_init)
/home/defaultuser/Documents/niboLib/lib/libnibo2.a(pwm.o)
                              /home/defaultuser/Documents/niboLib/lib/libnibo2.a(leds.o) (pwm_channel_A)
/home/defaultuser/Documents/niboLib/lib/libnibo2.a(adc.o)
                              /home/defaultuser/Documents/niboLib/lib/libnibo2.a(bot.o) (adc_read)
/usr/lib/gcc/avr/5.4.0/avr51/libgcc.a(_exit.o)
                              /usr/lib/gcc/avr/5.4.0/../../../avr/lib/avr51/crtatmega128.o (exit)
/usr/lib/gcc/avr/5.4.0/avr51/libgcc.a(_copy_data.o)
                              ./src/distance.o (__do_copy_data)
/usr/lib/gcc/avr/5.4.0/avr51/libgcc.a(_clear_bss.o)
                              ./src/distance.o (__do_clear_bss)
/usr/lib/gcc/avr/5.4.0/../../../avr/lib/avr51/libc.a(sprintf.o)
                              ./src/distance.o (sprintf)
/usr/lib/gcc/avr/5.4.0/../../../avr/lib/avr51/libc.a(vfprintf_std.o)
                              /usr/lib/gcc/avr/5.4.0/../../../avr/lib/avr51/libc.a(sprintf.o) (vfprintf)
/usr/lib/gcc/avr/5.4.0/../../../avr/lib/avr51/libc.a(strnlen_P.o)
                              /usr/lib/gcc/avr/5.4.0/../../../avr/lib/avr51/libc.a(vfprintf_std.o) (strnlen_P)
/usr/lib/gcc/avr/5.4.0/../../../avr/lib/avr51/libc.a(strnlen.o)
                              /usr/lib/gcc/avr/5.4.0/../../../avr/lib/avr51/libc.a(vfprintf_std.o) (strnlen)
/usr/lib/gcc/avr/5.4.0/../../../avr/lib/avr51/libc.a(fputc.o)
                              /usr/lib/gcc/avr/5.4.0/../../../avr/lib/avr51/libc.a(vfprintf_std.o) (fputc)
/usr/lib/gcc/avr/5.4.0/../../../avr/lib/avr51/libc.a(ultoa_invert.o)
                              /usr/lib/gcc/avr/5.4.0/../../../avr/lib/avr51/libc.a(vfprintf_std.o) (__ultoa_invert)

Allocating common symbols
Common symbol       size              file

copro_ticks_offset_r
                    0x2               /home/defaultuser/Documents/niboLib/lib/libnibo2.a(copro.o)
nds3_distcalib_alpha
                    0x2               ./src/distance.o
copro_ticks_offset_l
                    0x2               /home/defaultuser/Documents/niboLib/lib/libnibo2.a(copro.o)
nds3_servocalib_mid
                    0x2               ./src/distance.o
copro_current_l     0x2               /home/defaultuser/Documents/niboLib/lib/libnibo2.a(copro.o)
nds3_pin            0x1               ./src/distance.o
gfx_dm              0x1               /home/defaultuser/Documents/niboLib/lib/libnibo2.a(gfx.o)
adc_random_seed     0x2               /home/defaultuser/Documents/niboLib/lib/libnibo2.a(adc.o)
spi_tx_buf          0x1b              /home/defaultuser/Documents/niboLib/lib/libnibo2.a(spi.o)
copro_commands      0x15              /home/defaultuser/Documents/niboLib/lib/libnibo2.a(copro.o)
spi_rx_size         0x1               /home/defaultuser/Documents/niboLib/lib/libnibo2.a(spi.o)
copro_ticks_l       0x2               /home/defaultuser/Documents/niboLib/lib/libnibo2.a(copro.o)
i2c_buf             0x14              /home/defaultuser/Documents/niboLib/lib/libnds3.a(i2cmaster.o)
copro_rc5_cmd       0x2               /home/defaultuser/Documents/niboLib/lib/libnibo2.a(copro.o)
pwm_channel_A       0x2               /home/defaultuser/Documents/niboLib/lib/libnibo2.a(pwm.o)
copro_distance      0xa               /home/defaultuser/Documents/niboLib/lib/libnibo2.a(copro.o)
spi_err_cnt         0x1               /home/defaultuser/Documents/niboLib/lib/libnibo2.a(spi.o)
nds3_ddr            0x1               ./src/distance.o
i2c_state           0x1               /home/defaultuser/Documents/niboLib/lib/libnds3.a(i2cmaster.o)
copro_pos_x         0x4               /home/defaultuser/Documents/niboLib/lib/libnibo2.a(copro.o)
copro_pos_ori       0x4               /home/defaultuser/Documents/niboLib/lib/libnibo2.a(copro.o)
copro_speed_r       0x2               /home/defaultuser/Documents/niboLib/lib/libnibo2.a(copro.o)
pwm_channel_B       0x2               /home/defaultuser/Documents/niboLib/lib/libnibo2.a(pwm.o)
pwm_timer_ms        0x2               /home/defaultuser/Documents/niboLib/lib/libnibo2.a(pwm.o)
spi_tx_size         0x1               /home/defaultuser/Documents/niboLib/lib/libnibo2.a(spi.o)
gfx_term_row        0x1               /home/defaultuser/Documents/niboLib/lib/libnibo2.a(gfx.o)
gfx_proportional    0x1               /home/defaultuser/Documents/niboLib/lib/libnibo2.a(gfx.o)
copro_ticks_r       0x2               /home/defaultuser/Documents/niboLib/lib/libnibo2.a(copro.o)
copro_pos_y         0x4               /home/defaultuser/Documents/niboLib/lib/libnibo2.a(copro.o)
bot_supply          0x2               /home/defaultuser/Documents/niboLib/lib/libnibo2.a(bot.o)
spi_frame_cnt       0x1               /home/defaultuser/Documents/niboLib/lib/libnibo2.a(spi.o)
i2c_size            0x1               /home/defaultuser/Documents/niboLib/lib/libnds3.a(i2cmaster.o)
copro_ir_mode       0x1               /home/defaultuser/Documents/niboLib/lib/libnibo2.a(copro.o)
spi_size            0x1               /home/defaultuser/Documents/niboLib/lib/libnibo2.a(spi.o)
copro_rc5_count     0x1               /home/defaultuser/Documents/niboLib/lib/libnibo2.a(copro.o)
nds3_distances      0xb5              /home/defaultuser/Documents/niboLib/lib/libnds3.a(nds3.o)
display_type        0x1               /home/defaultuser/Documents/niboLib/lib/libnibo2.a(display.o)
nds3_port           0x1               ./src/distance.o
gfx_x               0x1               /home/defaultuser/Documents/niboLib/lib/libnibo2.a(gfx.o)
copro_current_r     0x2               /home/defaultuser/Documents/niboLib/lib/libnibo2.a(copro.o)
copro_buffer        0x1b              /home/defaultuser/Documents/niboLib/lib/libnibo2.a(copro.o)
i2c_last_TWSR       0x1               /home/defaultuser/Documents/niboLib/lib/libnds3.a(i2cmaster.o)
i2c_tx_size         0x1               /home/defaultuser/Documents/niboLib/lib/libnds3.a(i2cmaster.o)
spi_rx_buf          0x1b              /home/defaultuser/Documents/niboLib/lib/libnibo2.a(spi.o)
i2c_pos             0x1               /home/defaultuser/Documents/niboLib/lib/libnds3.a(i2cmaster.o)
gfx_tile            0x8               /home/defaultuser/Documents/niboLib/lib/libnibo2.a(gfx.o)
pwm_channel_C       0x2               /home/defaultuser/Documents/niboLib/lib/libnibo2.a(pwm.o)
nds3_servocalib_lo  0x2               ./src/distance.o
spi_tx_chk          0x1               /home/defaultuser/Documents/niboLib/lib/libnibo2.a(spi.o)
pwm_timer_sub       0x2               /home/defaultuser/Documents/niboLib/lib/libnibo2.a(pwm.o)
pwm_timer_sec       0x4               /home/defaultuser/Documents/niboLib/lib/libnibo2.a(pwm.o)
spi_pos             0x1               /home/defaultuser/Documents/niboLib/lib/libnibo2.a(spi.o)
gfx_y               0x1               /home/defaultuser/Documents/niboLib/lib/libnibo2.a(gfx.o)
copro_target_distance
                    0x2               /home/defaultuser/Documents/niboLib/lib/libnibo2.a(copro.o)
nds3_distcalib_v0   0x2               ./src/distance.o
spi_rx_chk          0x1               /home/defaultuser/Documents/niboLib/lib/libnibo2.a(spi.o)
i2c_rx_size         0x1               /home/defaultuser/Documents/niboLib/lib/libnds3.a(i2cmaster.o)
gfx_term_col        0x1               /home/defaultuser/Documents/niboLib/lib/libnibo2.a(gfx.o)
copro_seq           0x1               /home/defaultuser/Documents/niboLib/lib/libnibo2.a(copro.o)
copro_speed_l       0x2               /home/defaultuser/Documents/niboLib/lib/libnibo2.a(copro.o)
nds3_distcalib_d0   0x2               ./src/distance.o
nds3_servocalib_hi  0x2               ./src/distance.o

Memory Configuration

Name             Origin             Length             Attributes
text             0x0000000000000000 0x0000000000020000 xr
data             0x0000000000800100 0x000000000000ff00 rw !x
eeprom           0x0000000000810000 0x0000000000010000 rw !x
fuse             0x0000000000820000 0x0000000000000003 rw !x
lock             0x0000000000830000 0x0000000000000400 rw !x
signature        0x0000000000840000 0x0000000000000400 rw !x
user_signatures  0x0000000000850000 0x0000000000000400 rw !x
*default*        0x0000000000000000 0xffffffffffffffff

Linker script and memory map

Address of section .data set to 0x800100
LOAD /usr/lib/gcc/avr/5.4.0/../../../avr/lib/avr51/crtatmega128.o
LOAD ./src/distance.o
LOAD ./src/drive.o
LOAD ./src/main.o
LOAD ./src/presentation.o
LOAD /home/defaultuser/Documents/niboLib/lib/libnds3.a
LOAD /home/defaultuser/Documents/niboLib/lib/libnibo2.a
LOAD /usr/lib/gcc/avr/5.4.0/../../../avr/lib/avr51/libprintf_flt.a
LOAD /usr/lib/gcc/avr/5.4.0/../../../avr/lib/avr51/libm.a
LOAD /home/defaultuser/Documents/niboLib/lib/libuart-0.a
START GROUP
LOAD /usr/lib/gcc/avr/5.4.0/avr51/libgcc.a
LOAD /usr/lib/gcc/avr/5.4.0/../../../avr/lib/avr51/libm.a
LOAD /usr/lib/gcc/avr/5.4.0/../../../avr/lib/avr51/libc.a
LOAD /usr/lib/gcc/avr/5.4.0/../../../avr/lib/avr51/libatmega128.a
END GROUP
                0x0000000000020000                __TEXT_REGION_LENGTH__ = DEFINED (__TEXT_REGION_LENGTH__)?__TEXT_REGION_LENGTH__:0x20000
                0x000000000000ff00                __DATA_REGION_LENGTH__ = DEFINED (__DATA_REGION_LENGTH__)?__DATA_REGION_LENGTH__:0xff00
                0x0000000000010000                __EEPROM_REGION_LENGTH__ = DEFINED (__EEPROM_REGION_LENGTH__)?__EEPROM_REGION_LENGTH__:0x10000
                [0x0000000000000003]                __FUSE_REGION_LENGTH__ = DEFINED (__FUSE_REGION_LENGTH__)?__FUSE_REGION_LENGTH__:0x400
                0x0000000000000400                __LOCK_REGION_LENGTH__ = DEFINED (__LOCK_REGION_LENGTH__)?__LOCK_REGION_LENGTH__:0x400
                0x0000000000000400                __SIGNATURE_REGION_LENGTH__ = DEFINED (__SIGNATURE_REGION_LENGTH__)?__SIGNATURE_REGION_LENGTH__:0x400
                0x0000000000000400                __USER_SIGNATURE_REGION_LENGTH__ = DEFINED (__USER_SIGNATURE_REGION_LENGTH__)?__USER_SIGNATURE_REGION_LENGTH__:0x400

.hash
 *(.hash)

.dynsym
 *(.dynsym)

.dynstr
 *(.dynstr)

.gnu.version
 *(.gnu.version)

.gnu.version_d
 *(.gnu.version_d)

.gnu.version_r
 *(.gnu.version_r)

.rel.init
 *(.rel.init)

.rela.init
 *(.rela.init)

.rel.text
 *(.rel.text)
 *(.rel.text.*)
 *(.rel.gnu.linkonce.t*)

.rela.text
 *(.rela.text)
 *(.rela.text.*)
 *(.rela.gnu.linkonce.t*)

.rel.fini
 *(.rel.fini)

.rela.fini
 *(.rela.fini)

.rel.rodata
 *(.rel.rodata)
 *(.rel.rodata.*)
 *(.rel.gnu.linkonce.r*)

.rela.rodata
 *(.rela.rodata)
 *(.rela.rodata.*)
 *(.rela.gnu.linkonce.r*)

.rel.data
 *(.rel.data)
 *(.rel.data.*)
 *(.rel.gnu.linkonce.d*)

.rela.data
 *(.rela.data)
 *(.rela.data.*)
 *(.rela.gnu.linkonce.d*)

.rel.ctors
 *(.rel.ctors)

.rela.ctors
 *(.rela.ctors)

.rel.dtors
 *(.rel.dtors)

.rela.dtors
 *(.rela.dtors)

.rel.got
 *(.rel.got)

.rela.got
 *(.rela.got)

.rel.bss
 *(.rel.bss)

.rela.bss
 *(.rela.bss)

.rel.plt
 *(.rel.plt)

.rela.plt
 *(.rela.plt)

.text           0x0000000000000000     0x24a2
 *(.vectors)
 .vectors       0x0000000000000000       0x8c /usr/lib/gcc/avr/5.4.0/../../../avr/lib/avr51/crtatmega128.o
                0x0000000000000000                __vectors
                0x0000000000000000                __vector_default
 *(.vectors)
 *(.progmem.gcc*)
                0x000000000000008c                . = ALIGN (0x2)
                0x000000000000008c                __trampolines_start = .
 *(.trampolines)
 .trampolines   0x000000000000008c        0x0 linker stubs
 *(.trampolines*)
                0x000000000000008c                __trampolines_end = .
 *libprintf_flt.a:*(.progmem.data)
 *libc.a:*(.progmem.data)
 *(.progmem*)
 .progmem.data  0x000000000000008c        0x6 /home/defaultuser/Documents/niboLib/lib/libnibo2.a(bot.o)
                0x000000000000008c                bot_lib_version
                0x0000000000000091                bot_lib_revision
                0x0000000000000092                . = ALIGN (0x2)
 *(.jumptables)
 *(.jumptables*)
 *(.lowtext)
 *(.lowtext*)
                0x0000000000000092                __ctors_start = .
 *(.ctors)
                0x0000000000000092                __ctors_end = .
                0x0000000000000092                __dtors_start = .
 *(.dtors)
                0x0000000000000092                __dtors_end = .
 SORT(*)(.ctors)
 SORT(*)(.dtors)
 *(.init0)
 .init0         0x0000000000000092        0x0 /usr/lib/gcc/avr/5.4.0/../../../avr/lib/avr51/crtatmega128.o
                0x0000000000000092                __init
 *(.init0)
 *(.init1)
 *(.init1)
 *(.init2)
 .init2         0x0000000000000092        0xc /usr/lib/gcc/avr/5.4.0/../../../avr/lib/avr51/crtatmega128.o
 *(.init2)
 *(.init3)
 *(.init3)
 *(.init4)
 .init4         0x000000000000009e       0x1a /usr/lib/gcc/avr/5.4.0/avr51/libgcc.a(_copy_data.o)
                0x000000000000009e                __do_copy_data
 .init4         0x00000000000000b8       0x10 /usr/lib/gcc/avr/5.4.0/avr51/libgcc.a(_clear_bss.o)
                0x00000000000000b8                __do_clear_bss
 *(.init4)
 *(.init5)
 *(.init5)
 *(.init6)
 *(.init6)
 *(.init7)
 *(.init7)
 *(.init8)
 *(.init8)
 *(.init9)
 .init9         0x00000000000000c8        0x8 /usr/lib/gcc/avr/5.4.0/../../../avr/lib/avr51/crtatmega128.o
 *(.init9)
 *(.text)
 .text          0x00000000000000d0        0x4 /usr/lib/gcc/avr/5.4.0/../../../avr/lib/avr51/crtatmega128.o
                0x00000000000000d0                __vector_22
                0x00000000000000d0                __vector_28
                0x00000000000000d0                __vector_1
                0x00000000000000d0                __vector_32
                0x00000000000000d0                __vector_34
                0x00000000000000d0                __vector_24
                0x00000000000000d0                __vector_12
                0x00000000000000d0                __bad_interrupt
                0x00000000000000d0                __vector_6
                0x00000000000000d0                __vector_31
                0x00000000000000d0                __vector_3
                0x00000000000000d0                __vector_23
                0x00000000000000d0                __vector_30
                0x00000000000000d0                __vector_25
                0x00000000000000d0                __vector_11
                0x00000000000000d0                __vector_13
                0x00000000000000d0                __vector_19
                0x00000000000000d0                __vector_7
                0x00000000000000d0                __vector_27
                0x00000000000000d0                __vector_5
                0x00000000000000d0                __vector_4
                0x00000000000000d0                __vector_9
                0x00000000000000d0                __vector_2
                0x00000000000000d0                __vector_21
                0x00000000000000d0                __vector_15
                0x00000000000000d0                __vector_29
                0x00000000000000d0                __vector_8
                0x00000000000000d0                __vector_26
                0x00000000000000d0                __vector_10
                0x00000000000000d0                __vector_16
                0x00000000000000d0                __vector_18
                0x00000000000000d0                __vector_20
 .text          0x00000000000000d4        0x0 ./src/distance.o
 .text          0x00000000000000d4        0x0 ./src/drive.o
 .text          0x00000000000000d4        0x0 ./src/main.o
 .text          0x00000000000000d4        0x0 ./src/presentation.o
 .text          0x00000000000000d4        0x0 /home/defaultuser/Documents/niboLib/lib/libnds3.a(i2cmaster.o)
 .text          0x00000000000000d4        0x0 /home/defaultuser/Documents/niboLib/lib/libnds3.a(nds3.o)
 .text          0x00000000000000d4        0x0 /home/defaultuser/Documents/niboLib/lib/libnibo2.a(display.o)
 .text          0x00000000000000d4        0x0 /home/defaultuser/Documents/niboLib/lib/libnibo2.a(delay.o)
 .text          0x00000000000000d4        0x0 /home/defaultuser/Documents/niboLib/lib/libnibo2.a(spi.o)
 .text          0x00000000000000d4        0x0 /home/defaultuser/Documents/niboLib/lib/libnibo2.a(gfx.o)
 .text          0x00000000000000d4        0x0 /home/defaultuser/Documents/niboLib/lib/libnibo2.a(copro.o)
 .text          0x00000000000000d4        0x0 /home/defaultuser/Documents/niboLib/lib/libnibo2.a(bot.o)
 .text          0x00000000000000d4        0x0 /home/defaultuser/Documents/niboLib/lib/libnibo2.a(leds.o)
 .text          0x00000000000000d4        0x0 /home/defaultuser/Documents/niboLib/lib/libnibo2.a(pwm.o)
 .text          0x00000000000000d4        0x0 /home/defaultuser/Documents/niboLib/lib/libnibo2.a(adc.o)
 .text          0x00000000000000d4        0x0 /usr/lib/gcc/avr/5.4.0/avr51/libgcc.a(_exit.o)
 .text          0x00000000000000d4        0x0 /usr/lib/gcc/avr/5.4.0/avr51/libgcc.a(_copy_data.o)
 .text          0x00000000000000d4        0x0 /usr/lib/gcc/avr/5.4.0/avr51/libgcc.a(_clear_bss.o)
 .text          0x00000000000000d4        0x0 /usr/lib/gcc/avr/5.4.0/../../../avr/lib/avr51/libc.a(sprintf.o)
 .text          0x00000000000000d4        0x0 /usr/lib/gcc/avr/5.4.0/../../../avr/lib/avr51/libc.a(vfprintf_std.o)
 .text          0x00000000000000d4        0x0 /usr/lib/gcc/avr/5.4.0/../../../avr/lib/avr51/libc.a(strnlen_P.o)
 .text          0x00000000000000d4        0x0 /usr/lib/gcc/avr/5.4.0/../../../avr/lib/avr51/libc.a(strnlen.o)
 .text          0x00000000000000d4        0x0 /usr/lib/gcc/avr/5.4.0/../../../avr/lib/avr51/libc.a(fputc.o)
 .text          0x00000000000000d4        0x0 /usr/lib/gcc/avr/5.4.0/../../../avr/lib/avr51/libc.a(ultoa_invert.o)
                0x00000000000000d4                . = ALIGN (0x2)
 *(.text.*)
 .text.findDirection
                0x00000000000000d4      0x2e0 ./src/distance.o
                0x00000000000000d4                findDirection
 .text.drive    0x00000000000003b4       0x1c ./src/drive.o
                0x00000000000003b4                drive
 .text.turnLeft
                0x00000000000003d0       0x2c ./src/drive.o
                0x00000000000003d0                turnLeft
 .text.turnHalfLeft
                0x00000000000003fc       0x2c ./src/drive.o
                0x00000000000003fc                turnHalfLeft
 .text.turnRight
                0x0000000000000428       0x2c ./src/drive.o
                0x0000000000000428                turnRight
 .text.turnHalfRight
                0x0000000000000454       0x2c ./src/drive.o
                0x0000000000000454                turnHalfRight
 .text.goBack   0x0000000000000480       0x28 ./src/drive.o
                0x0000000000000480                goBack
 .text.main     0x00000000000004a8       0x3a ./src/main.o
                0x00000000000004a8                main
 .text.LEDShow  0x00000000000004e2       0x70 ./src/presentation.o
                0x00000000000004e2                LEDShow
 .text.i2c_start_transmission
                0x0000000000000552       0x4e /home/defaultuser/Documents/niboLib/lib/libnds3.a(i2cmaster.o)
                0x0000000000000552                i2c_start_transmission
 .text.i2c_wait_transmission
                0x00000000000005a0       0x4c /home/defaultuser/Documents/niboLib/lib/libnds3.a(i2cmaster.o)
                0x00000000000005a0                i2c_wait_transmission
 .text.i2c_status
                0x00000000000005ec        0x6 /home/defaultuser/Documents/niboLib/lib/libnds3.a(i2cmaster.o)
                0x00000000000005ec                i2c_status
 .text.i2c_init
                0x00000000000005f2       0x1e /home/defaultuser/Documents/niboLib/lib/libnds3.a(i2cmaster.o)
                0x00000000000005f2                i2c_init
 .text.__vector_33
                0x0000000000000610      0x14c /home/defaultuser/Documents/niboLib/lib/libnds3.a(i2cmaster.o)
                0x0000000000000610                __vector_33
 .text.nds3_init
                0x000000000000075c        0x2 /home/defaultuser/Documents/niboLib/lib/libnds3.a(nds3.o)
                0x000000000000075c                nds3_init
 .text.nds3_transaction
                0x000000000000075e       0x12 /home/defaultuser/Documents/niboLib/lib/libnds3.a(nds3.o)
 .text.nds3_distcalib_commit
                0x0000000000000770       0x46 /home/defaultuser/Documents/niboLib/lib/libnds3.a(nds3.o)
                0x0000000000000770                nds3_distcalib_commit
 .text.nds3_distcalib_update
                0x00000000000007b6       0x58 /home/defaultuser/Documents/niboLib/lib/libnds3.a(nds3.o)
                0x00000000000007b6                nds3_distcalib_update
 .text.nds3_servocalib_commit
                0x000000000000080e       0x46 /home/defaultuser/Documents/niboLib/lib/libnds3.a(nds3.o)
                0x000000000000080e                nds3_servocalib_commit
 .text.nds3_servocalib_update
                0x0000000000000854       0x58 /home/defaultuser/Documents/niboLib/lib/libnds3.a(nds3.o)
                0x0000000000000854                nds3_servocalib_update
 .text.nds3_move_servo
                0x00000000000008ac       0x1e /home/defaultuser/Documents/niboLib/lib/libnds3.a(nds3.o)
                0x00000000000008ac                nds3_move_servo
 .text.nds3_get_analog
                0x00000000000008ca       0x2a /home/defaultuser/Documents/niboLib/lib/libnds3.a(nds3.o)
                0x00000000000008ca                nds3_get_analog
 .text.nds3_pin_update
                0x00000000000008f4       0x1e /home/defaultuser/Documents/niboLib/lib/libnds3.a(nds3.o)
                0x00000000000008f4                nds3_pin_update
 .text.nds3_port_commit
                0x0000000000000912       0x1e /home/defaultuser/Documents/niboLib/lib/libnds3.a(nds3.o)
                0x0000000000000912                nds3_port_commit
 .text.nds3_ddr_commit
                0x0000000000000930       0x1e /home/defaultuser/Documents/niboLib/lib/libnds3.a(nds3.o)
                0x0000000000000930                nds3_ddr_commit
 .text.nds3_get_busy
                0x000000000000094e       0x1a /home/defaultuser/Documents/niboLib/lib/libnds3.a(nds3.o)
                0x000000000000094e                nds3_get_busy
 .text.nds3_get_dist
                0x0000000000000968       0x1a /home/defaultuser/Documents/niboLib/lib/libnds3.a(nds3.o)
                0x0000000000000968                nds3_get_dist
 .text.nds3_get_pos
                0x0000000000000982       0x1a /home/defaultuser/Documents/niboLib/lib/libnds3.a(nds3.o)
                0x0000000000000982                nds3_get_pos
 .text.nds3_read
                0x000000000000099c       0x4a /home/defaultuser/Documents/niboLib/lib/libnds3.a(nds3.o)
                0x000000000000099c                nds3_read
 .text.nds3_measure
                0x00000000000009e6       0x1e /home/defaultuser/Documents/niboLib/lib/libnds3.a(nds3.o)
                0x00000000000009e6                nds3_measure
 .text.nds3_move
                0x0000000000000a04       0x1a /home/defaultuser/Documents/niboLib/lib/libnds3.a(nds3.o)
                0x0000000000000a04                nds3_move
 .text.nds3_reset
                0x0000000000000a1e       0x14 /home/defaultuser/Documents/niboLib/lib/libnds3.a(nds3.o)
                0x0000000000000a1e                nds3_reset
 .text.display_write
                0x0000000000000a32       0x84 /home/defaultuser/Documents/niboLib/lib/libnibo2.a(display.o)
                0x0000000000000a32                display_write
 .text.display_read
                0x0000000000000ab6       0x7e /home/defaultuser/Documents/niboLib/lib/libnibo2.a(display.o)
                0x0000000000000ab6                display_read
 .text.display_wait
                0x0000000000000b34       0x3c /home/defaultuser/Documents/niboLib/lib/libnibo2.a(display.o)
                0x0000000000000b34                display_wait
 .text.display_init
                0x0000000000000b70       0xc4 /home/defaultuser/Documents/niboLib/lib/libnibo2.a(display.o)
                0x0000000000000b70                display_init
 .text.delay    0x0000000000000c34       0x16 /home/defaultuser/Documents/niboLib/lib/libnibo2.a(delay.o)
                0x0000000000000c34                delay
 .text.spi_tx   0x0000000000000c4a        0xe /home/defaultuser/Documents/niboLib/lib/libnibo2.a(spi.o)
 .text.spi_restart_transmission
                0x0000000000000c58       0x36 /home/defaultuser/Documents/niboLib/lib/libnibo2.a(spi.o)
                0x0000000000000c58                spi_restart_transmission
 .text.spi_init
                0x0000000000000c8e        0xe /home/defaultuser/Documents/niboLib/lib/libnibo2.a(spi.o)
                0x0000000000000c8e                spi_init
 .text.__vector_17
                0x0000000000000c9c      0x11a /home/defaultuser/Documents/niboLib/lib/libnibo2.a(spi.o)
                0x0000000000000c9c                __vector_17
 .text.gfx_store_disp_tile
                0x0000000000000db6       0x94 /home/defaultuser/Documents/niboLib/lib/libnibo2.a(gfx.o)
 .text.gfx_get_x
                0x0000000000000e4a        0x6 /home/defaultuser/Documents/niboLib/lib/libnibo2.a(gfx.o)
                0x0000000000000e4a                gfx_get_x
 .text.gfx_get_y
                0x0000000000000e50        0x6 /home/defaultuser/Documents/niboLib/lib/libnibo2.a(gfx.o)
                0x0000000000000e50                gfx_get_y
 .text.gfx_draw_mode
                0x0000000000000e56        0x6 /home/defaultuser/Documents/niboLib/lib/libnibo2.a(gfx.o)
                0x0000000000000e56                gfx_draw_mode
 .text.gfx_move
                0x0000000000000e5c       0x64 /home/defaultuser/Documents/niboLib/lib/libnibo2.a(gfx.o)
                0x0000000000000e5c                gfx_move
 .text.gfx_fill
                0x0000000000000ec0       0x70 /home/defaultuser/Documents/niboLib/lib/libnibo2.a(gfx.o)
                0x0000000000000ec0                gfx_fill
 .text.gfx_display_write2
                0x0000000000000f30       0x8c /home/defaultuser/Documents/niboLib/lib/libnibo2.a(gfx.o)
                0x0000000000000f30                gfx_display_write2
 .text.gfx_char_width
                0x0000000000000fbc       0x34 /home/defaultuser/Documents/niboLib/lib/libnibo2.a(gfx.o)
                0x0000000000000fbc                gfx_char_width
 .text.gfx_print_char_base
                0x0000000000000ff0       0xf2 /home/defaultuser/Documents/niboLib/lib/libnibo2.a(gfx.o)
                0x0000000000000ff0                gfx_print_char_base
 .text.gfx_print_char
                0x00000000000010e2       0x4e /home/defaultuser/Documents/niboLib/lib/libnibo2.a(gfx.o)
                0x00000000000010e2                gfx_print_char
 .text.gfx_print_text
                0x0000000000001130       0x18 /home/defaultuser/Documents/niboLib/lib/libnibo2.a(gfx.o)
                0x0000000000001130                gfx_print_text
 .text.gfx_text_width
                0x0000000000001148       0x2a /home/defaultuser/Documents/niboLib/lib/libnibo2.a(gfx.o)
                0x0000000000001148                gfx_text_width
 .text.gfx_print_text_P
                0x0000000000001172       0x22 /home/defaultuser/Documents/niboLib/lib/libnibo2.a(gfx.o)
                0x0000000000001172                gfx_print_text_P
 .text.gfx_text_width_P
                0x0000000000001194       0x32 /home/defaultuser/Documents/niboLib/lib/libnibo2.a(gfx.o)
                0x0000000000001194                gfx_text_width_P
 .text.gfx_init
                0x00000000000011c6       0x7e /home/defaultuser/Documents/niboLib/lib/libnibo2.a(gfx.o)
                0x00000000000011c6                gfx_init
 .text.gfx_set_proportional
                0x0000000000001244        0x6 /home/defaultuser/Documents/niboLib/lib/libnibo2.a(gfx.o)
                0x0000000000001244                gfx_set_proportional
 .text.gfx_get_proportional
                0x000000000000124a        0x6 /home/defaultuser/Documents/niboLib/lib/libnibo2.a(gfx.o)
                0x000000000000124a                gfx_get_proportional
 .text.gfx_hline
                0x0000000000001250       0x2c /home/defaultuser/Documents/niboLib/lib/libnibo2.a(gfx.o)
                0x0000000000001250                gfx_hline
 .text.gfx_box  0x000000000000127c       0x9a /home/defaultuser/Documents/niboLib/lib/libnibo2.a(gfx.o)
                0x000000000000127c                gfx_box
 .text.gfx_vline
                0x0000000000001316        0x8 /home/defaultuser/Documents/niboLib/lib/libnibo2.a(gfx.o)
                0x0000000000001316                gfx_vline
 .text.gfx_draw_xbm
                0x000000000000131e      0x14a /home/defaultuser/Documents/niboLib/lib/libnibo2.a(gfx.o)
                0x000000000000131e                gfx_draw_xbm
 .text.gfx_draw_xbm_P
                0x0000000000001468      0x146 /home/defaultuser/Documents/niboLib/lib/libnibo2.a(gfx.o)
                0x0000000000001468                gfx_draw_xbm_P
 .text.gfx_pixel
                0x00000000000015ae       0x22 /home/defaultuser/Documents/niboLib/lib/libnibo2.a(gfx.o)
                0x00000000000015ae                gfx_pixel
 .text.gfx_lineTo
                0x00000000000015d0      0x10e /home/defaultuser/Documents/niboLib/lib/libnibo2.a(gfx.o)
                0x00000000000015d0                gfx_lineTo
 .text.gfx_term_clear
                0x00000000000016de       0x10 /home/defaultuser/Documents/niboLib/lib/libnibo2.a(gfx.o)
                0x00000000000016de                gfx_term_clear
 .text.gfx_term_goto
                0x00000000000016ee       0x12 /home/defaultuser/Documents/niboLib/lib/libnibo2.a(gfx.o)
                0x00000000000016ee                gfx_term_goto
 .text.gfx_term_scroll
                0x0000000000001700      0x100 /home/defaultuser/Documents/niboLib/lib/libnibo2.a(gfx.o)
                0x0000000000001700                gfx_term_scroll
 .text.gfx_term_print
                0x0000000000001800       0x8c /home/defaultuser/Documents/niboLib/lib/libnibo2.a(gfx.o)
                0x0000000000001800                gfx_term_print
 .text.wait_copro
                0x000000000000188c       0x28 /home/defaultuser/Documents/niboLib/lib/libnibo2.a(copro.o)
 .text.spi_finished_callback
                0x00000000000018b4       0xa8 /home/defaultuser/Documents/niboLib/lib/libnibo2.a(copro.o)
                0x00000000000018b4                spi_finished_callback
 .text._copro_check_busy
                0x000000000000195c       0x1a /home/defaultuser/Documents/niboLib/lib/libnibo2.a(copro.o)
                0x000000000000195c                _copro_check_busy
 .text.copro_update
                0x0000000000001976      0x154 /home/defaultuser/Documents/niboLib/lib/libnibo2.a(copro.o)
                0x0000000000001976                copro_update
 .text.copro_stop
                0x0000000000001aca        0xc /home/defaultuser/Documents/niboLib/lib/libnibo2.a(copro.o)
                0x0000000000001aca                copro_stop
 .text.copro_stopImmediate
                0x0000000000001ad6        0xe /home/defaultuser/Documents/niboLib/lib/libnibo2.a(copro.o)
                0x0000000000001ad6                copro_stopImmediate
 .text.copro_setPWM
                0x0000000000001ae4       0x18 /home/defaultuser/Documents/niboLib/lib/libnibo2.a(copro.o)
                0x0000000000001ae4                copro_setPWM
 .text.copro_setSpeed
                0x0000000000001afc       0x18 /home/defaultuser/Documents/niboLib/lib/libnibo2.a(copro.o)
                0x0000000000001afc                copro_setSpeed
 .text.copro_setTargetAbs
                0x0000000000001b14       0x34 /home/defaultuser/Documents/niboLib/lib/libnibo2.a(copro.o)
                0x0000000000001b14                copro_setTargetAbs
 .text.copro_setTargetRel
                0x0000000000001b48       0x1c /home/defaultuser/Documents/niboLib/lib/libnibo2.a(copro.o)
                0x0000000000001b48                copro_setTargetRel
 .text.copro_setSpeedParameters
                0x0000000000001b64       0x2e /home/defaultuser/Documents/niboLib/lib/libnibo2.a(copro.o)
                0x0000000000001b64                copro_setSpeedParameters
 .text.copro_setPositionParameters
                0x0000000000001b92        0x4 /home/defaultuser/Documents/niboLib/lib/libnibo2.a(copro.o)
                0x0000000000001b92                copro_setPositionParameters
 .text.copro_resetOdometry
                0x0000000000001b96       0x54 /home/defaultuser/Documents/niboLib/lib/libnibo2.a(copro.o)
                0x0000000000001b96                copro_resetOdometry
 .text.copro_ir_stop
                0x0000000000001bea       0x14 /home/defaultuser/Documents/niboLib/lib/libnibo2.a(copro.o)
                0x0000000000001bea                copro_ir_stop
 .text.copro_ir_startMeasure
                0x0000000000001bfe       0x14 /home/defaultuser/Documents/niboLib/lib/libnibo2.a(copro.o)
                0x0000000000001bfe                copro_ir_startMeasure
 .text.copro_transmitRC5
                0x0000000000001c12       0x26 /home/defaultuser/Documents/niboLib/lib/libnibo2.a(copro.o)
                0x0000000000001c12                copro_transmitRC5
 .text.bot_init
                0x0000000000001c38       0x16 /home/defaultuser/Documents/niboLib/lib/libnibo2.a(bot.o)
                0x0000000000001c38                bot_init
 .text.bot_update
                0x0000000000001c4e       0x10 /home/defaultuser/Documents/niboLib/lib/libnibo2.a(bot.o)
                0x0000000000001c4e                bot_update
 .text.leds_init
                0x0000000000001c5e       0x10 /home/defaultuser/Documents/niboLib/lib/libnibo2.a(leds.o)
                0x0000000000001c5e                leds_init
 .text.leds_set_status
                0x0000000000001c6e       0x48 /home/defaultuser/Documents/niboLib/lib/libnibo2.a(leds.o)
                0x0000000000001c6e                leds_set_status
 .text.leds_set_status_intensity
                0x0000000000001cb6        0xa /home/defaultuser/Documents/niboLib/lib/libnibo2.a(leds.o)
                0x0000000000001cb6                leds_set_status_intensity
 .text.leds_get_status_intensity
                0x0000000000001cc0        0xa /home/defaultuser/Documents/niboLib/lib/libnibo2.a(leds.o)
                0x0000000000001cc0                leds_get_status_intensity
 .text.leds_set_headlights
                0x0000000000001cca        0xa /home/defaultuser/Documents/niboLib/lib/libnibo2.a(leds.o)
                0x0000000000001cca                leds_set_headlights
 .text.leds_get_headlights
                0x0000000000001cd4        0xa /home/defaultuser/Documents/niboLib/lib/libnibo2.a(leds.o)
                0x0000000000001cd4                leds_get_headlights
 .text.leds_set_displaylight
                0x0000000000001cde        0xa /home/defaultuser/Documents/niboLib/lib/libnibo2.a(leds.o)
                0x0000000000001cde                leds_set_displaylight
 .text.leds_get_displaylight
                0x0000000000001ce8        0xa /home/defaultuser/Documents/niboLib/lib/libnibo2.a(leds.o)
                0x0000000000001ce8                leds_get_displaylight
 .text.pwm_init
                0x0000000000001cf2       0x64 /home/defaultuser/Documents/niboLib/lib/libnibo2.a(pwm.o)
                0x0000000000001cf2                pwm_init
 .text.__vector_14
                0x0000000000001d56      0x10c /home/defaultuser/Documents/niboLib/lib/libnibo2.a(pwm.o)
                0x0000000000001d56                __vector_14
 .text.adc_init
                0x0000000000001e62       0x24 /home/defaultuser/Documents/niboLib/lib/libnibo2.a(adc.o)
                0x0000000000001e62                adc_init
 .text.adc_read
                0x0000000000001e86       0x3c /home/defaultuser/Documents/niboLib/lib/libnibo2.a(adc.o)
                0x0000000000001e86                adc_read
 .text.adc_get_random_seed
                0x0000000000001ec2        0xa /home/defaultuser/Documents/niboLib/lib/libnibo2.a(adc.o)
                0x0000000000001ec2                adc_get_random_seed
 .text.libgcc.mul
                0x0000000000001ecc        0x0 /usr/lib/gcc/avr/5.4.0/avr51/libgcc.a(_exit.o)
 .text.libgcc.div
                0x0000000000001ecc        0x0 /usr/lib/gcc/avr/5.4.0/avr51/libgcc.a(_exit.o)
 .text.libgcc   0x0000000000001ecc        0x0 /usr/lib/gcc/avr/5.4.0/avr51/libgcc.a(_exit.o)
 .text.libgcc.prologue
                0x0000000000001ecc        0x0 /usr/lib/gcc/avr/5.4.0/avr51/libgcc.a(_exit.o)
 .text.libgcc.builtins
                0x0000000000001ecc        0x0 /usr/lib/gcc/avr/5.4.0/avr51/libgcc.a(_exit.o)
 .text.libgcc.fmul
                0x0000000000001ecc        0x0 /usr/lib/gcc/avr/5.4.0/avr51/libgcc.a(_exit.o)
 .text.libgcc.fixed
                0x0000000000001ecc        0x0 /usr/lib/gcc/avr/5.4.0/avr51/libgcc.a(_exit.o)
 .text.libgcc.mul
                0x0000000000001ecc        0x0 /usr/lib/gcc/avr/5.4.0/avr51/libgcc.a(_copy_data.o)
 .text.libgcc.div
                0x0000000000001ecc        0x0 /usr/lib/gcc/avr/5.4.0/avr51/libgcc.a(_copy_data.o)
 .text.libgcc   0x0000000000001ecc        0x0 /usr/lib/gcc/avr/5.4.0/avr51/libgcc.a(_copy_data.o)
 .text.libgcc.prologue
                0x0000000000001ecc        0x0 /usr/lib/gcc/avr/5.4.0/avr51/libgcc.a(_copy_data.o)
 .text.libgcc.builtins
                0x0000000000001ecc        0x0 /usr/lib/gcc/avr/5.4.0/avr51/libgcc.a(_copy_data.o)
 .text.libgcc.fmul
                0x0000000000001ecc        0x0 /usr/lib/gcc/avr/5.4.0/avr51/libgcc.a(_copy_data.o)
 .text.libgcc.fixed
                0x0000000000001ecc        0x0 /usr/lib/gcc/avr/5.4.0/avr51/libgcc.a(_copy_data.o)
 .text.libgcc.mul
                0x0000000000001ecc        0x0 /usr/lib/gcc/avr/5.4.0/avr51/libgcc.a(_clear_bss.o)
 .text.libgcc.div
                0x0000000000001ecc        0x0 /usr/lib/gcc/avr/5.4.0/avr51/libgcc.a(_clear_bss.o)
 .text.libgcc   0x0000000000001ecc        0x0 /usr/lib/gcc/avr/5.4.0/avr51/libgcc.a(_clear_bss.o)
 .text.libgcc.prologue
                0x0000000000001ecc        0x0 /usr/lib/gcc/avr/5.4.0/avr51/libgcc.a(_clear_bss.o)
 .text.libgcc.builtins
                0x0000000000001ecc        0x0 /usr/lib/gcc/avr/5.4.0/avr51/libgcc.a(_clear_bss.o)
 .text.libgcc.fmul
                0x0000000000001ecc        0x0 /usr/lib/gcc/avr/5.4.0/avr51/libgcc.a(_clear_bss.o)
 .text.libgcc.fixed
                0x0000000000001ecc        0x0 /usr/lib/gcc/avr/5.4.0/avr51/libgcc.a(_clear_bss.o)
 .text.avr-libc
                0x0000000000001ecc       0x5e /usr/lib/gcc/avr/5.4.0/../../../avr/lib/avr51/libc.a(sprintf.o)
                0x0000000000001ecc                sprintf
 .text.avr-libc
                0x0000000000001f2a      0x414 /usr/lib/gcc/avr/5.4.0/../../../avr/lib/avr51/libc.a(vfprintf_std.o)
                0x0000000000001f2a                vfprintf
 .text.avr-libc
                0x000000000000233e       0x16 /usr/lib/gcc/avr/5.4.0/../../../avr/lib/avr51/libc.a(strnlen_P.o)
                0x000000000000233e                strnlen_P
 .text.avr-libc
                0x0000000000002354       0x16 /usr/lib/gcc/avr/5.4.0/../../../avr/lib/avr51/libc.a(strnlen.o)
                0x0000000000002354                strnlen
 .text.avr-libc
                0x000000000000236a       0x78 /usr/lib/gcc/avr/5.4.0/../../../avr/lib/avr51/libc.a(fputc.o)
                0x000000000000236a                fputc
 .text.avr-libc
                0x00000000000023e2       0xbc /usr/lib/gcc/avr/5.4.0/../../../avr/lib/avr51/libc.a(ultoa_invert.o)
                0x00000000000023e2                __ultoa_invert
                0x000000000000249e                . = ALIGN (0x2)
 *(.fini9)
 .fini9         0x000000000000249e        0x0 /usr/lib/gcc/avr/5.4.0/avr51/libgcc.a(_exit.o)
                0x000000000000249e                exit
                0x000000000000249e                _exit
 *(.fini9)
 *(.fini8)
 *(.fini8)
 *(.fini7)
 *(.fini7)
 *(.fini6)
 *(.fini6)
 *(.fini5)
 *(.fini5)
 *(.fini4)
 *(.fini4)
 *(.fini3)
 *(.fini3)
 *(.fini2)
 *(.fini2)
 *(.fini1)
 *(.fini1)
 *(.fini0)
 .fini0         0x000000000000249e        0x4 /usr/lib/gcc/avr/5.4.0/avr51/libgcc.a(_exit.o)
 *(.fini0)
                0x00000000000024a2                _etext = .

.data           0x0000000000800100      0x258 load address 0x00000000000024a2
                0x0000000000800100                PROVIDE (__data_start, .)
 *(.data)
 .data          0x0000000000800100        0x0 /usr/lib/gcc/avr/5.4.0/../../../avr/lib/avr51/crtatmega128.o
 .data          0x0000000000800100        0x0 ./src/distance.o
 .data          0x0000000000800100        0x0 ./src/drive.o
 .data          0x0000000000800100        0x0 ./src/main.o
 .data          0x0000000000800100        0x0 ./src/presentation.o
 .data          0x0000000000800100        0x0 /home/defaultuser/Documents/niboLib/lib/libnds3.a(i2cmaster.o)
 .data          0x0000000000800100        0x0 /home/defaultuser/Documents/niboLib/lib/libnds3.a(nds3.o)
 .data          0x0000000000800100        0x0 /home/defaultuser/Documents/niboLib/lib/libnibo2.a(display.o)
 .data          0x0000000000800100        0x0 /home/defaultuser/Documents/niboLib/lib/libnibo2.a(delay.o)
 .data          0x0000000000800100        0x0 /home/defaultuser/Documents/niboLib/lib/libnibo2.a(spi.o)
 .data          0x0000000000800100        0x0 /home/defaultuser/Documents/niboLib/lib/libnibo2.a(gfx.o)
 .data          0x0000000000800100        0x0 /home/defaultuser/Documents/niboLib/lib/libnibo2.a(copro.o)
 .data          0x0000000000800100        0x0 /home/defaultuser/Documents/niboLib/lib/libnibo2.a(bot.o)
 .data          0x0000000000800100        0x0 /home/defaultuser/Documents/niboLib/lib/libnibo2.a(leds.o)
 .data          0x0000000000800100        0x0 /home/defaultuser/Documents/niboLib/lib/libnibo2.a(pwm.o)
 .data          0x0000000000800100        0x0 /home/defaultuser/Documents/niboLib/lib/libnibo2.a(adc.o)
 .data          0x0000000000800100        0x0 /usr/lib/gcc/avr/5.4.0/avr51/libgcc.a(_exit.o)
 .data          0x0000000000800100        0x0 /usr/lib/gcc/avr/5.4.0/avr51/libgcc.a(_copy_data.o)
 .data          0x0000000000800100        0x0 /usr/lib/gcc/avr/5.4.0/avr51/libgcc.a(_clear_bss.o)
 .data          0x0000000000800100        0x0 /usr/lib/gcc/avr/5.4.0/../../../avr/lib/avr51/libc.a(sprintf.o)
 .data          0x0000000000800100        0x0 /usr/lib/gcc/avr/5.4.0/../../../avr/lib/avr51/libc.a(vfprintf_std.o)
 .data          0x0000000000800100        0x0 /usr/lib/gcc/avr/5.4.0/../../../avr/lib/avr51/libc.a(strnlen_P.o)
 .data          0x0000000000800100        0x0 /usr/lib/gcc/avr/5.4.0/../../../avr/lib/avr51/libc.a(strnlen.o)
 .data          0x0000000000800100        0x0 /usr/lib/gcc/avr/5.4.0/../../../avr/lib/avr51/libc.a(fputc.o)
 .data          0x0000000000800100        0x0 /usr/lib/gcc/avr/5.4.0/../../../avr/lib/avr51/libc.a(ultoa_invert.o)
 *(.data*)
 *(.rodata)
 .rodata        0x0000000000800100       0x17 ./src/distance.o
 .rodata        0x0000000000800117      0x240 /home/defaultuser/Documents/niboLib/lib/libnibo2.a(gfx.o)
                0x0000000000800117                fontTiles
 *(.rodata*)
 *(.gnu.linkonce.d*)
                0x0000000000800358                . = ALIGN (0x2)
 *fill*         0x0000000000800357        0x1 
                0x0000000000800358                _edata = .
                0x0000000000800358                PROVIDE (__data_end, .)

.bss            0x0000000000800358      0x19c
                0x0000000000800358                PROVIDE (__bss_start, .)
 *(.bss)
 .bss           0x0000000000800358        0x0 /usr/lib/gcc/avr/5.4.0/../../../avr/lib/avr51/crtatmega128.o
 .bss           0x0000000000800358        0x0 ./src/distance.o
 .bss           0x0000000000800358        0x0 ./src/drive.o
 .bss           0x0000000000800358        0x0 ./src/main.o
 .bss           0x0000000000800358        0x0 ./src/presentation.o
 .bss           0x0000000000800358        0x0 /home/defaultuser/Documents/niboLib/lib/libnds3.a(i2cmaster.o)
 .bss           0x0000000000800358        0x0 /home/defaultuser/Documents/niboLib/lib/libnds3.a(nds3.o)
 .bss           0x0000000000800358        0x0 /home/defaultuser/Documents/niboLib/lib/libnibo2.a(display.o)
 .bss           0x0000000000800358        0x0 /home/defaultuser/Documents/niboLib/lib/libnibo2.a(delay.o)
 .bss           0x0000000000800358        0x0 /home/defaultuser/Documents/niboLib/lib/libnibo2.a(spi.o)
 .bss           0x0000000000800358        0x0 /home/defaultuser/Documents/niboLib/lib/libnibo2.a(gfx.o)
 .bss           0x0000000000800358        0x0 /home/defaultuser/Documents/niboLib/lib/libnibo2.a(copro.o)
 .bss           0x0000000000800358        0x0 /home/defaultuser/Documents/niboLib/lib/libnibo2.a(bot.o)
 .bss           0x0000000000800358        0x0 /home/defaultuser/Documents/niboLib/lib/libnibo2.a(leds.o)
 .bss           0x0000000000800358        0x0 /home/defaultuser/Documents/niboLib/lib/libnibo2.a(pwm.o)
 .bss           0x0000000000800358        0x0 /home/defaultuser/Documents/niboLib/lib/libnibo2.a(adc.o)
 .bss           0x0000000000800358        0x0 /usr/lib/gcc/avr/5.4.0/avr51/libgcc.a(_exit.o)
 .bss           0x0000000000800358        0x0 /usr/lib/gcc/avr/5.4.0/avr51/libgcc.a(_copy_data.o)
 .bss           0x0000000000800358        0x0 /usr/lib/gcc/avr/5.4.0/avr51/libgcc.a(_clear_bss.o)
 .bss           0x0000000000800358        0x0 /usr/lib/gcc/avr/5.4.0/../../../avr/lib/avr51/libc.a(sprintf.o)
 .bss           0x0000000000800358        0x0 /usr/lib/gcc/avr/5.4.0/../../../avr/lib/avr51/libc.a(vfprintf_std.o)
 .bss           0x0000000000800358        0x0 /usr/lib/gcc/avr/5.4.0/../../../avr/lib/avr51/libc.a(strnlen_P.o)
 .bss           0x0000000000800358        0x0 /usr/lib/gcc/avr/5.4.0/../../../avr/lib/avr51/libc.a(strnlen.o)
 .bss           0x0000000000800358        0x0 /usr/lib/gcc/avr/5.4.0/../../../avr/lib/avr51/libc.a(fputc.o)
 .bss           0x0000000000800358        0x0 /usr/lib/gcc/avr/5.4.0/../../../avr/lib/avr51/libc.a(ultoa_invert.o)
 *(.bss*)
 .bss.time.2335
                0x0000000000800358        0x2 ./src/distance.o
 *(COMMON)
 COMMON         0x000000000080035a        0xf ./src/distance.o
                0x000000000080035a                nds3_distcalib_alpha
                0x000000000080035c                nds3_servocalib_mid
                0x000000000080035e                nds3_pin
                0x000000000080035f                nds3_ddr
                0x0000000000800360                nds3_port
                0x0000000000800361                nds3_servocalib_lo
                0x0000000000800363                nds3_distcalib_v0
                0x0000000000800365                nds3_distcalib_d0
                0x0000000000800367                nds3_servocalib_hi
 COMMON         0x0000000000800369       0x1a /home/defaultuser/Documents/niboLib/lib/libnds3.a(i2cmaster.o)
                0x0000000000800369                i2c_buf
                0x000000000080037d                i2c_state
                0x000000000080037e                i2c_size
                0x000000000080037f                i2c_last_TWSR
                0x0000000000800380                i2c_tx_size
                0x0000000000800381                i2c_pos
                0x0000000000800382                i2c_rx_size
 COMMON         0x0000000000800383       0xb5 /home/defaultuser/Documents/niboLib/lib/libnds3.a(nds3.o)
                0x0000000000800383                nds3_distances
 COMMON         0x0000000000800438        0x1 /home/defaultuser/Documents/niboLib/lib/libnibo2.a(display.o)
                0x0000000000800438                display_type
 COMMON         0x0000000000800439       0x3e /home/defaultuser/Documents/niboLib/lib/libnibo2.a(spi.o)
                0x0000000000800439                spi_tx_buf
                0x0000000000800454                spi_rx_size
                0x0000000000800455                spi_err_cnt
                0x0000000000800456                spi_tx_size
                0x0000000000800457                spi_frame_cnt
                0x0000000000800458                spi_size
                0x0000000000800459                spi_rx_buf
                0x0000000000800474                spi_tx_chk
                0x0000000000800475                spi_pos
                0x0000000000800476                spi_rx_chk
 COMMON         0x0000000000800477        0xe /home/defaultuser/Documents/niboLib/lib/libnibo2.a(gfx.o)
                0x0000000000800477                gfx_dm
                0x0000000000800478                gfx_term_row
                0x0000000000800479                gfx_proportional
                0x000000000080047a                gfx_x
                0x000000000080047b                gfx_tile
                0x0000000000800483                gfx_y
                0x0000000000800484                gfx_term_col
 COMMON         0x0000000000800485       0x5d /home/defaultuser/Documents/niboLib/lib/libnibo2.a(copro.o)
                0x0000000000800485                copro_ticks_offset_r
                0x0000000000800487                copro_ticks_offset_l
                0x0000000000800489                copro_current_l
                0x000000000080048b                copro_commands
                0x00000000008004a0                copro_ticks_l
                0x00000000008004a2                copro_rc5_cmd
                0x00000000008004a4                copro_distance
                0x00000000008004ae                copro_pos_x
                0x00000000008004b2                copro_pos_ori
                0x00000000008004b6                copro_speed_r
                0x00000000008004b8                copro_ticks_r
                0x00000000008004ba                copro_pos_y
                0x00000000008004be                copro_ir_mode
                0x00000000008004bf                copro_rc5_count
                0x00000000008004c0                copro_current_r
                0x00000000008004c2                copro_buffer
                0x00000000008004dd                copro_target_distance
                0x00000000008004df                copro_seq
                0x00000000008004e0                copro_speed_l
 COMMON         0x00000000008004e2        0x2 /home/defaultuser/Documents/niboLib/lib/libnibo2.a(bot.o)
                0x00000000008004e2                bot_supply
 COMMON         0x00000000008004e4        0xe /home/defaultuser/Documents/niboLib/lib/libnibo2.a(pwm.o)
                0x00000000008004e4                pwm_channel_A
                0x00000000008004e6                pwm_channel_B
                0x00000000008004e8                pwm_timer_ms
                0x00000000008004ea                pwm_channel_C
                0x00000000008004ec                pwm_timer_sub
                0x00000000008004ee                pwm_timer_sec
 COMMON         0x00000000008004f2        0x2 /home/defaultuser/Documents/niboLib/lib/libnibo2.a(adc.o)
                0x00000000008004f2                adc_random_seed
                0x00000000008004f4                PROVIDE (__bss_end, .)
                0x00000000000024a2                __data_load_start = LOADADDR (.data)
                0x00000000000026fa                __data_load_end = (__data_load_start + SIZEOF (.data))

.noinit         0x00000000008004f4        0x0
                [!provide]                        PROVIDE (__noinit_start, .)
 *(.noinit*)
                [!provide]                        PROVIDE (__noinit_end, .)
                0x00000000008004f4                _end = .
                [!provide]                        PROVIDE (__heap_start, .)

.eeprom         0x0000000000810000        0x0
 *(.eeprom*)
                0x0000000000810000                __eeprom_end = .

.fuse
 *(.fuse)
 *(.lfuse)
 *(.hfuse)
 *(.efuse)

.lock
 *(.lock*)

.signature
 *(.signature*)

.user_signatures
 *(.user_signatures*)

.stab           0x0000000000000000     0x17dc
 *(.stab)
 .stab          0x0000000000000000      0xa08 ./src/distance.o
 .stab          0x0000000000000a08      0x510 ./src/drive.o
                                        0x840 (size before relaxing)
 .stab          0x0000000000000f18      0x45c ./src/main.o
                                        0x78c (size before relaxing)
 .stab          0x0000000000001374      0x468 ./src/presentation.o
                                        0x798 (size before relaxing)

.stabstr        0x0000000000000000     0x13c5
 *(.stabstr)
 .stabstr       0x0000000000000000     0x13c5 ./src/distance.o

.stab.excl
 *(.stab.excl)

.stab.exclstr
 *(.stab.exclstr)

.stab.index
 *(.stab.index)

.stab.indexstr
 *(.stab.indexstr)

.comment        0x0000000000000000       0x11
 *(.comment)
 .comment       0x0000000000000000       0x11 ./src/distance.o
                                         0x12 (size before relaxing)
 .comment       0x0000000000000011       0x12 ./src/drive.o
 .comment       0x0000000000000011       0x12 ./src/main.o
 .comment       0x0000000000000011       0x12 ./src/presentation.o
 .comment       0x0000000000000011       0x12 /home/defaultuser/Documents/niboLib/lib/libnibo2.a(display.o)
 .comment       0x0000000000000011       0x12 /home/defaultuser/Documents/niboLib/lib/libnibo2.a(delay.o)
 .comment       0x0000000000000011       0x12 /home/defaultuser/Documents/niboLib/lib/libnibo2.a(spi.o)
 .comment       0x0000000000000011       0x12 /home/defaultuser/Documents/niboLib/lib/libnibo2.a(gfx.o)
 .comment       0x0000000000000011       0x12 /home/defaultuser/Documents/niboLib/lib/libnibo2.a(copro.o)
 .comment       0x0000000000000011       0x12 /home/defaultuser/Documents/niboLib/lib/libnibo2.a(bot.o)
 .comment       0x0000000000000011       0x12 /home/defaultuser/Documents/niboLib/lib/libnibo2.a(leds.o)
 .comment       0x0000000000000011       0x12 /home/defaultuser/Documents/niboLib/lib/libnibo2.a(pwm.o)
 .comment       0x0000000000000011       0x12 /home/defaultuser/Documents/niboLib/lib/libnibo2.a(adc.o)
 .comment       0x0000000000000011       0x12 /usr/lib/gcc/avr/5.4.0/../../../avr/lib/avr51/libc.a(sprintf.o)
 .comment       0x0000000000000011       0x12 /usr/lib/gcc/avr/5.4.0/../../../avr/lib/avr51/libc.a(vfprintf_std.o)
 .comment       0x0000000000000011       0x12 /usr/lib/gcc/avr/5.4.0/../../../avr/lib/avr51/libc.a(fputc.o)

.note.gnu.avr.deviceinfo
                0x0000000000000000       0x3c
 .note.gnu.avr.deviceinfo
                0x0000000000000000       0x3c /usr/lib/gcc/avr/5.4.0/../../../avr/lib/avr51/crtatmega128.o

.note.gnu.build-id
 *(.note.gnu.build-id)

.debug
 *(.debug)

.line
 *(.line)

.debug_srcinfo
 *(.debug_srcinfo)

.debug_sfnames
 *(.debug_sfnames)

.debug_aranges
 *(.debug_aranges)

.debug_pubnames
 *(.debug_pubnames)

.debug_info     0x0000000000000000      0x780
 *(.debug_info .gnu.linkonce.wi.*)
 .debug_info    0x0000000000000000      0x780 /usr/lib/gcc/avr/5.4.0/../../../avr/lib/avr51/crtatmega128.o

.debug_abbrev   0x0000000000000000      0x718
 *(.debug_abbrev)
 .debug_abbrev  0x0000000000000000      0x718 /usr/lib/gcc/avr/5.4.0/../../../avr/lib/avr51/crtatmega128.o

.debug_line     0x0000000000000000       0x1a
 *(.debug_line .debug_line.* .debug_line_end)
 .debug_line    0x0000000000000000       0x1a /usr/lib/gcc/avr/5.4.0/../../../avr/lib/avr51/crtatmega128.o

.debug_frame
 *(.debug_frame)

.debug_str      0x0000000000000000      0x27d
 *(.debug_str)
 .debug_str     0x0000000000000000      0x27d /usr/lib/gcc/avr/5.4.0/../../../avr/lib/avr51/crtatmega128.o

.debug_loc
 *(.debug_loc)

.debug_macinfo
 *(.debug_macinfo)

.debug_weaknames
 *(.debug_weaknames)

.debug_funcnames
 *(.debug_funcnames)

.debug_typenames
 *(.debug_typenames)

.debug_varnames
 *(.debug_varnames)

.debug_pubtypes
 *(.debug_pubtypes)

.debug_ranges
 *(.debug_ranges)

.debug_macro
 *(.debug_macro)
OUTPUT(HindernisseUmgehen2.elf elf32-avr)
LOAD linker stubs
