Archive member included to satisfy reference by file (symbol)

/home/defaultuser/Documents/niboLib/lib/libnds3.a(nds3.o)
                              ./src/main.o (nds3_move)
/home/defaultuser/Documents/niboLib/lib/libnds3.a(i2cmaster.o)
                              /home/defaultuser/Documents/niboLib/lib/libnds3.a(nds3.o) (i2c_start_transmission)
/home/defaultuser/Documents/niboLib/lib/libnibo2.a(display.o)
                              ./src/main.o (display_init)
/home/defaultuser/Documents/niboLib/lib/libnibo2.a(delay.o)
                              ./src/main.o (delay)
/home/defaultuser/Documents/niboLib/lib/libnibo2.a(spi.o)
                              ./src/main.o (spi_init)
/home/defaultuser/Documents/niboLib/lib/libnibo2.a(gfx.o)
                              ./src/distance.o (gfx_move)
/home/defaultuser/Documents/niboLib/lib/libnibo2.a(copro.o)
                              /home/defaultuser/Documents/niboLib/lib/libnibo2.a(spi.o) (spi_finished_callback)
/home/defaultuser/Documents/niboLib/lib/libnibo2.a(bot.o)
                              ./src/main.o (bot_init)
/home/defaultuser/Documents/niboLib/lib/libnibo2.a(leds.o)
                              ./src/main.o (leds_init)
/home/defaultuser/Documents/niboLib/lib/libnibo2.a(pwm.o)
                              /home/defaultuser/Documents/niboLib/lib/libnibo2.a(leds.o) (pwm_channel_A)
/home/defaultuser/Documents/niboLib/lib/libnibo2.a(adc.o)
                              /home/defaultuser/Documents/niboLib/lib/libnibo2.a(bot.o) (adc_read)
/usr/lib/gcc/avr/5.4.0/avr51/libgcc.a(_exit.o)
                              /usr/lib/gcc/avr/5.4.0/../../../avr/lib/avr51/crtatmega128.o (exit)
/usr/lib/gcc/avr/5.4.0/avr51/libgcc.a(_copy_data.o)
                              ./src/distance.o (__do_copy_data)
/usr/lib/gcc/avr/5.4.0/avr51/libgcc.a(_clear_bss.o)
                              ./src/distance.o (__do_clear_bss)
/usr/lib/gcc/avr/5.4.0/../../../avr/lib/avr51/libc.a(sprintf.o)
                              ./src/distance.o (sprintf)
/usr/lib/gcc/avr/5.4.0/../../../avr/lib/avr51/libc.a(vfprintf_std.o)
                              /usr/lib/gcc/avr/5.4.0/../../../avr/lib/avr51/libc.a(sprintf.o) (vfprintf)
/usr/lib/gcc/avr/5.4.0/../../../avr/lib/avr51/libc.a(strnlen_P.o)
                              /usr/lib/gcc/avr/5.4.0/../../../avr/lib/avr51/libc.a(vfprintf_std.o) (strnlen_P)
/usr/lib/gcc/avr/5.4.0/../../../avr/lib/avr51/libc.a(strnlen.o)
                              /usr/lib/gcc/avr/5.4.0/../../../avr/lib/avr51/libc.a(vfprintf_std.o) (strnlen)
/usr/lib/gcc/avr/5.4.0/../../../avr/lib/avr51/libc.a(fputc.o)
                              /usr/lib/gcc/avr/5.4.0/../../../avr/lib/avr51/libc.a(vfprintf_std.o) (fputc)
/usr/lib/gcc/avr/5.4.0/../../../avr/lib/avr51/libc.a(ultoa_invert.o)
                              /usr/lib/gcc/avr/5.4.0/../../../avr/lib/avr51/libc.a(vfprintf_std.o) (__ultoa_invert)

Allocating common symbols
Common symbol       size              file

copro_ticks_offset_r
                    0x2               /home/defaultuser/Documents/niboLib/lib/libnibo2.a(copro.o)
nds3_distcalib_alpha
                    0x2               ./src/distance.o
copro_ticks_offset_l
                    0x2               /home/defaultuser/Documents/niboLib/lib/libnibo2.a(copro.o)
nds3_servocalib_mid
                    0x2               ./src/distance.o
copro_current_l     0x2               /home/defaultuser/Documents/niboLib/lib/libnibo2.a(copro.o)
nds3_pin            0x1               ./src/distance.o
gfx_dm              0x1               /home/defaultuser/Documents/niboLib/lib/libnibo2.a(gfx.o)
adc_random_seed     0x2               /home/defaultuser/Documents/niboLib/lib/libnibo2.a(adc.o)
spi_tx_buf          0x1b              /home/defaultuser/Documents/niboLib/lib/libnibo2.a(spi.o)
copro_commands      0x15              /home/defaultuser/Documents/niboLib/lib/libnibo2.a(copro.o)
spi_rx_size         0x1               /home/defaultuser/Documents/niboLib/lib/libnibo2.a(spi.o)
copro_ticks_l       0x2               /home/defaultuser/Documents/niboLib/lib/libnibo2.a(copro.o)
i2c_buf             0x14              /home/defaultuser/Documents/niboLib/lib/libnds3.a(i2cmaster.o)
copro_rc5_cmd       0x2               /home/defaultuser/Documents/niboLib/lib/libnibo2.a(copro.o)
pwm_channel_A       0x2               /home/defaultuser/Documents/niboLib/lib/libnibo2.a(pwm.o)
copro_distance      0xa               /home/defaultuser/Documents/niboLib/lib/libnibo2.a(copro.o)
spi_err_cnt         0x1               /home/defaultuser/Documents/niboLib/lib/libnibo2.a(spi.o)
nds3_ddr            0x1               ./src/distance.o
i2c_state           0x1               /home/defaultuser/Documents/niboLib/lib/libnds3.a(i2cmaster.o)
copro_pos_x         0x4               /home/defaultuser/Documents/niboLib/lib/libnibo2.a(copro.o)
copro_pos_ori       0x4               /home/defaultuser/Documents/niboLib/lib/libnibo2.a(copro.o)
copro_speed_r       0x2               /home/defaultuser/Documents/niboLib/lib/libnibo2.a(copro.o)
pwm_channel_B       0x2               /home/defaultuser/Documents/niboLib/lib/libnibo2.a(pwm.o)
pwm_timer_ms        0x2               /home/defaultuser/Documents/niboLib/lib/libnibo2.a(pwm.o)
spi_tx_size         0x1               /home/defaultuser/Documents/niboLib/lib/libnibo2.a(spi.o)
gfx_term_row        0x1               /home/defaultuser/Documents/niboLib/lib/libnibo2.a(gfx.o)
gfx_proportional    0x1               /home/defaultuser/Documents/niboLib/lib/libnibo2.a(gfx.o)
copro_ticks_r       0x2               /home/defaultuser/Documents/niboLib/lib/libnibo2.a(copro.o)
copro_pos_y         0x4               /home/defaultuser/Documents/niboLib/lib/libnibo2.a(copro.o)
bot_supply          0x2               /home/defaultuser/Documents/niboLib/lib/libnibo2.a(bot.o)
spi_frame_cnt       0x1               /home/defaultuser/Documents/niboLib/lib/libnibo2.a(spi.o)
i2c_size            0x1               /home/defaultuser/Documents/niboLib/lib/libnds3.a(i2cmaster.o)
copro_ir_mode       0x1               /home/defaultuser/Documents/niboLib/lib/libnibo2.a(copro.o)
spi_size            0x1               /home/defaultuser/Documents/niboLib/lib/libnibo2.a(spi.o)
copro_rc5_count     0x1               /home/defaultuser/Documents/niboLib/lib/libnibo2.a(copro.o)
nds3_distances      0xb5              /home/defaultuser/Documents/niboLib/lib/libnds3.a(nds3.o)
display_type        0x1               /home/defaultuser/Documents/niboLib/lib/libnibo2.a(display.o)
nds3_port           0x1               ./src/distance.o
gfx_x               0x1               /home/defaultuser/Documents/niboLib/lib/libnibo2.a(gfx.o)
copro_current_r     0x2               /home/defaultuser/Documents/niboLib/lib/libnibo2.a(copro.o)
copro_buffer        0x1b              /home/defaultuser/Documents/niboLib/lib/libnibo2.a(copro.o)
i2c_last_TWSR       0x1               /home/defaultuser/Documents/niboLib/lib/libnds3.a(i2cmaster.o)
i2c_tx_size         0x1               /home/defaultuser/Documents/niboLib/lib/libnds3.a(i2cmaster.o)
spi_rx_buf          0x1b              /home/defaultuser/Documents/niboLib/lib/libnibo2.a(spi.o)
i2c_pos             0x1               /home/defaultuser/Documents/niboLib/lib/libnds3.a(i2cmaster.o)
gfx_tile            0x8               /home/defaultuser/Documents/niboLib/lib/libnibo2.a(gfx.o)
pwm_channel_C       0x2               /home/defaultuser/Documents/niboLib/lib/libnibo2.a(pwm.o)
nds3_servocalib_lo  0x2               ./src/distance.o
spi_tx_chk          0x1               /home/defaultuser/Documents/niboLib/lib/libnibo2.a(spi.o)
pwm_timer_sub       0x2               /home/defaultuser/Documents/niboLib/lib/libnibo2.a(pwm.o)
pwm_timer_sec       0x4               /home/defaultuser/Documents/niboLib/lib/libnibo2.a(pwm.o)
spi_pos             0x1               /home/defaultuser/Documents/niboLib/lib/libnibo2.a(spi.o)
gfx_y               0x1               /home/defaultuser/Documents/niboLib/lib/libnibo2.a(gfx.o)
copro_target_distance
                    0x2               /home/defaultuser/Documents/niboLib/lib/libnibo2.a(copro.o)
nds3_distcalib_v0   0x2               ./src/distance.o
spi_rx_chk          0x1               /home/defaultuser/Documents/niboLib/lib/libnibo2.a(spi.o)
i2c_rx_size         0x1               /home/defaultuser/Documents/niboLib/lib/libnds3.a(i2cmaster.o)
gfx_term_col        0x1               /home/defaultuser/Documents/niboLib/lib/libnibo2.a(gfx.o)
copro_seq           0x1               /home/defaultuser/Documents/niboLib/lib/libnibo2.a(copro.o)
copro_speed_l       0x2               /home/defaultuser/Documents/niboLib/lib/libnibo2.a(copro.o)
nds3_distcalib_d0   0x2               ./src/distance.o
nds3_servocalib_hi  0x2               ./src/distance.o

Memory Configuration

Name             Origin             Length             Attributes
text             0x0000000000000000 0x0000000000020000 xr
data             0x0000000000800100 0x000000000000ff00 rw !x
eeprom           0x0000000000810000 0x0000000000010000 rw !x
fuse             0x0000000000820000 0x0000000000000003 rw !x
lock             0x0000000000830000 0x0000000000000400 rw !x
signature        0x0000000000840000 0x0000000000000400 rw !x
user_signatures  0x0000000000850000 0x0000000000000400 rw !x
*default*        0x0000000000000000 0xffffffffffffffff

Linker script and memory map

Address of section .data set to 0x800100
LOAD /usr/lib/gcc/avr/5.4.0/../../../avr/lib/avr51/crtatmega128.o
LOAD ./src/distance.o
LOAD ./src/drive.o
LOAD ./src/main.o
LOAD ./src/presentation.o
LOAD /home/defaultuser/Documents/niboLib/lib/libnds3.a
LOAD /home/defaultuser/Documents/niboLib/lib/libnibo2.a
LOAD /usr/lib/gcc/avr/5.4.0/../../../avr/lib/avr51/libprintf_flt.a
LOAD /usr/lib/gcc/avr/5.4.0/../../../avr/lib/avr51/libm.a
LOAD /home/defaultuser/Documents/niboLib/lib/libuart-0.a
START GROUP
LOAD /usr/lib/gcc/avr/5.4.0/avr51/libgcc.a
LOAD /usr/lib/gcc/avr/5.4.0/../../../avr/lib/avr51/libm.a
LOAD /usr/lib/gcc/avr/5.4.0/../../../avr/lib/avr51/libc.a
LOAD /usr/lib/gcc/avr/5.4.0/../../../avr/lib/avr51/libatmega128.a
END GROUP
                0x0000000000020000                __TEXT_REGION_LENGTH__ = DEFINED (__TEXT_REGION_LENGTH__)?__TEXT_REGION_LENGTH__:0x20000
                0x000000000000ff00                __DATA_REGION_LENGTH__ = DEFINED (__DATA_REGION_LENGTH__)?__DATA_REGION_LENGTH__:0xff00
                0x0000000000010000                __EEPROM_REGION_LENGTH__ = DEFINED (__EEPROM_REGION_LENGTH__)?__EEPROM_REGION_LENGTH__:0x10000
                [0x0000000000000003]                __FUSE_REGION_LENGTH__ = DEFINED (__FUSE_REGION_LENGTH__)?__FUSE_REGION_LENGTH__:0x400
                0x0000000000000400                __LOCK_REGION_LENGTH__ = DEFINED (__LOCK_REGION_LENGTH__)?__LOCK_REGION_LENGTH__:0x400
                0x0000000000000400                __SIGNATURE_REGION_LENGTH__ = DEFINED (__SIGNATURE_REGION_LENGTH__)?__SIGNATURE_REGION_LENGTH__:0x400
                0x0000000000000400                __USER_SIGNATURE_REGION_LENGTH__ = DEFINED (__USER_SIGNATURE_REGION_LENGTH__)?__USER_SIGNATURE_REGION_LENGTH__:0x400

.hash
 *(.hash)

.dynsym
 *(.dynsym)

.dynstr
 *(.dynstr)

.gnu.version
 *(.gnu.version)

.gnu.version_d
 *(.gnu.version_d)

.gnu.version_r
 *(.gnu.version_r)

.rel.init
 *(.rel.init)

.rela.init
 *(.rela.init)

.rel.text
 *(.rel.text)
 *(.rel.text.*)
 *(.rel.gnu.linkonce.t*)

.rela.text
 *(.rela.text)
 *(.rela.text.*)
 *(.rela.gnu.linkonce.t*)

.rel.fini
 *(.rel.fini)

.rela.fini
 *(.rela.fini)

.rel.rodata
 *(.rel.rodata)
 *(.rel.rodata.*)
 *(.rel.gnu.linkonce.r*)

.rela.rodata
 *(.rela.rodata)
 *(.rela.rodata.*)
 *(.rela.gnu.linkonce.r*)

.rel.data
 *(.rel.data)
 *(.rel.data.*)
 *(.rel.gnu.linkonce.d*)

.rela.data
 *(.rela.data)
 *(.rela.data.*)
 *(.rela.gnu.linkonce.d*)

.rel.ctors
 *(.rel.ctors)

.rela.ctors
 *(.rela.ctors)

.rel.dtors
 *(.rel.dtors)

.rela.dtors
 *(.rela.dtors)

.rel.got
 *(.rel.got)

.rela.got
 *(.rela.got)

.rel.bss
 *(.rel.bss)

.rela.bss
 *(.rela.bss)

.rel.plt
 *(.rel.plt)

.rela.plt
 *(.rela.plt)

.text           0x0000000000000000     0x271c
 *(.vectors)
 .vectors       0x0000000000000000       0x8c /usr/lib/gcc/avr/5.4.0/../../../avr/lib/avr51/crtatmega128.o
                0x0000000000000000                __vectors
                0x0000000000000000                __vector_default
 *(.vectors)
 *(.progmem.gcc*)
                0x000000000000008c                . = ALIGN (0x2)
                0x000000000000008c                __trampolines_start = .
 *(.trampolines)
 .trampolines   0x000000000000008c        0x0 linker stubs
 *(.trampolines*)
                0x000000000000008c                __trampolines_end = .
 *libprintf_flt.a:*(.progmem.data)
 *libc.a:*(.progmem.data)
 *(.progmem*)
 .progmem.data  0x000000000000008c        0x6 /home/defaultuser/Documents/niboLib/lib/libnibo2.a(bot.o)
                0x000000000000008c                bot_lib_version
                0x0000000000000091                bot_lib_revision
                0x0000000000000092                . = ALIGN (0x2)
 *(.jumptables)
 *(.jumptables*)
 *(.lowtext)
 *(.lowtext*)
                0x0000000000000092                __ctors_start = .
 *(.ctors)
                0x0000000000000092                __ctors_end = .
                0x0000000000000092                __dtors_start = .
 *(.dtors)
                0x0000000000000092                __dtors_end = .
 SORT(*)(.ctors)
 SORT(*)(.dtors)
 *(.init0)
 .init0         0x0000000000000092        0x0 /usr/lib/gcc/avr/5.4.0/../../../avr/lib/avr51/crtatmega128.o
                0x0000000000000092                __init
 *(.init0)
 *(.init1)
 *(.init1)
 *(.init2)
 .init2         0x0000000000000092        0xc /usr/lib/gcc/avr/5.4.0/../../../avr/lib/avr51/crtatmega128.o
 *(.init2)
 *(.init3)
 *(.init3)
 *(.init4)
 .init4         0x000000000000009e       0x1a /usr/lib/gcc/avr/5.4.0/avr51/libgcc.a(_copy_data.o)
                0x000000000000009e                __do_copy_data
 .init4         0x00000000000000b8       0x10 /usr/lib/gcc/avr/5.4.0/avr51/libgcc.a(_clear_bss.o)
                0x00000000000000b8                __do_clear_bss
 *(.init4)
 *(.init5)
 *(.init5)
 *(.init6)
 *(.init6)
 *(.init7)
 *(.init7)
 *(.init8)
 *(.init8)
 *(.init9)
 .init9         0x00000000000000c8        0x8 /usr/lib/gcc/avr/5.4.0/../../../avr/lib/avr51/crtatmega128.o
 *(.init9)
 *(.text)
 .text          0x00000000000000d0        0x4 /usr/lib/gcc/avr/5.4.0/../../../avr/lib/avr51/crtatmega128.o
                0x00000000000000d0                __vector_22
                0x00000000000000d0                __vector_28
                0x00000000000000d0                __vector_1
                0x00000000000000d0                __vector_32
                0x00000000000000d0                __vector_34
                0x00000000000000d0                __vector_24
                0x00000000000000d0                __vector_12
                0x00000000000000d0                __bad_interrupt
                0x00000000000000d0                __vector_6
                0x00000000000000d0                __vector_31
                0x00000000000000d0                __vector_3
                0x00000000000000d0                __vector_23
                0x00000000000000d0                __vector_30
                0x00000000000000d0                __vector_25
                0x00000000000000d0                __vector_11
                0x00000000000000d0                __vector_13
                0x00000000000000d0                __vector_19
                0x00000000000000d0                __vector_7
                0x00000000000000d0                __vector_27
                0x00000000000000d0                __vector_5
                0x00000000000000d0                __vector_4
                0x00000000000000d0                __vector_9
                0x00000000000000d0                __vector_2
                0x00000000000000d0                __vector_21
                0x00000000000000d0                __vector_15
                0x00000000000000d0                __vector_29
                0x00000000000000d0                __vector_8
                0x00000000000000d0                __vector_26
                0x00000000000000d0                __vector_10
                0x00000000000000d0                __vector_16
                0x00000000000000d0                __vector_18
                0x00000000000000d0                __vector_20
 .text          0x00000000000000d4        0x0 ./src/distance.o
 .text          0x00000000000000d4        0x0 ./src/drive.o
 .text          0x00000000000000d4        0x0 ./src/main.o
 .text          0x00000000000000d4        0x0 ./src/presentation.o
 .text          0x00000000000000d4        0x0 /home/defaultuser/Documents/niboLib/lib/libnds3.a(nds3.o)
 .text          0x00000000000000d4        0x0 /home/defaultuser/Documents/niboLib/lib/libnds3.a(i2cmaster.o)
 .text          0x00000000000000d4        0x0 /home/defaultuser/Documents/niboLib/lib/libnibo2.a(display.o)
 .text          0x00000000000000d4        0x0 /home/defaultuser/Documents/niboLib/lib/libnibo2.a(delay.o)
 .text          0x00000000000000d4        0x0 /home/defaultuser/Documents/niboLib/lib/libnibo2.a(spi.o)
 .text          0x00000000000000d4        0x0 /home/defaultuser/Documents/niboLib/lib/libnibo2.a(gfx.o)
 .text          0x00000000000000d4        0x0 /home/defaultuser/Documents/niboLib/lib/libnibo2.a(copro.o)
 .text          0x00000000000000d4        0x0 /home/defaultuser/Documents/niboLib/lib/libnibo2.a(bot.o)
 .text          0x00000000000000d4        0x0 /home/defaultuser/Documents/niboLib/lib/libnibo2.a(leds.o)
 .text          0x00000000000000d4        0x0 /home/defaultuser/Documents/niboLib/lib/libnibo2.a(pwm.o)
 .text          0x00000000000000d4        0x0 /home/defaultuser/Documents/niboLib/lib/libnibo2.a(adc.o)
 .text          0x00000000000000d4        0x0 /usr/lib/gcc/avr/5.4.0/avr51/libgcc.a(_exit.o)
 .text          0x00000000000000d4        0x0 /usr/lib/gcc/avr/5.4.0/avr51/libgcc.a(_copy_data.o)
 .text          0x00000000000000d4        0x0 /usr/lib/gcc/avr/5.4.0/avr51/libgcc.a(_clear_bss.o)
 .text          0x00000000000000d4        0x0 /usr/lib/gcc/avr/5.4.0/../../../avr/lib/avr51/libc.a(sprintf.o)
 .text          0x00000000000000d4        0x0 /usr/lib/gcc/avr/5.4.0/../../../avr/lib/avr51/libc.a(vfprintf_std.o)
 .text          0x00000000000000d4        0x0 /usr/lib/gcc/avr/5.4.0/../../../avr/lib/avr51/libc.a(strnlen_P.o)
 .text          0x00000000000000d4        0x0 /usr/lib/gcc/avr/5.4.0/../../../avr/lib/avr51/libc.a(strnlen.o)
 .text          0x00000000000000d4        0x0 /usr/lib/gcc/avr/5.4.0/../../../avr/lib/avr51/libc.a(fputc.o)
 .text          0x00000000000000d4        0x0 /usr/lib/gcc/avr/5.4.0/../../../avr/lib/avr51/libc.a(ultoa_invert.o)
                0x00000000000000d4                . = ALIGN (0x2)
 *(.text.*)
 .text.findDirection
                0x00000000000000d4      0x4bc ./src/distance.o
                0x00000000000000d4                findDirection
 .text.drive    0x0000000000000590       0x1c ./src/drive.o
                0x0000000000000590                drive
 .text.turnLeft
                0x00000000000005ac       0x20 ./src/drive.o
                0x00000000000005ac                turnLeft
 .text.turnHalfLeft
                0x00000000000005cc       0x20 ./src/drive.o
                0x00000000000005cc                turnHalfLeft
 .text.turnRight
                0x00000000000005ec       0x20 ./src/drive.o
                0x00000000000005ec                turnRight
 .text.turnHalfRight
                0x000000000000060c       0x20 ./src/drive.o
                0x000000000000060c                turnHalfRight
 .text.goBack   0x000000000000062c       0x1c ./src/drive.o
                0x000000000000062c                goBack
 .text.main     0x0000000000000648       0x3c ./src/main.o
                0x0000000000000648                main
 .text.LEDShow  0x0000000000000684       0x70 ./src/presentation.o
                0x0000000000000684                LEDShow
 .text.showNibo
                0x00000000000006f4       0x50 ./src/presentation.o
                0x00000000000006f4                showNibo
 .text.HindranceShow
                0x0000000000000744       0x88 ./src/presentation.o
                0x0000000000000744                HindranceShow
 .text.nds3_init
                0x00000000000007cc        0x2 /home/defaultuser/Documents/niboLib/lib/libnds3.a(nds3.o)
                0x00000000000007cc                nds3_init
 .text.nds3_transaction
                0x00000000000007ce       0x12 /home/defaultuser/Documents/niboLib/lib/libnds3.a(nds3.o)
 .text.nds3_distcalib_commit
                0x00000000000007e0       0x46 /home/defaultuser/Documents/niboLib/lib/libnds3.a(nds3.o)
                0x00000000000007e0                nds3_distcalib_commit
 .text.nds3_distcalib_update
                0x0000000000000826       0x58 /home/defaultuser/Documents/niboLib/lib/libnds3.a(nds3.o)
                0x0000000000000826                nds3_distcalib_update
 .text.nds3_servocalib_commit
                0x000000000000087e       0x46 /home/defaultuser/Documents/niboLib/lib/libnds3.a(nds3.o)
                0x000000000000087e                nds3_servocalib_commit
 .text.nds3_servocalib_update
                0x00000000000008c4       0x58 /home/defaultuser/Documents/niboLib/lib/libnds3.a(nds3.o)
                0x00000000000008c4                nds3_servocalib_update
 .text.nds3_move_servo
                0x000000000000091c       0x1e /home/defaultuser/Documents/niboLib/lib/libnds3.a(nds3.o)
                0x000000000000091c                nds3_move_servo
 .text.nds3_get_analog
                0x000000000000093a       0x2a /home/defaultuser/Documents/niboLib/lib/libnds3.a(nds3.o)
                0x000000000000093a                nds3_get_analog
 .text.nds3_pin_update
                0x0000000000000964       0x1e /home/defaultuser/Documents/niboLib/lib/libnds3.a(nds3.o)
                0x0000000000000964                nds3_pin_update
 .text.nds3_port_commit
                0x0000000000000982       0x1e /home/defaultuser/Documents/niboLib/lib/libnds3.a(nds3.o)
                0x0000000000000982                nds3_port_commit
 .text.nds3_ddr_commit
                0x00000000000009a0       0x1e /home/defaultuser/Documents/niboLib/lib/libnds3.a(nds3.o)
                0x00000000000009a0                nds3_ddr_commit
 .text.nds3_get_busy
                0x00000000000009be       0x1a /home/defaultuser/Documents/niboLib/lib/libnds3.a(nds3.o)
                0x00000000000009be                nds3_get_busy
 .text.nds3_get_dist
                0x00000000000009d8       0x1a /home/defaultuser/Documents/niboLib/lib/libnds3.a(nds3.o)
                0x00000000000009d8                nds3_get_dist
 .text.nds3_get_pos
                0x00000000000009f2       0x1a /home/defaultuser/Documents/niboLib/lib/libnds3.a(nds3.o)
                0x00000000000009f2                nds3_get_pos
 .text.nds3_read
                0x0000000000000a0c       0x4a /home/defaultuser/Documents/niboLib/lib/libnds3.a(nds3.o)
                0x0000000000000a0c                nds3_read
 .text.nds3_measure
                0x0000000000000a56       0x1e /home/defaultuser/Documents/niboLib/lib/libnds3.a(nds3.o)
                0x0000000000000a56                nds3_measure
 .text.nds3_move
                0x0000000000000a74       0x1a /home/defaultuser/Documents/niboLib/lib/libnds3.a(nds3.o)
                0x0000000000000a74                nds3_move
 .text.nds3_reset
                0x0000000000000a8e       0x14 /home/defaultuser/Documents/niboLib/lib/libnds3.a(nds3.o)
                0x0000000000000a8e                nds3_reset
 .text.i2c_start_transmission
                0x0000000000000aa2       0x4e /home/defaultuser/Documents/niboLib/lib/libnds3.a(i2cmaster.o)
                0x0000000000000aa2                i2c_start_transmission
 .text.i2c_wait_transmission
                0x0000000000000af0       0x4c /home/defaultuser/Documents/niboLib/lib/libnds3.a(i2cmaster.o)
                0x0000000000000af0                i2c_wait_transmission
 .text.i2c_status
                0x0000000000000b3c        0x6 /home/defaultuser/Documents/niboLib/lib/libnds3.a(i2cmaster.o)
                0x0000000000000b3c                i2c_status
 .text.i2c_init
                0x0000000000000b42       0x1e /home/defaultuser/Documents/niboLib/lib/libnds3.a(i2cmaster.o)
                0x0000000000000b42                i2c_init
 .text.__vector_33
                0x0000000000000b60      0x14c /home/defaultuser/Documents/niboLib/lib/libnds3.a(i2cmaster.o)
                0x0000000000000b60                __vector_33
 .text.display_write
                0x0000000000000cac       0x84 /home/defaultuser/Documents/niboLib/lib/libnibo2.a(display.o)
                0x0000000000000cac                display_write
 .text.display_read
                0x0000000000000d30       0x7e /home/defaultuser/Documents/niboLib/lib/libnibo2.a(display.o)
                0x0000000000000d30                display_read
 .text.display_wait
                0x0000000000000dae       0x3c /home/defaultuser/Documents/niboLib/lib/libnibo2.a(display.o)
                0x0000000000000dae                display_wait
 .text.display_init
                0x0000000000000dea       0xc4 /home/defaultuser/Documents/niboLib/lib/libnibo2.a(display.o)
                0x0000000000000dea                display_init
 .text.delay    0x0000000000000eae       0x16 /home/defaultuser/Documents/niboLib/lib/libnibo2.a(delay.o)
                0x0000000000000eae                delay
 .text.spi_tx   0x0000000000000ec4        0xe /home/defaultuser/Documents/niboLib/lib/libnibo2.a(spi.o)
 .text.spi_restart_transmission
                0x0000000000000ed2       0x36 /home/defaultuser/Documents/niboLib/lib/libnibo2.a(spi.o)
                0x0000000000000ed2                spi_restart_transmission
 .text.spi_init
                0x0000000000000f08        0xe /home/defaultuser/Documents/niboLib/lib/libnibo2.a(spi.o)
                0x0000000000000f08                spi_init
 .text.__vector_17
                0x0000000000000f16      0x11a /home/defaultuser/Documents/niboLib/lib/libnibo2.a(spi.o)
                0x0000000000000f16                __vector_17
 .text.gfx_store_disp_tile
                0x0000000000001030       0x94 /home/defaultuser/Documents/niboLib/lib/libnibo2.a(gfx.o)
 .text.gfx_get_x
                0x00000000000010c4        0x6 /home/defaultuser/Documents/niboLib/lib/libnibo2.a(gfx.o)
                0x00000000000010c4                gfx_get_x
 .text.gfx_get_y
                0x00000000000010ca        0x6 /home/defaultuser/Documents/niboLib/lib/libnibo2.a(gfx.o)
                0x00000000000010ca                gfx_get_y
 .text.gfx_draw_mode
                0x00000000000010d0        0x6 /home/defaultuser/Documents/niboLib/lib/libnibo2.a(gfx.o)
                0x00000000000010d0                gfx_draw_mode
 .text.gfx_move
                0x00000000000010d6       0x64 /home/defaultuser/Documents/niboLib/lib/libnibo2.a(gfx.o)
                0x00000000000010d6                gfx_move
 .text.gfx_fill
                0x000000000000113a       0x70 /home/defaultuser/Documents/niboLib/lib/libnibo2.a(gfx.o)
                0x000000000000113a                gfx_fill
 .text.gfx_display_write2
                0x00000000000011aa       0x8c /home/defaultuser/Documents/niboLib/lib/libnibo2.a(gfx.o)
                0x00000000000011aa                gfx_display_write2
 .text.gfx_char_width
                0x0000000000001236       0x34 /home/defaultuser/Documents/niboLib/lib/libnibo2.a(gfx.o)
                0x0000000000001236                gfx_char_width
 .text.gfx_print_char_base
                0x000000000000126a       0xf2 /home/defaultuser/Documents/niboLib/lib/libnibo2.a(gfx.o)
                0x000000000000126a                gfx_print_char_base
 .text.gfx_print_char
                0x000000000000135c       0x4e /home/defaultuser/Documents/niboLib/lib/libnibo2.a(gfx.o)
                0x000000000000135c                gfx_print_char
 .text.gfx_print_text
                0x00000000000013aa       0x18 /home/defaultuser/Documents/niboLib/lib/libnibo2.a(gfx.o)
                0x00000000000013aa                gfx_print_text
 .text.gfx_text_width
                0x00000000000013c2       0x2a /home/defaultuser/Documents/niboLib/lib/libnibo2.a(gfx.o)
                0x00000000000013c2                gfx_text_width
 .text.gfx_print_text_P
                0x00000000000013ec       0x22 /home/defaultuser/Documents/niboLib/lib/libnibo2.a(gfx.o)
                0x00000000000013ec                gfx_print_text_P
 .text.gfx_text_width_P
                0x000000000000140e       0x32 /home/defaultuser/Documents/niboLib/lib/libnibo2.a(gfx.o)
                0x000000000000140e                gfx_text_width_P
 .text.gfx_init
                0x0000000000001440       0x7e /home/defaultuser/Documents/niboLib/lib/libnibo2.a(gfx.o)
                0x0000000000001440                gfx_init
 .text.gfx_set_proportional
                0x00000000000014be        0x6 /home/defaultuser/Documents/niboLib/lib/libnibo2.a(gfx.o)
                0x00000000000014be                gfx_set_proportional
 .text.gfx_get_proportional
                0x00000000000014c4        0x6 /home/defaultuser/Documents/niboLib/lib/libnibo2.a(gfx.o)
                0x00000000000014c4                gfx_get_proportional
 .text.gfx_hline
                0x00000000000014ca       0x2c /home/defaultuser/Documents/niboLib/lib/libnibo2.a(gfx.o)
                0x00000000000014ca                gfx_hline
 .text.gfx_box  0x00000000000014f6       0x9a /home/defaultuser/Documents/niboLib/lib/libnibo2.a(gfx.o)
                0x00000000000014f6                gfx_box
 .text.gfx_vline
                0x0000000000001590        0x8 /home/defaultuser/Documents/niboLib/lib/libnibo2.a(gfx.o)
                0x0000000000001590                gfx_vline
 .text.gfx_draw_xbm
                0x0000000000001598      0x14a /home/defaultuser/Documents/niboLib/lib/libnibo2.a(gfx.o)
                0x0000000000001598                gfx_draw_xbm
 .text.gfx_draw_xbm_P
                0x00000000000016e2      0x146 /home/defaultuser/Documents/niboLib/lib/libnibo2.a(gfx.o)
                0x00000000000016e2                gfx_draw_xbm_P
 .text.gfx_pixel
                0x0000000000001828       0x22 /home/defaultuser/Documents/niboLib/lib/libnibo2.a(gfx.o)
                0x0000000000001828                gfx_pixel
 .text.gfx_lineTo
                0x000000000000184a      0x10e /home/defaultuser/Documents/niboLib/lib/libnibo2.a(gfx.o)
                0x000000000000184a                gfx_lineTo
 .text.gfx_term_clear
                0x0000000000001958       0x10 /home/defaultuser/Documents/niboLib/lib/libnibo2.a(gfx.o)
                0x0000000000001958                gfx_term_clear
 .text.gfx_term_goto
                0x0000000000001968       0x12 /home/defaultuser/Documents/niboLib/lib/libnibo2.a(gfx.o)
                0x0000000000001968                gfx_term_goto
 .text.gfx_term_scroll
                0x000000000000197a      0x100 /home/defaultuser/Documents/niboLib/lib/libnibo2.a(gfx.o)
                0x000000000000197a                gfx_term_scroll
 .text.gfx_term_print
                0x0000000000001a7a       0x8c /home/defaultuser/Documents/niboLib/lib/libnibo2.a(gfx.o)
                0x0000000000001a7a                gfx_term_print
 .text.wait_copro
                0x0000000000001b06       0x28 /home/defaultuser/Documents/niboLib/lib/libnibo2.a(copro.o)
 .text.spi_finished_callback
                0x0000000000001b2e       0xa8 /home/defaultuser/Documents/niboLib/lib/libnibo2.a(copro.o)
                0x0000000000001b2e                spi_finished_callback
 .text._copro_check_busy
                0x0000000000001bd6       0x1a /home/defaultuser/Documents/niboLib/lib/libnibo2.a(copro.o)
                0x0000000000001bd6                _copro_check_busy
 .text.copro_update
                0x0000000000001bf0      0x154 /home/defaultuser/Documents/niboLib/lib/libnibo2.a(copro.o)
                0x0000000000001bf0                copro_update
 .text.copro_stop
                0x0000000000001d44        0xc /home/defaultuser/Documents/niboLib/lib/libnibo2.a(copro.o)
                0x0000000000001d44                copro_stop
 .text.copro_stopImmediate
                0x0000000000001d50        0xe /home/defaultuser/Documents/niboLib/lib/libnibo2.a(copro.o)
                0x0000000000001d50                copro_stopImmediate
 .text.copro_setPWM
                0x0000000000001d5e       0x18 /home/defaultuser/Documents/niboLib/lib/libnibo2.a(copro.o)
                0x0000000000001d5e                copro_setPWM
 .text.copro_setSpeed
                0x0000000000001d76       0x18 /home/defaultuser/Documents/niboLib/lib/libnibo2.a(copro.o)
                0x0000000000001d76                copro_setSpeed
 .text.copro_setTargetAbs
                0x0000000000001d8e       0x34 /home/defaultuser/Documents/niboLib/lib/libnibo2.a(copro.o)
                0x0000000000001d8e                copro_setTargetAbs
 .text.copro_setTargetRel
                0x0000000000001dc2       0x1c /home/defaultuser/Documents/niboLib/lib/libnibo2.a(copro.o)
                0x0000000000001dc2                copro_setTargetRel
 .text.copro_setSpeedParameters
                0x0000000000001dde       0x2e /home/defaultuser/Documents/niboLib/lib/libnibo2.a(copro.o)
                0x0000000000001dde                copro_setSpeedParameters
 .text.copro_setPositionParameters
                0x0000000000001e0c        0x4 /home/defaultuser/Documents/niboLib/lib/libnibo2.a(copro.o)
                0x0000000000001e0c                copro_setPositionParameters
 .text.copro_resetOdometry
                0x0000000000001e10       0x54 /home/defaultuser/Documents/niboLib/lib/libnibo2.a(copro.o)
                0x0000000000001e10                copro_resetOdometry
 .text.copro_ir_stop
                0x0000000000001e64       0x14 /home/defaultuser/Documents/niboLib/lib/libnibo2.a(copro.o)
                0x0000000000001e64                copro_ir_stop
 .text.copro_ir_startMeasure
                0x0000000000001e78       0x14 /home/defaultuser/Documents/niboLib/lib/libnibo2.a(copro.o)
                0x0000000000001e78                copro_ir_startMeasure
 .text.copro_transmitRC5
                0x0000000000001e8c       0x26 /home/defaultuser/Documents/niboLib/lib/libnibo2.a(copro.o)
                0x0000000000001e8c                copro_transmitRC5
 .text.bot_init
                0x0000000000001eb2       0x16 /home/defaultuser/Documents/niboLib/lib/libnibo2.a(bot.o)
                0x0000000000001eb2                bot_init
 .text.bot_update
                0x0000000000001ec8       0x10 /home/defaultuser/Documents/niboLib/lib/libnibo2.a(bot.o)
                0x0000000000001ec8                bot_update
 .text.leds_init
                0x0000000000001ed8       0x10 /home/defaultuser/Documents/niboLib/lib/libnibo2.a(leds.o)
                0x0000000000001ed8                leds_init
 .text.leds_set_status
                0x0000000000001ee8       0x48 /home/defaultuser/Documents/niboLib/lib/libnibo2.a(leds.o)
                0x0000000000001ee8                leds_set_status
 .text.leds_set_status_intensity
                0x0000000000001f30        0xa /home/defaultuser/Documents/niboLib/lib/libnibo2.a(leds.o)
                0x0000000000001f30                leds_set_status_intensity
 .text.leds_get_status_intensity
                0x0000000000001f3a        0xa /home/defaultuser/Documents/niboLib/lib/libnibo2.a(leds.o)
                0x0000000000001f3a                leds_get_status_intensity
 .text.leds_set_headlights
                0x0000000000001f44        0xa /home/defaultuser/Documents/niboLib/lib/libnibo2.a(leds.o)
                0x0000000000001f44                leds_set_headlights
 .text.leds_get_headlights
                0x0000000000001f4e        0xa /home/defaultuser/Documents/niboLib/lib/libnibo2.a(leds.o)
                0x0000000000001f4e                leds_get_headlights
 .text.leds_set_displaylight
                0x0000000000001f58        0xa /home/defaultuser/Documents/niboLib/lib/libnibo2.a(leds.o)
                0x0000000000001f58                leds_set_displaylight
 .text.leds_get_displaylight
                0x0000000000001f62        0xa /home/defaultuser/Documents/niboLib/lib/libnibo2.a(leds.o)
                0x0000000000001f62                leds_get_displaylight
 .text.pwm_init
                0x0000000000001f6c       0x64 /home/defaultuser/Documents/niboLib/lib/libnibo2.a(pwm.o)
                0x0000000000001f6c                pwm_init
 .text.__vector_14
                0x0000000000001fd0      0x10c /home/defaultuser/Documents/niboLib/lib/libnibo2.a(pwm.o)
                0x0000000000001fd0                __vector_14
 .text.adc_init
                0x00000000000020dc       0x24 /home/defaultuser/Documents/niboLib/lib/libnibo2.a(adc.o)
                0x00000000000020dc                adc_init
 .text.adc_read
                0x0000000000002100       0x3c /home/defaultuser/Documents/niboLib/lib/libnibo2.a(adc.o)
                0x0000000000002100                adc_read
 .text.adc_get_random_seed
                0x000000000000213c        0xa /home/defaultuser/Documents/niboLib/lib/libnibo2.a(adc.o)
                0x000000000000213c                adc_get_random_seed
 .text.libgcc.mul
                0x0000000000002146        0x0 /usr/lib/gcc/avr/5.4.0/avr51/libgcc.a(_exit.o)
 .text.libgcc.div
                0x0000000000002146        0x0 /usr/lib/gcc/avr/5.4.0/avr51/libgcc.a(_exit.o)
 .text.libgcc   0x0000000000002146        0x0 /usr/lib/gcc/avr/5.4.0/avr51/libgcc.a(_exit.o)
 .text.libgcc.prologue
                0x0000000000002146        0x0 /usr/lib/gcc/avr/5.4.0/avr51/libgcc.a(_exit.o)
 .text.libgcc.builtins
                0x0000000000002146        0x0 /usr/lib/gcc/avr/5.4.0/avr51/libgcc.a(_exit.o)
 .text.libgcc.fmul
                0x0000000000002146        0x0 /usr/lib/gcc/avr/5.4.0/avr51/libgcc.a(_exit.o)
 .text.libgcc.fixed
                0x0000000000002146        0x0 /usr/lib/gcc/avr/5.4.0/avr51/libgcc.a(_exit.o)
 .text.libgcc.mul
                0x0000000000002146        0x0 /usr/lib/gcc/avr/5.4.0/avr51/libgcc.a(_copy_data.o)
 .text.libgcc.div
                0x0000000000002146        0x0 /usr/lib/gcc/avr/5.4.0/avr51/libgcc.a(_copy_data.o)
 .text.libgcc   0x0000000000002146        0x0 /usr/lib/gcc/avr/5.4.0/avr51/libgcc.a(_copy_data.o)
 .text.libgcc.prologue
                0x0000000000002146        0x0 /usr/lib/gcc/avr/5.4.0/avr51/libgcc.a(_copy_data.o)
 .text.libgcc.builtins
                0x0000000000002146        0x0 /usr/lib/gcc/avr/5.4.0/avr51/libgcc.a(_copy_data.o)
 .text.libgcc.fmul
                0x0000000000002146        0x0 /usr/lib/gcc/avr/5.4.0/avr51/libgcc.a(_copy_data.o)
 .text.libgcc.fixed
                0x0000000000002146        0x0 /usr/lib/gcc/avr/5.4.0/avr51/libgcc.a(_copy_data.o)
 .text.libgcc.mul
                0x0000000000002146        0x0 /usr/lib/gcc/avr/5.4.0/avr51/libgcc.a(_clear_bss.o)
 .text.libgcc.div
                0x0000000000002146        0x0 /usr/lib/gcc/avr/5.4.0/avr51/libgcc.a(_clear_bss.o)
 .text.libgcc   0x0000000000002146        0x0 /usr/lib/gcc/avr/5.4.0/avr51/libgcc.a(_clear_bss.o)
 .text.libgcc.prologue
                0x0000000000002146        0x0 /usr/lib/gcc/avr/5.4.0/avr51/libgcc.a(_clear_bss.o)
 .text.libgcc.builtins
                0x0000000000002146        0x0 /usr/lib/gcc/avr/5.4.0/avr51/libgcc.a(_clear_bss.o)
 .text.libgcc.fmul
                0x0000000000002146        0x0 /usr/lib/gcc/avr/5.4.0/avr51/libgcc.a(_clear_bss.o)
 .text.libgcc.fixed
                0x0000000000002146        0x0 /usr/lib/gcc/avr/5.4.0/avr51/libgcc.a(_clear_bss.o)
 .text.avr-libc
                0x0000000000002146       0x5e /usr/lib/gcc/avr/5.4.0/../../../avr/lib/avr51/libc.a(sprintf.o)
                0x0000000000002146                sprintf
 .text.avr-libc
                0x00000000000021a4      0x414 /usr/lib/gcc/avr/5.4.0/../../../avr/lib/avr51/libc.a(vfprintf_std.o)
                0x00000000000021a4                vfprintf
 .text.avr-libc
                0x00000000000025b8       0x16 /usr/lib/gcc/avr/5.4.0/../../../avr/lib/avr51/libc.a(strnlen_P.o)
                0x00000000000025b8                strnlen_P
 .text.avr-libc
                0x00000000000025ce       0x16 /usr/lib/gcc/avr/5.4.0/../../../avr/lib/avr51/libc.a(strnlen.o)
                0x00000000000025ce                strnlen
 .text.avr-libc
                0x00000000000025e4       0x78 /usr/lib/gcc/avr/5.4.0/../../../avr/lib/avr51/libc.a(fputc.o)
                0x00000000000025e4                fputc
 .text.avr-libc
                0x000000000000265c       0xbc /usr/lib/gcc/avr/5.4.0/../../../avr/lib/avr51/libc.a(ultoa_invert.o)
                0x000000000000265c                __ultoa_invert
                0x0000000000002718                . = ALIGN (0x2)
 *(.fini9)
 .fini9         0x0000000000002718        0x0 /usr/lib/gcc/avr/5.4.0/avr51/libgcc.a(_exit.o)
                0x0000000000002718                exit
                0x0000000000002718                _exit
 *(.fini9)
 *(.fini8)
 *(.fini8)
 *(.fini7)
 *(.fini7)
 *(.fini6)
 *(.fini6)
 *(.fini5)
 *(.fini5)
 *(.fini4)
 *(.fini4)
 *(.fini3)
 *(.fini3)
 *(.fini2)
 *(.fini2)
 *(.fini1)
 *(.fini1)
 *(.fini0)
 .fini0         0x0000000000002718        0x4 /usr/lib/gcc/avr/5.4.0/avr51/libgcc.a(_exit.o)
 *(.fini0)
                0x000000000000271c                _etext = .

.data           0x0000000000800100      0x268 load address 0x000000000000271c
                0x0000000000800100                PROVIDE (__data_start, .)
 *(.data)
 .data          0x0000000000800100        0x0 /usr/lib/gcc/avr/5.4.0/../../../avr/lib/avr51/crtatmega128.o
 .data          0x0000000000800100        0x0 ./src/distance.o
 .data          0x0000000000800100        0x0 ./src/drive.o
 .data          0x0000000000800100        0x0 ./src/main.o
 .data          0x0000000000800100        0x0 ./src/presentation.o
 .data          0x0000000000800100        0x0 /home/defaultuser/Documents/niboLib/lib/libnds3.a(nds3.o)
 .data          0x0000000000800100        0x0 /home/defaultuser/Documents/niboLib/lib/libnds3.a(i2cmaster.o)
 .data          0x0000000000800100        0x0 /home/defaultuser/Documents/niboLib/lib/libnibo2.a(display.o)
 .data          0x0000000000800100        0x0 /home/defaultuser/Documents/niboLib/lib/libnibo2.a(delay.o)
 .data          0x0000000000800100        0x0 /home/defaultuser/Documents/niboLib/lib/libnibo2.a(spi.o)
 .data          0x0000000000800100        0x0 /home/defaultuser/Documents/niboLib/lib/libnibo2.a(gfx.o)
 .data          0x0000000000800100        0x0 /home/defaultuser/Documents/niboLib/lib/libnibo2.a(copro.o)
 .data          0x0000000000800100        0x0 /home/defaultuser/Documents/niboLib/lib/libnibo2.a(bot.o)
 .data          0x0000000000800100        0x0 /home/defaultuser/Documents/niboLib/lib/libnibo2.a(leds.o)
 .data          0x0000000000800100        0x0 /home/defaultuser/Documents/niboLib/lib/libnibo2.a(pwm.o)
 .data          0x0000000000800100        0x0 /home/defaultuser/Documents/niboLib/lib/libnibo2.a(adc.o)
 .data          0x0000000000800100        0x0 /usr/lib/gcc/avr/5.4.0/avr51/libgcc.a(_exit.o)
 .data          0x0000000000800100        0x0 /usr/lib/gcc/avr/5.4.0/avr51/libgcc.a(_copy_data.o)
 .data          0x0000000000800100        0x0 /usr/lib/gcc/avr/5.4.0/avr51/libgcc.a(_clear_bss.o)
 .data          0x0000000000800100        0x0 /usr/lib/gcc/avr/5.4.0/../../../avr/lib/avr51/libc.a(sprintf.o)
 .data          0x0000000000800100        0x0 /usr/lib/gcc/avr/5.4.0/../../../avr/lib/avr51/libc.a(vfprintf_std.o)
 .data          0x0000000000800100        0x0 /usr/lib/gcc/avr/5.4.0/../../../avr/lib/avr51/libc.a(strnlen_P.o)
 .data          0x0000000000800100        0x0 /usr/lib/gcc/avr/5.4.0/../../../avr/lib/avr51/libc.a(strnlen.o)
 .data          0x0000000000800100        0x0 /usr/lib/gcc/avr/5.4.0/../../../avr/lib/avr51/libc.a(fputc.o)
 .data          0x0000000000800100        0x0 /usr/lib/gcc/avr/5.4.0/../../../avr/lib/avr51/libc.a(ultoa_invert.o)
 *(.data*)
 *(.rodata)
 .rodata        0x0000000000800100       0x28 ./src/distance.o
 .rodata        0x0000000000800128      0x240 /home/defaultuser/Documents/niboLib/lib/libnibo2.a(gfx.o)
                0x0000000000800128                fontTiles
 *(.rodata*)
 *(.gnu.linkonce.d*)
                0x0000000000800368                . = ALIGN (0x2)
                0x0000000000800368                _edata = .
                0x0000000000800368                PROVIDE (__data_end, .)

.bss            0x0000000000800368      0x19e
                0x0000000000800368                PROVIDE (__bss_start, .)
 *(.bss)
 .bss           0x0000000000800368        0x0 /usr/lib/gcc/avr/5.4.0/../../../avr/lib/avr51/crtatmega128.o
 .bss           0x0000000000800368        0x0 ./src/distance.o
 .bss           0x0000000000800368        0x0 ./src/drive.o
 .bss           0x0000000000800368        0x0 ./src/main.o
 .bss           0x0000000000800368        0x0 ./src/presentation.o
 .bss           0x0000000000800368        0x0 /home/defaultuser/Documents/niboLib/lib/libnds3.a(nds3.o)
 .bss           0x0000000000800368        0x0 /home/defaultuser/Documents/niboLib/lib/libnds3.a(i2cmaster.o)
 .bss           0x0000000000800368        0x0 /home/defaultuser/Documents/niboLib/lib/libnibo2.a(display.o)
 .bss           0x0000000000800368        0x0 /home/defaultuser/Documents/niboLib/lib/libnibo2.a(delay.o)
 .bss           0x0000000000800368        0x0 /home/defaultuser/Documents/niboLib/lib/libnibo2.a(spi.o)
 .bss           0x0000000000800368        0x0 /home/defaultuser/Documents/niboLib/lib/libnibo2.a(gfx.o)
 .bss           0x0000000000800368        0x0 /home/defaultuser/Documents/niboLib/lib/libnibo2.a(copro.o)
 .bss           0x0000000000800368        0x0 /home/defaultuser/Documents/niboLib/lib/libnibo2.a(bot.o)
 .bss           0x0000000000800368        0x0 /home/defaultuser/Documents/niboLib/lib/libnibo2.a(leds.o)
 .bss           0x0000000000800368        0x0 /home/defaultuser/Documents/niboLib/lib/libnibo2.a(pwm.o)
 .bss           0x0000000000800368        0x0 /home/defaultuser/Documents/niboLib/lib/libnibo2.a(adc.o)
 .bss           0x0000000000800368        0x0 /usr/lib/gcc/avr/5.4.0/avr51/libgcc.a(_exit.o)
 .bss           0x0000000000800368        0x0 /usr/lib/gcc/avr/5.4.0/avr51/libgcc.a(_copy_data.o)
 .bss           0x0000000000800368        0x0 /usr/lib/gcc/avr/5.4.0/avr51/libgcc.a(_clear_bss.o)
 .bss           0x0000000000800368        0x0 /usr/lib/gcc/avr/5.4.0/../../../avr/lib/avr51/libc.a(sprintf.o)
 .bss           0x0000000000800368        0x0 /usr/lib/gcc/avr/5.4.0/../../../avr/lib/avr51/libc.a(vfprintf_std.o)
 .bss           0x0000000000800368        0x0 /usr/lib/gcc/avr/5.4.0/../../../avr/lib/avr51/libc.a(strnlen_P.o)
 .bss           0x0000000000800368        0x0 /usr/lib/gcc/avr/5.4.0/../../../avr/lib/avr51/libc.a(strnlen.o)
 .bss           0x0000000000800368        0x0 /usr/lib/gcc/avr/5.4.0/../../../avr/lib/avr51/libc.a(fputc.o)
 .bss           0x0000000000800368        0x0 /usr/lib/gcc/avr/5.4.0/../../../avr/lib/avr51/libc.a(ultoa_invert.o)
 *(.bss*)
 .bss.flag.2340
                0x0000000000800368        0x2 ./src/distance.o
 .bss.timer.2341
                0x000000000080036a        0x2 ./src/distance.o
 *(COMMON)
 COMMON         0x000000000080036c        0xf ./src/distance.o
                0x000000000080036c                nds3_distcalib_alpha
                0x000000000080036e                nds3_servocalib_mid
                0x0000000000800370                nds3_pin
                0x0000000000800371                nds3_ddr
                0x0000000000800372                nds3_port
                0x0000000000800373                nds3_servocalib_lo
                0x0000000000800375                nds3_distcalib_v0
                0x0000000000800377                nds3_distcalib_d0
                0x0000000000800379                nds3_servocalib_hi
 COMMON         0x000000000080037b       0xb5 /home/defaultuser/Documents/niboLib/lib/libnds3.a(nds3.o)
                0x000000000080037b                nds3_distances
 COMMON         0x0000000000800430       0x1a /home/defaultuser/Documents/niboLib/lib/libnds3.a(i2cmaster.o)
                0x0000000000800430                i2c_buf
                0x0000000000800444                i2c_state
                0x0000000000800445                i2c_size
                0x0000000000800446                i2c_last_TWSR
                0x0000000000800447                i2c_tx_size
                0x0000000000800448                i2c_pos
                0x0000000000800449                i2c_rx_size
 COMMON         0x000000000080044a        0x1 /home/defaultuser/Documents/niboLib/lib/libnibo2.a(display.o)
                0x000000000080044a                display_type
 COMMON         0x000000000080044b       0x3e /home/defaultuser/Documents/niboLib/lib/libnibo2.a(spi.o)
                0x000000000080044b                spi_tx_buf
                0x0000000000800466                spi_rx_size
                0x0000000000800467                spi_err_cnt
                0x0000000000800468                spi_tx_size
                0x0000000000800469                spi_frame_cnt
                0x000000000080046a                spi_size
                0x000000000080046b                spi_rx_buf
                0x0000000000800486                spi_tx_chk
                0x0000000000800487                spi_pos
                0x0000000000800488                spi_rx_chk
 COMMON         0x0000000000800489        0xe /home/defaultuser/Documents/niboLib/lib/libnibo2.a(gfx.o)
                0x0000000000800489                gfx_dm
                0x000000000080048a                gfx_term_row
                0x000000000080048b                gfx_proportional
                0x000000000080048c                gfx_x
                0x000000000080048d                gfx_tile
                0x0000000000800495                gfx_y
                0x0000000000800496                gfx_term_col
 COMMON         0x0000000000800497       0x5d /home/defaultuser/Documents/niboLib/lib/libnibo2.a(copro.o)
                0x0000000000800497                copro_ticks_offset_r
                0x0000000000800499                copro_ticks_offset_l
                0x000000000080049b                copro_current_l
                0x000000000080049d                copro_commands
                0x00000000008004b2                copro_ticks_l
                0x00000000008004b4                copro_rc5_cmd
                0x00000000008004b6                copro_distance
                0x00000000008004c0                copro_pos_x
                0x00000000008004c4                copro_pos_ori
                0x00000000008004c8                copro_speed_r
                0x00000000008004ca                copro_ticks_r
                0x00000000008004cc                copro_pos_y
                0x00000000008004d0                copro_ir_mode
                0x00000000008004d1                copro_rc5_count
                0x00000000008004d2                copro_current_r
                0x00000000008004d4                copro_buffer
                0x00000000008004ef                copro_target_distance
                0x00000000008004f1                copro_seq
                0x00000000008004f2                copro_speed_l
 COMMON         0x00000000008004f4        0x2 /home/defaultuser/Documents/niboLib/lib/libnibo2.a(bot.o)
                0x00000000008004f4                bot_supply
 COMMON         0x00000000008004f6        0xe /home/defaultuser/Documents/niboLib/lib/libnibo2.a(pwm.o)
                0x00000000008004f6                pwm_channel_A
                0x00000000008004f8                pwm_channel_B
                0x00000000008004fa                pwm_timer_ms
                0x00000000008004fc                pwm_channel_C
                0x00000000008004fe                pwm_timer_sub
                0x0000000000800500                pwm_timer_sec
 COMMON         0x0000000000800504        0x2 /home/defaultuser/Documents/niboLib/lib/libnibo2.a(adc.o)
                0x0000000000800504                adc_random_seed
                0x0000000000800506                PROVIDE (__bss_end, .)
                0x000000000000271c                __data_load_start = LOADADDR (.data)
                0x0000000000002984                __data_load_end = (__data_load_start + SIZEOF (.data))

.noinit         0x0000000000800506        0x0
                [!provide]                        PROVIDE (__noinit_start, .)
 *(.noinit*)
                [!provide]                        PROVIDE (__noinit_end, .)
                0x0000000000800506                _end = .
                [!provide]                        PROVIDE (__heap_start, .)

.eeprom         0x0000000000810000        0x0
 *(.eeprom*)
                0x0000000000810000                __eeprom_end = .

.fuse
 *(.fuse)
 *(.lfuse)
 *(.hfuse)
 *(.efuse)

.lock
 *(.lock*)

.signature
 *(.signature*)

.user_signatures
 *(.user_signatures*)

.stab           0x0000000000000000     0x1ae8
 *(.stab)
 .stab          0x0000000000000000      0xc60 ./src/distance.o
 .stab          0x0000000000000c60      0x4d4 ./src/drive.o
                                        0x804 (size before relaxing)
 .stab          0x0000000000001134      0x45c ./src/main.o
                                        0x78c (size before relaxing)
 .stab          0x0000000000001590      0x558 ./src/presentation.o
                                        0x888 (size before relaxing)

.stabstr        0x0000000000000000     0x140a
 *(.stabstr)
 .stabstr       0x0000000000000000     0x140a ./src/distance.o

.stab.excl
 *(.stab.excl)

.stab.exclstr
 *(.stab.exclstr)

.stab.index
 *(.stab.index)

.stab.indexstr
 *(.stab.indexstr)

.comment        0x0000000000000000       0x11
 *(.comment)
 .comment       0x0000000000000000       0x11 ./src/distance.o
                                         0x12 (size before relaxing)
 .comment       0x0000000000000011       0x12 ./src/drive.o
 .comment       0x0000000000000011       0x12 ./src/main.o
 .comment       0x0000000000000011       0x12 ./src/presentation.o
 .comment       0x0000000000000011       0x12 /home/defaultuser/Documents/niboLib/lib/libnibo2.a(display.o)
 .comment       0x0000000000000011       0x12 /home/defaultuser/Documents/niboLib/lib/libnibo2.a(delay.o)
 .comment       0x0000000000000011       0x12 /home/defaultuser/Documents/niboLib/lib/libnibo2.a(spi.o)
 .comment       0x0000000000000011       0x12 /home/defaultuser/Documents/niboLib/lib/libnibo2.a(gfx.o)
 .comment       0x0000000000000011       0x12 /home/defaultuser/Documents/niboLib/lib/libnibo2.a(copro.o)
 .comment       0x0000000000000011       0x12 /home/defaultuser/Documents/niboLib/lib/libnibo2.a(bot.o)
 .comment       0x0000000000000011       0x12 /home/defaultuser/Documents/niboLib/lib/libnibo2.a(leds.o)
 .comment       0x0000000000000011       0x12 /home/defaultuser/Documents/niboLib/lib/libnibo2.a(pwm.o)
 .comment       0x0000000000000011       0x12 /home/defaultuser/Documents/niboLib/lib/libnibo2.a(adc.o)
 .comment       0x0000000000000011       0x12 /usr/lib/gcc/avr/5.4.0/../../../avr/lib/avr51/libc.a(sprintf.o)
 .comment       0x0000000000000011       0x12 /usr/lib/gcc/avr/5.4.0/../../../avr/lib/avr51/libc.a(vfprintf_std.o)
 .comment       0x0000000000000011       0x12 /usr/lib/gcc/avr/5.4.0/../../../avr/lib/avr51/libc.a(fputc.o)

.note.gnu.avr.deviceinfo
                0x0000000000000000       0x3c
 .note.gnu.avr.deviceinfo
                0x0000000000000000       0x3c /usr/lib/gcc/avr/5.4.0/../../../avr/lib/avr51/crtatmega128.o

.note.gnu.build-id
 *(.note.gnu.build-id)

.debug
 *(.debug)

.line
 *(.line)

.debug_srcinfo
 *(.debug_srcinfo)

.debug_sfnames
 *(.debug_sfnames)

.debug_aranges
 *(.debug_aranges)

.debug_pubnames
 *(.debug_pubnames)

.debug_info     0x0000000000000000      0x780
 *(.debug_info .gnu.linkonce.wi.*)
 .debug_info    0x0000000000000000      0x780 /usr/lib/gcc/avr/5.4.0/../../../avr/lib/avr51/crtatmega128.o

.debug_abbrev   0x0000000000000000      0x718
 *(.debug_abbrev)
 .debug_abbrev  0x0000000000000000      0x718 /usr/lib/gcc/avr/5.4.0/../../../avr/lib/avr51/crtatmega128.o

.debug_line     0x0000000000000000       0x1a
 *(.debug_line .debug_line.* .debug_line_end)
 .debug_line    0x0000000000000000       0x1a /usr/lib/gcc/avr/5.4.0/../../../avr/lib/avr51/crtatmega128.o

.debug_frame
 *(.debug_frame)

.debug_str      0x0000000000000000      0x27d
 *(.debug_str)
 .debug_str     0x0000000000000000      0x27d /usr/lib/gcc/avr/5.4.0/../../../avr/lib/avr51/crtatmega128.o

.debug_loc
 *(.debug_loc)

.debug_macinfo
 *(.debug_macinfo)

.debug_weaknames
 *(.debug_weaknames)

.debug_funcnames
 *(.debug_funcnames)

.debug_typenames
 *(.debug_typenames)

.debug_varnames
 *(.debug_varnames)

.debug_pubtypes
 *(.debug_pubtypes)

.debug_ranges
 *(.debug_ranges)

.debug_macro
 *(.debug_macro)
OUTPUT(HindernisseUmgehenOhneNDS.elf elf32-avr)
LOAD linker stubs
