Archive member included to satisfy reference by file (symbol)

/home/defaultuser/Documents/niboLib/lib/libnibo2.a(display.o)
                              ./src/main.o (display_init)
/home/defaultuser/Documents/niboLib/lib/libnibo2.a(pwm.o)
                              ./src/main.o (pwm_init)
/home/defaultuser/Documents/niboLib/lib/libnibo2.a(delay.o)
                              ./src/main.o (delay)
/home/defaultuser/Documents/niboLib/lib/libnibo2.a(spi.o)
                              ./src/main.o (spi_init)
/home/defaultuser/Documents/niboLib/lib/libnibo2.a(gfx.o)
                              ./src/distance.o (gfx_move)
/home/defaultuser/Documents/niboLib/lib/libnibo2.a(copro.o)
                              /home/defaultuser/Documents/niboLib/lib/libnibo2.a(spi.o) (spi_finished_callback)
/home/defaultuser/Documents/niboLib/lib/libnibo2.a(bot.o)
                              ./src/main.o (bot_init)
/home/defaultuser/Documents/niboLib/lib/libnibo2.a(leds.o)
                              ./src/main.o (leds_init)
/home/defaultuser/Documents/niboLib/lib/libnibo2.a(sound.o)
                              ./src/main.o (sound_init)
/home/defaultuser/Documents/niboLib/lib/libnibo2.a(adc.o)
                              /home/defaultuser/Documents/niboLib/lib/libnibo2.a(bot.o) (adc_read)
/usr/lib/gcc/avr/5.4.0/../../../avr/lib/avr51/libm.a(cmpsf2.o)
                              ./src/start.o (__ltsf2)
/usr/lib/gcc/avr/5.4.0/../../../avr/lib/avr51/libm.a(divsf3.o)
                              ./src/start.o (__divsf3)
/usr/lib/gcc/avr/5.4.0/../../../avr/lib/avr51/libm.a(divsf3x.o)
                              /usr/lib/gcc/avr/5.4.0/../../../avr/lib/avr51/libm.a(divsf3.o) (__divsf3x)
/usr/lib/gcc/avr/5.4.0/../../../avr/lib/avr51/libm.a(fixunssfsi.o)
                              ./src/start.o (__fixunssfsi)
/usr/lib/gcc/avr/5.4.0/../../../avr/lib/avr51/libm.a(fp_cmp.o)
                              /usr/lib/gcc/avr/5.4.0/../../../avr/lib/avr51/libm.a(cmpsf2.o) (__fp_cmp)
/usr/lib/gcc/avr/5.4.0/../../../avr/lib/avr51/libm.a(fp_inf.o)
                              /usr/lib/gcc/avr/5.4.0/../../../avr/lib/avr51/libm.a(divsf3x.o) (__fp_inf)
/usr/lib/gcc/avr/5.4.0/../../../avr/lib/avr51/libm.a(fp_nan.o)
                              /usr/lib/gcc/avr/5.4.0/../../../avr/lib/avr51/libm.a(divsf3x.o) (__fp_nan)
/usr/lib/gcc/avr/5.4.0/../../../avr/lib/avr51/libm.a(fp_pscA.o)
                              /usr/lib/gcc/avr/5.4.0/../../../avr/lib/avr51/libm.a(divsf3x.o) (__fp_pscA)
/usr/lib/gcc/avr/5.4.0/../../../avr/lib/avr51/libm.a(fp_pscB.o)
                              /usr/lib/gcc/avr/5.4.0/../../../avr/lib/avr51/libm.a(divsf3x.o) (__fp_pscB)
/usr/lib/gcc/avr/5.4.0/../../../avr/lib/avr51/libm.a(fp_round.o)
                              /usr/lib/gcc/avr/5.4.0/../../../avr/lib/avr51/libm.a(divsf3.o) (__fp_round)
/usr/lib/gcc/avr/5.4.0/../../../avr/lib/avr51/libm.a(fp_split3.o)
                              /usr/lib/gcc/avr/5.4.0/../../../avr/lib/avr51/libm.a(divsf3x.o) (__fp_split3)
/usr/lib/gcc/avr/5.4.0/../../../avr/lib/avr51/libm.a(fp_zero.o)
                              /usr/lib/gcc/avr/5.4.0/../../../avr/lib/avr51/libm.a(fixunssfsi.o) (__fp_zero)
/usr/lib/gcc/avr/5.4.0/../../../avr/lib/avr51/libm.a(gesf2.o)
                              ./src/start.o (__gtsf2)
/usr/lib/gcc/avr/5.4.0/../../../avr/lib/avr51/libm.a(mulsf3.o)
                              ./src/start.o (__mulsf3)
/usr/lib/gcc/avr/5.4.0/../../../avr/lib/avr51/libm.a(mulsf3x.o)
                              /usr/lib/gcc/avr/5.4.0/../../../avr/lib/avr51/libm.a(mulsf3.o) (__mulsf3x)
/usr/lib/gcc/avr/5.4.0/avr51/libgcc.a(_divmodsi4.o)
                              ./src/start.o (__divmodsi4)
/usr/lib/gcc/avr/5.4.0/avr51/libgcc.a(_negsi2.o)
                              /usr/lib/gcc/avr/5.4.0/avr51/libgcc.a(_divmodsi4.o) (__negsi2)
/usr/lib/gcc/avr/5.4.0/avr51/libgcc.a(_exit.o)
                              /usr/lib/gcc/avr/5.4.0/../../../avr/lib/avr51/crtatmega128.o (exit)
/usr/lib/gcc/avr/5.4.0/avr51/libgcc.a(_copy_data.o)
                              ./src/distance.o (__do_copy_data)
/usr/lib/gcc/avr/5.4.0/avr51/libgcc.a(_clear_bss.o)
                              ./src/distance.o (__do_clear_bss)
/usr/lib/gcc/avr/5.4.0/avr51/libgcc.a(_udivmodsi4.o)
                              /usr/lib/gcc/avr/5.4.0/avr51/libgcc.a(_divmodsi4.o) (__udivmodsi4)
/usr/lib/gcc/avr/5.4.0/../../../avr/lib/avr51/libc.a(sprintf.o)
                              ./src/distance.o (sprintf)
/usr/lib/gcc/avr/5.4.0/../../../avr/lib/avr51/libc.a(vfprintf_std.o)
                              /usr/lib/gcc/avr/5.4.0/../../../avr/lib/avr51/libc.a(sprintf.o) (vfprintf)
/usr/lib/gcc/avr/5.4.0/../../../avr/lib/avr51/libc.a(strnlen_P.o)
                              /usr/lib/gcc/avr/5.4.0/../../../avr/lib/avr51/libc.a(vfprintf_std.o) (strnlen_P)
/usr/lib/gcc/avr/5.4.0/../../../avr/lib/avr51/libc.a(strnlen.o)
                              /usr/lib/gcc/avr/5.4.0/../../../avr/lib/avr51/libc.a(vfprintf_std.o) (strnlen)
/usr/lib/gcc/avr/5.4.0/../../../avr/lib/avr51/libc.a(fputc.o)
                              /usr/lib/gcc/avr/5.4.0/../../../avr/lib/avr51/libc.a(vfprintf_std.o) (fputc)
/usr/lib/gcc/avr/5.4.0/../../../avr/lib/avr51/libc.a(ultoa_invert.o)
                              /usr/lib/gcc/avr/5.4.0/../../../avr/lib/avr51/libc.a(vfprintf_std.o) (__ultoa_invert)

Allocating common symbols
Common symbol       size              file

copro_ticks_offset_r
                    0x2               /home/defaultuser/Documents/niboLib/lib/libnibo2.a(copro.o)
nds3_distcalib_alpha
                    0x2               ./src/distance.o
copro_ticks_offset_l
                    0x2               /home/defaultuser/Documents/niboLib/lib/libnibo2.a(copro.o)
nds3_servocalib_mid
                    0x2               ./src/distance.o
copro_current_l     0x2               /home/defaultuser/Documents/niboLib/lib/libnibo2.a(copro.o)
nds3_pin            0x1               ./src/distance.o
gfx_dm              0x1               /home/defaultuser/Documents/niboLib/lib/libnibo2.a(gfx.o)
adc_random_seed     0x2               /home/defaultuser/Documents/niboLib/lib/libnibo2.a(adc.o)
spi_tx_buf          0x1b              /home/defaultuser/Documents/niboLib/lib/libnibo2.a(spi.o)
copro_commands      0x15              /home/defaultuser/Documents/niboLib/lib/libnibo2.a(copro.o)
spi_rx_size         0x1               /home/defaultuser/Documents/niboLib/lib/libnibo2.a(spi.o)
copro_ticks_l       0x2               /home/defaultuser/Documents/niboLib/lib/libnibo2.a(copro.o)
copro_rc5_cmd       0x2               /home/defaultuser/Documents/niboLib/lib/libnibo2.a(copro.o)
pwm_channel_A       0x2               /home/defaultuser/Documents/niboLib/lib/libnibo2.a(pwm.o)
copro_distance      0xa               /home/defaultuser/Documents/niboLib/lib/libnibo2.a(copro.o)
spi_err_cnt         0x1               /home/defaultuser/Documents/niboLib/lib/libnibo2.a(spi.o)
nds3_ddr            0x1               ./src/distance.o
copro_pos_x         0x4               /home/defaultuser/Documents/niboLib/lib/libnibo2.a(copro.o)
copro_pos_ori       0x4               /home/defaultuser/Documents/niboLib/lib/libnibo2.a(copro.o)
copro_speed_r       0x2               /home/defaultuser/Documents/niboLib/lib/libnibo2.a(copro.o)
pwm_channel_B       0x2               /home/defaultuser/Documents/niboLib/lib/libnibo2.a(pwm.o)
pwm_timer_ms        0x2               /home/defaultuser/Documents/niboLib/lib/libnibo2.a(pwm.o)
spi_tx_size         0x1               /home/defaultuser/Documents/niboLib/lib/libnibo2.a(spi.o)
gfx_term_row        0x1               /home/defaultuser/Documents/niboLib/lib/libnibo2.a(gfx.o)
gfx_proportional    0x1               /home/defaultuser/Documents/niboLib/lib/libnibo2.a(gfx.o)
copro_ticks_r       0x2               /home/defaultuser/Documents/niboLib/lib/libnibo2.a(copro.o)
copro_pos_y         0x4               /home/defaultuser/Documents/niboLib/lib/libnibo2.a(copro.o)
bot_supply          0x2               /home/defaultuser/Documents/niboLib/lib/libnibo2.a(bot.o)
spi_frame_cnt       0x1               /home/defaultuser/Documents/niboLib/lib/libnibo2.a(spi.o)
copro_ir_mode       0x1               /home/defaultuser/Documents/niboLib/lib/libnibo2.a(copro.o)
spi_size            0x1               /home/defaultuser/Documents/niboLib/lib/libnibo2.a(spi.o)
copro_rc5_count     0x1               /home/defaultuser/Documents/niboLib/lib/libnibo2.a(copro.o)
display_type        0x1               /home/defaultuser/Documents/niboLib/lib/libnibo2.a(display.o)
nds3_port           0x1               ./src/distance.o
gfx_x               0x1               /home/defaultuser/Documents/niboLib/lib/libnibo2.a(gfx.o)
copro_current_r     0x2               /home/defaultuser/Documents/niboLib/lib/libnibo2.a(copro.o)
copro_buffer        0x1b              /home/defaultuser/Documents/niboLib/lib/libnibo2.a(copro.o)
spi_rx_buf          0x1b              /home/defaultuser/Documents/niboLib/lib/libnibo2.a(spi.o)
gfx_tile            0x8               /home/defaultuser/Documents/niboLib/lib/libnibo2.a(gfx.o)
pwm_channel_C       0x2               /home/defaultuser/Documents/niboLib/lib/libnibo2.a(pwm.o)
nds3_servocalib_lo  0x2               ./src/distance.o
spi_tx_chk          0x1               /home/defaultuser/Documents/niboLib/lib/libnibo2.a(spi.o)
pwm_timer_sub       0x2               /home/defaultuser/Documents/niboLib/lib/libnibo2.a(pwm.o)
pwm_timer_sec       0x4               /home/defaultuser/Documents/niboLib/lib/libnibo2.a(pwm.o)
spi_pos             0x1               /home/defaultuser/Documents/niboLib/lib/libnibo2.a(spi.o)
gfx_y               0x1               /home/defaultuser/Documents/niboLib/lib/libnibo2.a(gfx.o)
copro_target_distance
                    0x2               /home/defaultuser/Documents/niboLib/lib/libnibo2.a(copro.o)
nds3_distcalib_v0   0x2               ./src/distance.o
spi_rx_chk          0x1               /home/defaultuser/Documents/niboLib/lib/libnibo2.a(spi.o)
gfx_term_col        0x1               /home/defaultuser/Documents/niboLib/lib/libnibo2.a(gfx.o)
copro_seq           0x1               /home/defaultuser/Documents/niboLib/lib/libnibo2.a(copro.o)
copro_speed_l       0x2               /home/defaultuser/Documents/niboLib/lib/libnibo2.a(copro.o)
nds3_distcalib_d0   0x2               ./src/distance.o
nds3_servocalib_hi  0x2               ./src/distance.o

Memory Configuration

Name             Origin             Length             Attributes
text             0x0000000000000000 0x0000000000020000 xr
data             0x0000000000800100 0x000000000000ff00 rw !x
eeprom           0x0000000000810000 0x0000000000010000 rw !x
fuse             0x0000000000820000 0x0000000000000003 rw !x
lock             0x0000000000830000 0x0000000000000400 rw !x
signature        0x0000000000840000 0x0000000000000400 rw !x
user_signatures  0x0000000000850000 0x0000000000000400 rw !x
*default*        0x0000000000000000 0xffffffffffffffff

Linker script and memory map

Address of section .data set to 0x800100
LOAD /usr/lib/gcc/avr/5.4.0/../../../avr/lib/avr51/crtatmega128.o
LOAD ./src/distance.o
LOAD ./src/drive.o
LOAD ./src/main.o
LOAD ./src/presentation.o
LOAD ./src/start.o
LOAD /home/defaultuser/Documents/niboLib/lib/libnds3.a
LOAD /home/defaultuser/Documents/niboLib/lib/libnibo2.a
LOAD /usr/lib/gcc/avr/5.4.0/../../../avr/lib/avr51/libprintf_flt.a
LOAD /usr/lib/gcc/avr/5.4.0/../../../avr/lib/avr51/libm.a
LOAD /home/defaultuser/Documents/niboLib/lib/libuart-0.a
START GROUP
LOAD /usr/lib/gcc/avr/5.4.0/avr51/libgcc.a
LOAD /usr/lib/gcc/avr/5.4.0/../../../avr/lib/avr51/libm.a
LOAD /usr/lib/gcc/avr/5.4.0/../../../avr/lib/avr51/libc.a
LOAD /usr/lib/gcc/avr/5.4.0/../../../avr/lib/avr51/libatmega128.a
END GROUP
                0x0000000000020000                __TEXT_REGION_LENGTH__ = DEFINED (__TEXT_REGION_LENGTH__)?__TEXT_REGION_LENGTH__:0x20000
                0x000000000000ff00                __DATA_REGION_LENGTH__ = DEFINED (__DATA_REGION_LENGTH__)?__DATA_REGION_LENGTH__:0xff00
                0x0000000000010000                __EEPROM_REGION_LENGTH__ = DEFINED (__EEPROM_REGION_LENGTH__)?__EEPROM_REGION_LENGTH__:0x10000
                [0x0000000000000003]                __FUSE_REGION_LENGTH__ = DEFINED (__FUSE_REGION_LENGTH__)?__FUSE_REGION_LENGTH__:0x400
                0x0000000000000400                __LOCK_REGION_LENGTH__ = DEFINED (__LOCK_REGION_LENGTH__)?__LOCK_REGION_LENGTH__:0x400
                0x0000000000000400                __SIGNATURE_REGION_LENGTH__ = DEFINED (__SIGNATURE_REGION_LENGTH__)?__SIGNATURE_REGION_LENGTH__:0x400
                0x0000000000000400                __USER_SIGNATURE_REGION_LENGTH__ = DEFINED (__USER_SIGNATURE_REGION_LENGTH__)?__USER_SIGNATURE_REGION_LENGTH__:0x400

.hash
 *(.hash)

.dynsym
 *(.dynsym)

.dynstr
 *(.dynstr)

.gnu.version
 *(.gnu.version)

.gnu.version_d
 *(.gnu.version_d)

.gnu.version_r
 *(.gnu.version_r)

.rel.init
 *(.rel.init)

.rela.init
 *(.rela.init)

.rel.text
 *(.rel.text)
 *(.rel.text.*)
 *(.rel.gnu.linkonce.t*)

.rela.text
 *(.rela.text)
 *(.rela.text.*)
 *(.rela.gnu.linkonce.t*)

.rel.fini
 *(.rel.fini)

.rela.fini
 *(.rela.fini)

.rel.rodata
 *(.rel.rodata)
 *(.rel.rodata.*)
 *(.rel.gnu.linkonce.r*)

.rela.rodata
 *(.rela.rodata)
 *(.rela.rodata.*)
 *(.rela.gnu.linkonce.r*)

.rel.data
 *(.rel.data)
 *(.rel.data.*)
 *(.rel.gnu.linkonce.d*)

.rela.data
 *(.rela.data)
 *(.rela.data.*)
 *(.rela.gnu.linkonce.d*)

.rel.ctors
 *(.rel.ctors)

.rela.ctors
 *(.rela.ctors)

.rel.dtors
 *(.rel.dtors)

.rela.dtors
 *(.rela.dtors)

.rel.got
 *(.rel.got)

.rela.got
 *(.rela.got)

.rel.bss
 *(.rel.bss)

.rela.bss
 *(.rela.bss)

.rel.plt
 *(.rel.plt)

.rela.plt
 *(.rela.plt)

.text           0x0000000000000000     0x2dd2
 *(.vectors)
 .vectors       0x0000000000000000       0x8c /usr/lib/gcc/avr/5.4.0/../../../avr/lib/avr51/crtatmega128.o
                0x0000000000000000                __vectors
                0x0000000000000000                __vector_default
 *(.vectors)
 *(.progmem.gcc*)
                0x000000000000008c                . = ALIGN (0x2)
                0x000000000000008c                __trampolines_start = .
 *(.trampolines)
 .trampolines   0x000000000000008c        0x0 linker stubs
 *(.trampolines*)
                0x000000000000008c                __trampolines_end = .
 *libprintf_flt.a:*(.progmem.data)
 *libc.a:*(.progmem.data)
 *(.progmem*)
 .progmem.data  0x000000000000008c        0x6 /home/defaultuser/Documents/niboLib/lib/libnibo2.a(bot.o)
                0x000000000000008c                bot_lib_version
                0x0000000000000091                bot_lib_revision
                0x0000000000000092                . = ALIGN (0x2)
 *(.jumptables)
 *(.jumptables*)
 *(.lowtext)
 *(.lowtext*)
                0x0000000000000092                __ctors_start = .
 *(.ctors)
                0x0000000000000092                __ctors_end = .
                0x0000000000000092                __dtors_start = .
 *(.dtors)
                0x0000000000000092                __dtors_end = .
 SORT(*)(.ctors)
 SORT(*)(.dtors)
 *(.init0)
 .init0         0x0000000000000092        0x0 /usr/lib/gcc/avr/5.4.0/../../../avr/lib/avr51/crtatmega128.o
                0x0000000000000092                __init
 *(.init0)
 *(.init1)
 *(.init1)
 *(.init2)
 .init2         0x0000000000000092        0xc /usr/lib/gcc/avr/5.4.0/../../../avr/lib/avr51/crtatmega128.o
 *(.init2)
 *(.init3)
 *(.init3)
 *(.init4)
 .init4         0x000000000000009e       0x1a /usr/lib/gcc/avr/5.4.0/avr51/libgcc.a(_copy_data.o)
                0x000000000000009e                __do_copy_data
 .init4         0x00000000000000b8       0x10 /usr/lib/gcc/avr/5.4.0/avr51/libgcc.a(_clear_bss.o)
                0x00000000000000b8                __do_clear_bss
 *(.init4)
 *(.init5)
 *(.init5)
 *(.init6)
 *(.init6)
 *(.init7)
 *(.init7)
 *(.init8)
 *(.init8)
 *(.init9)
 .init9         0x00000000000000c8        0x8 /usr/lib/gcc/avr/5.4.0/../../../avr/lib/avr51/crtatmega128.o
 *(.init9)
 *(.text)
 .text          0x00000000000000d0        0x4 /usr/lib/gcc/avr/5.4.0/../../../avr/lib/avr51/crtatmega128.o
                0x00000000000000d0                __vector_22
                0x00000000000000d0                __vector_28
                0x00000000000000d0                __vector_1
                0x00000000000000d0                __vector_32
                0x00000000000000d0                __vector_34
                0x00000000000000d0                __vector_24
                0x00000000000000d0                __vector_12
                0x00000000000000d0                __bad_interrupt
                0x00000000000000d0                __vector_6
                0x00000000000000d0                __vector_31
                0x00000000000000d0                __vector_3
                0x00000000000000d0                __vector_23
                0x00000000000000d0                __vector_30
                0x00000000000000d0                __vector_25
                0x00000000000000d0                __vector_11
                0x00000000000000d0                __vector_13
                0x00000000000000d0                __vector_19
                0x00000000000000d0                __vector_7
                0x00000000000000d0                __vector_27
                0x00000000000000d0                __vector_5
                0x00000000000000d0                __vector_33
                0x00000000000000d0                __vector_4
                0x00000000000000d0                __vector_9
                0x00000000000000d0                __vector_2
                0x00000000000000d0                __vector_21
                0x00000000000000d0                __vector_15
                0x00000000000000d0                __vector_29
                0x00000000000000d0                __vector_8
                0x00000000000000d0                __vector_26
                0x00000000000000d0                __vector_10
                0x00000000000000d0                __vector_16
                0x00000000000000d0                __vector_18
                0x00000000000000d0                __vector_20
 .text          0x00000000000000d4        0x0 ./src/distance.o
 .text          0x00000000000000d4        0x0 ./src/drive.o
 .text          0x00000000000000d4        0x0 ./src/main.o
 .text          0x00000000000000d4        0x0 ./src/presentation.o
 .text          0x00000000000000d4        0x0 ./src/start.o
 .text          0x00000000000000d4        0x0 /home/defaultuser/Documents/niboLib/lib/libnibo2.a(display.o)
 .text          0x00000000000000d4        0x0 /home/defaultuser/Documents/niboLib/lib/libnibo2.a(pwm.o)
 .text          0x00000000000000d4        0x0 /home/defaultuser/Documents/niboLib/lib/libnibo2.a(delay.o)
 .text          0x00000000000000d4        0x0 /home/defaultuser/Documents/niboLib/lib/libnibo2.a(spi.o)
 .text          0x00000000000000d4        0x0 /home/defaultuser/Documents/niboLib/lib/libnibo2.a(gfx.o)
 .text          0x00000000000000d4        0x0 /home/defaultuser/Documents/niboLib/lib/libnibo2.a(copro.o)
 .text          0x00000000000000d4        0x0 /home/defaultuser/Documents/niboLib/lib/libnibo2.a(bot.o)
 .text          0x00000000000000d4        0x0 /home/defaultuser/Documents/niboLib/lib/libnibo2.a(leds.o)
 .text          0x00000000000000d4        0x0 /home/defaultuser/Documents/niboLib/lib/libnibo2.a(sound.o)
 .text          0x00000000000000d4        0x0 /home/defaultuser/Documents/niboLib/lib/libnibo2.a(adc.o)
 .text          0x00000000000000d4        0x0 /usr/lib/gcc/avr/5.4.0/../../../avr/lib/avr51/libm.a(cmpsf2.o)
 .text          0x00000000000000d4        0x0 /usr/lib/gcc/avr/5.4.0/../../../avr/lib/avr51/libm.a(divsf3.o)
 .text          0x00000000000000d4        0x0 /usr/lib/gcc/avr/5.4.0/../../../avr/lib/avr51/libm.a(divsf3x.o)
 .text          0x00000000000000d4        0x0 /usr/lib/gcc/avr/5.4.0/../../../avr/lib/avr51/libm.a(fixunssfsi.o)
 .text          0x00000000000000d4        0x0 /usr/lib/gcc/avr/5.4.0/../../../avr/lib/avr51/libm.a(fp_cmp.o)
 .text          0x00000000000000d4        0x0 /usr/lib/gcc/avr/5.4.0/../../../avr/lib/avr51/libm.a(fp_inf.o)
 .text          0x00000000000000d4        0x0 /usr/lib/gcc/avr/5.4.0/../../../avr/lib/avr51/libm.a(fp_nan.o)
 .text          0x00000000000000d4        0x0 /usr/lib/gcc/avr/5.4.0/../../../avr/lib/avr51/libm.a(fp_pscA.o)
 .text          0x00000000000000d4        0x0 /usr/lib/gcc/avr/5.4.0/../../../avr/lib/avr51/libm.a(fp_pscB.o)
 .text          0x00000000000000d4        0x0 /usr/lib/gcc/avr/5.4.0/../../../avr/lib/avr51/libm.a(fp_round.o)
 .text          0x00000000000000d4        0x0 /usr/lib/gcc/avr/5.4.0/../../../avr/lib/avr51/libm.a(fp_split3.o)
 .text          0x00000000000000d4        0x0 /usr/lib/gcc/avr/5.4.0/../../../avr/lib/avr51/libm.a(fp_zero.o)
 .text          0x00000000000000d4        0x0 /usr/lib/gcc/avr/5.4.0/../../../avr/lib/avr51/libm.a(gesf2.o)
 .text          0x00000000000000d4        0x0 /usr/lib/gcc/avr/5.4.0/../../../avr/lib/avr51/libm.a(mulsf3.o)
 .text          0x00000000000000d4        0x0 /usr/lib/gcc/avr/5.4.0/../../../avr/lib/avr51/libm.a(mulsf3x.o)
 .text          0x00000000000000d4        0x0 /usr/lib/gcc/avr/5.4.0/avr51/libgcc.a(_divmodsi4.o)
 .text          0x00000000000000d4        0x0 /usr/lib/gcc/avr/5.4.0/avr51/libgcc.a(_negsi2.o)
 .text          0x00000000000000d4        0x0 /usr/lib/gcc/avr/5.4.0/avr51/libgcc.a(_exit.o)
 .text          0x00000000000000d4        0x0 /usr/lib/gcc/avr/5.4.0/avr51/libgcc.a(_copy_data.o)
 .text          0x00000000000000d4        0x0 /usr/lib/gcc/avr/5.4.0/avr51/libgcc.a(_clear_bss.o)
 .text          0x00000000000000d4        0x0 /usr/lib/gcc/avr/5.4.0/avr51/libgcc.a(_udivmodsi4.o)
 .text          0x00000000000000d4        0x0 /usr/lib/gcc/avr/5.4.0/../../../avr/lib/avr51/libc.a(sprintf.o)
 .text          0x00000000000000d4        0x0 /usr/lib/gcc/avr/5.4.0/../../../avr/lib/avr51/libc.a(vfprintf_std.o)
 .text          0x00000000000000d4        0x0 /usr/lib/gcc/avr/5.4.0/../../../avr/lib/avr51/libc.a(strnlen_P.o)
 .text          0x00000000000000d4        0x0 /usr/lib/gcc/avr/5.4.0/../../../avr/lib/avr51/libc.a(strnlen.o)
 .text          0x00000000000000d4        0x0 /usr/lib/gcc/avr/5.4.0/../../../avr/lib/avr51/libc.a(fputc.o)
 .text          0x00000000000000d4        0x0 /usr/lib/gcc/avr/5.4.0/../../../avr/lib/avr51/libc.a(ultoa_invert.o)
                0x00000000000000d4                . = ALIGN (0x2)
 *(.text.*)
 .text.findDirection
                0x00000000000000d4      0x50e ./src/distance.o
                0x00000000000000d4                findDirection
 .text.drive    0x00000000000005e2       0x28 ./src/drive.o
                0x00000000000005e2                drive
 .text.turnHalfLeft
                0x000000000000060a       0x28 ./src/drive.o
                0x000000000000060a                turnHalfLeft
 .text.turnLeft
                0x0000000000000632       0x28 ./src/drive.o
                0x0000000000000632                turnLeft
 .text.turnHalfRight
                0x000000000000065a       0x28 ./src/drive.o
                0x000000000000065a                turnHalfRight
 .text.turnRight
                0x0000000000000682       0x28 ./src/drive.o
                0x0000000000000682                turnRight
 .text.goBack   0x00000000000006aa       0x28 ./src/drive.o
                0x00000000000006aa                goBack
 .text.main     0x00000000000006d2       0x4a ./src/main.o
                0x00000000000006d2                main
 .text.LEDShow  0x000000000000071c       0x70 ./src/presentation.o
                0x000000000000071c                LEDShow
 .text.showNibo
                0x000000000000078c       0x50 ./src/presentation.o
                0x000000000000078c                showNibo
 .text.HindranceShow
                0x00000000000007dc       0x88 ./src/presentation.o
                0x00000000000007dc                HindranceShow
 .text.tone     0x0000000000000864      0x568 ./src/start.o
                0x0000000000000864                tone
 .text.start    0x0000000000000dcc      0x1ac ./src/start.o
                0x0000000000000dcc                start
 .text.display_write
                0x0000000000000f78       0x84 /home/defaultuser/Documents/niboLib/lib/libnibo2.a(display.o)
                0x0000000000000f78                display_write
 .text.display_read
                0x0000000000000ffc       0x7e /home/defaultuser/Documents/niboLib/lib/libnibo2.a(display.o)
                0x0000000000000ffc                display_read
 .text.display_wait
                0x000000000000107a       0x3c /home/defaultuser/Documents/niboLib/lib/libnibo2.a(display.o)
                0x000000000000107a                display_wait
 .text.display_init
                0x00000000000010b6       0xc4 /home/defaultuser/Documents/niboLib/lib/libnibo2.a(display.o)
                0x00000000000010b6                display_init
 .text.pwm_init
                0x000000000000117a       0x64 /home/defaultuser/Documents/niboLib/lib/libnibo2.a(pwm.o)
                0x000000000000117a                pwm_init
 .text.__vector_14
                0x00000000000011de      0x10c /home/defaultuser/Documents/niboLib/lib/libnibo2.a(pwm.o)
                0x00000000000011de                __vector_14
 .text.delay    0x00000000000012ea       0x16 /home/defaultuser/Documents/niboLib/lib/libnibo2.a(delay.o)
                0x00000000000012ea                delay
 .text.spi_tx   0x0000000000001300        0xe /home/defaultuser/Documents/niboLib/lib/libnibo2.a(spi.o)
 .text.spi_restart_transmission
                0x000000000000130e       0x36 /home/defaultuser/Documents/niboLib/lib/libnibo2.a(spi.o)
                0x000000000000130e                spi_restart_transmission
 .text.spi_init
                0x0000000000001344        0xe /home/defaultuser/Documents/niboLib/lib/libnibo2.a(spi.o)
                0x0000000000001344                spi_init
 .text.__vector_17
                0x0000000000001352      0x11a /home/defaultuser/Documents/niboLib/lib/libnibo2.a(spi.o)
                0x0000000000001352                __vector_17
 .text.gfx_store_disp_tile
                0x000000000000146c       0x94 /home/defaultuser/Documents/niboLib/lib/libnibo2.a(gfx.o)
 .text.gfx_get_x
                0x0000000000001500        0x6 /home/defaultuser/Documents/niboLib/lib/libnibo2.a(gfx.o)
                0x0000000000001500                gfx_get_x
 .text.gfx_get_y
                0x0000000000001506        0x6 /home/defaultuser/Documents/niboLib/lib/libnibo2.a(gfx.o)
                0x0000000000001506                gfx_get_y
 .text.gfx_draw_mode
                0x000000000000150c        0x6 /home/defaultuser/Documents/niboLib/lib/libnibo2.a(gfx.o)
                0x000000000000150c                gfx_draw_mode
 .text.gfx_move
                0x0000000000001512       0x64 /home/defaultuser/Documents/niboLib/lib/libnibo2.a(gfx.o)
                0x0000000000001512                gfx_move
 .text.gfx_fill
                0x0000000000001576       0x70 /home/defaultuser/Documents/niboLib/lib/libnibo2.a(gfx.o)
                0x0000000000001576                gfx_fill
 .text.gfx_display_write2
                0x00000000000015e6       0x8c /home/defaultuser/Documents/niboLib/lib/libnibo2.a(gfx.o)
                0x00000000000015e6                gfx_display_write2
 .text.gfx_char_width
                0x0000000000001672       0x34 /home/defaultuser/Documents/niboLib/lib/libnibo2.a(gfx.o)
                0x0000000000001672                gfx_char_width
 .text.gfx_print_char_base
                0x00000000000016a6       0xf2 /home/defaultuser/Documents/niboLib/lib/libnibo2.a(gfx.o)
                0x00000000000016a6                gfx_print_char_base
 .text.gfx_print_char
                0x0000000000001798       0x4e /home/defaultuser/Documents/niboLib/lib/libnibo2.a(gfx.o)
                0x0000000000001798                gfx_print_char
 .text.gfx_print_text
                0x00000000000017e6       0x18 /home/defaultuser/Documents/niboLib/lib/libnibo2.a(gfx.o)
                0x00000000000017e6                gfx_print_text
 .text.gfx_text_width
                0x00000000000017fe       0x2a /home/defaultuser/Documents/niboLib/lib/libnibo2.a(gfx.o)
                0x00000000000017fe                gfx_text_width
 .text.gfx_print_text_P
                0x0000000000001828       0x22 /home/defaultuser/Documents/niboLib/lib/libnibo2.a(gfx.o)
                0x0000000000001828                gfx_print_text_P
 .text.gfx_text_width_P
                0x000000000000184a       0x32 /home/defaultuser/Documents/niboLib/lib/libnibo2.a(gfx.o)
                0x000000000000184a                gfx_text_width_P
 .text.gfx_init
                0x000000000000187c       0x7e /home/defaultuser/Documents/niboLib/lib/libnibo2.a(gfx.o)
                0x000000000000187c                gfx_init
 .text.gfx_set_proportional
                0x00000000000018fa        0x6 /home/defaultuser/Documents/niboLib/lib/libnibo2.a(gfx.o)
                0x00000000000018fa                gfx_set_proportional
 .text.gfx_get_proportional
                0x0000000000001900        0x6 /home/defaultuser/Documents/niboLib/lib/libnibo2.a(gfx.o)
                0x0000000000001900                gfx_get_proportional
 .text.gfx_hline
                0x0000000000001906       0x2c /home/defaultuser/Documents/niboLib/lib/libnibo2.a(gfx.o)
                0x0000000000001906                gfx_hline
 .text.gfx_box  0x0000000000001932       0x9a /home/defaultuser/Documents/niboLib/lib/libnibo2.a(gfx.o)
                0x0000000000001932                gfx_box
 .text.gfx_vline
                0x00000000000019cc        0x8 /home/defaultuser/Documents/niboLib/lib/libnibo2.a(gfx.o)
                0x00000000000019cc                gfx_vline
 .text.gfx_draw_xbm
                0x00000000000019d4      0x14a /home/defaultuser/Documents/niboLib/lib/libnibo2.a(gfx.o)
                0x00000000000019d4                gfx_draw_xbm
 .text.gfx_draw_xbm_P
                0x0000000000001b1e      0x146 /home/defaultuser/Documents/niboLib/lib/libnibo2.a(gfx.o)
                0x0000000000001b1e                gfx_draw_xbm_P
 .text.gfx_pixel
                0x0000000000001c64       0x22 /home/defaultuser/Documents/niboLib/lib/libnibo2.a(gfx.o)
                0x0000000000001c64                gfx_pixel
 .text.gfx_lineTo
                0x0000000000001c86      0x10e /home/defaultuser/Documents/niboLib/lib/libnibo2.a(gfx.o)
                0x0000000000001c86                gfx_lineTo
 .text.gfx_term_clear
                0x0000000000001d94       0x10 /home/defaultuser/Documents/niboLib/lib/libnibo2.a(gfx.o)
                0x0000000000001d94                gfx_term_clear
 .text.gfx_term_goto
                0x0000000000001da4       0x12 /home/defaultuser/Documents/niboLib/lib/libnibo2.a(gfx.o)
                0x0000000000001da4                gfx_term_goto
 .text.gfx_term_scroll
                0x0000000000001db6      0x100 /home/defaultuser/Documents/niboLib/lib/libnibo2.a(gfx.o)
                0x0000000000001db6                gfx_term_scroll
 .text.gfx_term_print
                0x0000000000001eb6       0x8c /home/defaultuser/Documents/niboLib/lib/libnibo2.a(gfx.o)
                0x0000000000001eb6                gfx_term_print
 .text.wait_copro
                0x0000000000001f42       0x28 /home/defaultuser/Documents/niboLib/lib/libnibo2.a(copro.o)
 .text.spi_finished_callback
                0x0000000000001f6a       0xa8 /home/defaultuser/Documents/niboLib/lib/libnibo2.a(copro.o)
                0x0000000000001f6a                spi_finished_callback
 .text._copro_check_busy
                0x0000000000002012       0x1a /home/defaultuser/Documents/niboLib/lib/libnibo2.a(copro.o)
                0x0000000000002012                _copro_check_busy
 .text.copro_update
                0x000000000000202c      0x154 /home/defaultuser/Documents/niboLib/lib/libnibo2.a(copro.o)
                0x000000000000202c                copro_update
 .text.copro_stop
                0x0000000000002180        0xc /home/defaultuser/Documents/niboLib/lib/libnibo2.a(copro.o)
                0x0000000000002180                copro_stop
 .text.copro_stopImmediate
                0x000000000000218c        0xe /home/defaultuser/Documents/niboLib/lib/libnibo2.a(copro.o)
                0x000000000000218c                copro_stopImmediate
 .text.copro_setPWM
                0x000000000000219a       0x18 /home/defaultuser/Documents/niboLib/lib/libnibo2.a(copro.o)
                0x000000000000219a                copro_setPWM
 .text.copro_setSpeed
                0x00000000000021b2       0x18 /home/defaultuser/Documents/niboLib/lib/libnibo2.a(copro.o)
                0x00000000000021b2                copro_setSpeed
 .text.copro_setTargetAbs
                0x00000000000021ca       0x34 /home/defaultuser/Documents/niboLib/lib/libnibo2.a(copro.o)
                0x00000000000021ca                copro_setTargetAbs
 .text.copro_setTargetRel
                0x00000000000021fe       0x1c /home/defaultuser/Documents/niboLib/lib/libnibo2.a(copro.o)
                0x00000000000021fe                copro_setTargetRel
 .text.copro_setSpeedParameters
                0x000000000000221a       0x2e /home/defaultuser/Documents/niboLib/lib/libnibo2.a(copro.o)
                0x000000000000221a                copro_setSpeedParameters
 .text.copro_setPositionParameters
                0x0000000000002248        0x4 /home/defaultuser/Documents/niboLib/lib/libnibo2.a(copro.o)
                0x0000000000002248                copro_setPositionParameters
 .text.copro_resetOdometry
                0x000000000000224c       0x54 /home/defaultuser/Documents/niboLib/lib/libnibo2.a(copro.o)
                0x000000000000224c                copro_resetOdometry
 .text.copro_ir_stop
                0x00000000000022a0       0x14 /home/defaultuser/Documents/niboLib/lib/libnibo2.a(copro.o)
                0x00000000000022a0                copro_ir_stop
 .text.copro_ir_startMeasure
                0x00000000000022b4       0x14 /home/defaultuser/Documents/niboLib/lib/libnibo2.a(copro.o)
                0x00000000000022b4                copro_ir_startMeasure
 .text.copro_transmitRC5
                0x00000000000022c8       0x26 /home/defaultuser/Documents/niboLib/lib/libnibo2.a(copro.o)
                0x00000000000022c8                copro_transmitRC5
 .text.bot_init
                0x00000000000022ee       0x16 /home/defaultuser/Documents/niboLib/lib/libnibo2.a(bot.o)
                0x00000000000022ee                bot_init
 .text.bot_update
                0x0000000000002304       0x10 /home/defaultuser/Documents/niboLib/lib/libnibo2.a(bot.o)
                0x0000000000002304                bot_update
 .text.leds_init
                0x0000000000002314       0x10 /home/defaultuser/Documents/niboLib/lib/libnibo2.a(leds.o)
                0x0000000000002314                leds_init
 .text.leds_set_status
                0x0000000000002324       0x48 /home/defaultuser/Documents/niboLib/lib/libnibo2.a(leds.o)
                0x0000000000002324                leds_set_status
 .text.leds_set_status_intensity
                0x000000000000236c        0xa /home/defaultuser/Documents/niboLib/lib/libnibo2.a(leds.o)
                0x000000000000236c                leds_set_status_intensity
 .text.leds_get_status_intensity
                0x0000000000002376        0xa /home/defaultuser/Documents/niboLib/lib/libnibo2.a(leds.o)
                0x0000000000002376                leds_get_status_intensity
 .text.leds_set_headlights
                0x0000000000002380        0xa /home/defaultuser/Documents/niboLib/lib/libnibo2.a(leds.o)
                0x0000000000002380                leds_set_headlights
 .text.leds_get_headlights
                0x000000000000238a        0xa /home/defaultuser/Documents/niboLib/lib/libnibo2.a(leds.o)
                0x000000000000238a                leds_get_headlights
 .text.leds_set_displaylight
                0x0000000000002394        0xa /home/defaultuser/Documents/niboLib/lib/libnibo2.a(leds.o)
                0x0000000000002394                leds_set_displaylight
 .text.leds_get_displaylight
                0x000000000000239e        0xa /home/defaultuser/Documents/niboLib/lib/libnibo2.a(leds.o)
                0x000000000000239e                leds_get_displaylight
 .text.sound_init
                0x00000000000023a8        0x4 /home/defaultuser/Documents/niboLib/lib/libnibo2.a(sound.o)
                0x00000000000023a8                sound_init
 .text.sound_tone
                0x00000000000023ac       0x4a /home/defaultuser/Documents/niboLib/lib/libnibo2.a(sound.o)
                0x00000000000023ac                sound_tone
 .text.adc_init
                0x00000000000023f6       0x24 /home/defaultuser/Documents/niboLib/lib/libnibo2.a(adc.o)
                0x00000000000023f6                adc_init
 .text.adc_read
                0x000000000000241a       0x3c /home/defaultuser/Documents/niboLib/lib/libnibo2.a(adc.o)
                0x000000000000241a                adc_read
 .text.adc_get_random_seed
                0x0000000000002456        0xa /home/defaultuser/Documents/niboLib/lib/libnibo2.a(adc.o)
                0x0000000000002456                adc_get_random_seed
 .text.avr-libc.fplib
                0x0000000000002460        0xa /usr/lib/gcc/avr/5.4.0/../../../avr/lib/avr51/libm.a(cmpsf2.o)
                0x0000000000002460                __lesf2
                0x0000000000002460                __nesf2
                0x0000000000002460                __eqsf2
                0x0000000000002460                __cmpsf2
                0x0000000000002460                __ltsf2
 .text.avr-libc.fplib
                0x000000000000246a        0x8 /usr/lib/gcc/avr/5.4.0/../../../avr/lib/avr51/libm.a(divsf3.o)
                0x000000000000246a                __divsf3
 .text.avr-libc.fplib
                0x0000000000002472       0xdc /usr/lib/gcc/avr/5.4.0/../../../avr/lib/avr51/libm.a(divsf3x.o)
                0x0000000000002492                __divsf3x
                0x0000000000002498                __divsf3_pse
 .text.avr-libc.fplib
                0x000000000000254e       0x5e /usr/lib/gcc/avr/5.4.0/../../../avr/lib/avr51/libm.a(fixunssfsi.o)
                0x000000000000254e                __fixunssfsi
 .text.avr-libc.fplib
                0x00000000000025ac       0x48 /usr/lib/gcc/avr/5.4.0/../../../avr/lib/avr51/libm.a(fp_cmp.o)
                0x00000000000025ac                __fp_cmp
 .text.avr-libc.fplib
                0x00000000000025f4        0xc /usr/lib/gcc/avr/5.4.0/../../../avr/lib/avr51/libm.a(fp_inf.o)
                0x00000000000025f4                __fp_inf
 .text.avr-libc.fplib
                0x0000000000002600        0x6 /usr/lib/gcc/avr/5.4.0/../../../avr/lib/avr51/libm.a(fp_nan.o)
                0x0000000000002600                __fp_nan
 .text.avr-libc.fplib
                0x0000000000002606        0xe /usr/lib/gcc/avr/5.4.0/../../../avr/lib/avr51/libm.a(fp_pscA.o)
                0x0000000000002606                __fp_pscA
 .text.avr-libc.fplib
                0x0000000000002614        0xe /usr/lib/gcc/avr/5.4.0/../../../avr/lib/avr51/libm.a(fp_pscB.o)
                0x0000000000002614                __fp_pscB
 .text.avr-libc.fplib
                0x0000000000002622       0x22 /usr/lib/gcc/avr/5.4.0/../../../avr/lib/avr51/libm.a(fp_round.o)
                0x0000000000002622                __fp_round
 .text.avr-libc.fplib
                0x0000000000002644       0x44 /usr/lib/gcc/avr/5.4.0/../../../avr/lib/avr51/libm.a(fp_split3.o)
                0x0000000000002644                __fp_split3
                0x0000000000002654                __fp_splitA
 .text.avr-libc.fplib
                0x0000000000002688        0xe /usr/lib/gcc/avr/5.4.0/../../../avr/lib/avr51/libm.a(fp_zero.o)
                0x0000000000002688                __fp_zero
                0x000000000000268a                __fp_szero
 .text.avr-libc.fplib
                0x0000000000002696        0xa /usr/lib/gcc/avr/5.4.0/../../../avr/lib/avr51/libm.a(gesf2.o)
                0x0000000000002696                __gtsf2
                0x0000000000002696                __gesf2
 .text.avr-libc.fplib
                0x00000000000026a0        0x8 /usr/lib/gcc/avr/5.4.0/../../../avr/lib/avr51/libm.a(mulsf3.o)
                0x00000000000026a0                __mulsf3
 .text.avr-libc.fplib
                0x00000000000026a8       0xd2 /usr/lib/gcc/avr/5.4.0/../../../avr/lib/avr51/libm.a(mulsf3x.o)
                0x00000000000026c6                __mulsf3x
                0x00000000000026cc                __mulsf3_pse
 .text.libgcc.mul
                0x000000000000277a        0x0 /usr/lib/gcc/avr/5.4.0/avr51/libgcc.a(_divmodsi4.o)
 .text.libgcc.div
                0x000000000000277a       0x2e /usr/lib/gcc/avr/5.4.0/avr51/libgcc.a(_divmodsi4.o)
                0x000000000000277a                __divmodsi4
 .text.libgcc   0x00000000000027a8        0x0 /usr/lib/gcc/avr/5.4.0/avr51/libgcc.a(_divmodsi4.o)
 .text.libgcc.prologue
                0x00000000000027a8        0x0 /usr/lib/gcc/avr/5.4.0/avr51/libgcc.a(_divmodsi4.o)
 .text.libgcc.builtins
                0x00000000000027a8        0x0 /usr/lib/gcc/avr/5.4.0/avr51/libgcc.a(_divmodsi4.o)
 .text.libgcc.fmul
                0x00000000000027a8        0x0 /usr/lib/gcc/avr/5.4.0/avr51/libgcc.a(_divmodsi4.o)
 .text.libgcc.fixed
                0x00000000000027a8        0x0 /usr/lib/gcc/avr/5.4.0/avr51/libgcc.a(_divmodsi4.o)
 .text.libgcc.mul
                0x00000000000027a8        0x0 /usr/lib/gcc/avr/5.4.0/avr51/libgcc.a(_negsi2.o)
 .text.libgcc.div
                0x00000000000027a8       0x10 /usr/lib/gcc/avr/5.4.0/avr51/libgcc.a(_negsi2.o)
                0x00000000000027a8                __negsi2
 .text.libgcc   0x00000000000027b8        0x0 /usr/lib/gcc/avr/5.4.0/avr51/libgcc.a(_negsi2.o)
 .text.libgcc.prologue
                0x00000000000027b8        0x0 /usr/lib/gcc/avr/5.4.0/avr51/libgcc.a(_negsi2.o)
 .text.libgcc.builtins
                0x00000000000027b8        0x0 /usr/lib/gcc/avr/5.4.0/avr51/libgcc.a(_negsi2.o)
 .text.libgcc.fmul
                0x00000000000027b8        0x0 /usr/lib/gcc/avr/5.4.0/avr51/libgcc.a(_negsi2.o)
 .text.libgcc.fixed
                0x00000000000027b8        0x0 /usr/lib/gcc/avr/5.4.0/avr51/libgcc.a(_negsi2.o)
 .text.libgcc.mul
                0x00000000000027b8        0x0 /usr/lib/gcc/avr/5.4.0/avr51/libgcc.a(_exit.o)
 .text.libgcc.div
                0x00000000000027b8        0x0 /usr/lib/gcc/avr/5.4.0/avr51/libgcc.a(_exit.o)
 .text.libgcc   0x00000000000027b8        0x0 /usr/lib/gcc/avr/5.4.0/avr51/libgcc.a(_exit.o)
 .text.libgcc.prologue
                0x00000000000027b8        0x0 /usr/lib/gcc/avr/5.4.0/avr51/libgcc.a(_exit.o)
 .text.libgcc.builtins
                0x00000000000027b8        0x0 /usr/lib/gcc/avr/5.4.0/avr51/libgcc.a(_exit.o)
 .text.libgcc.fmul
                0x00000000000027b8        0x0 /usr/lib/gcc/avr/5.4.0/avr51/libgcc.a(_exit.o)
 .text.libgcc.fixed
                0x00000000000027b8        0x0 /usr/lib/gcc/avr/5.4.0/avr51/libgcc.a(_exit.o)
 .text.libgcc.mul
                0x00000000000027b8        0x0 /usr/lib/gcc/avr/5.4.0/avr51/libgcc.a(_copy_data.o)
 .text.libgcc.div
                0x00000000000027b8        0x0 /usr/lib/gcc/avr/5.4.0/avr51/libgcc.a(_copy_data.o)
 .text.libgcc   0x00000000000027b8        0x0 /usr/lib/gcc/avr/5.4.0/avr51/libgcc.a(_copy_data.o)
 .text.libgcc.prologue
                0x00000000000027b8        0x0 /usr/lib/gcc/avr/5.4.0/avr51/libgcc.a(_copy_data.o)
 .text.libgcc.builtins
                0x00000000000027b8        0x0 /usr/lib/gcc/avr/5.4.0/avr51/libgcc.a(_copy_data.o)
 .text.libgcc.fmul
                0x00000000000027b8        0x0 /usr/lib/gcc/avr/5.4.0/avr51/libgcc.a(_copy_data.o)
 .text.libgcc.fixed
                0x00000000000027b8        0x0 /usr/lib/gcc/avr/5.4.0/avr51/libgcc.a(_copy_data.o)
 .text.libgcc.mul
                0x00000000000027b8        0x0 /usr/lib/gcc/avr/5.4.0/avr51/libgcc.a(_clear_bss.o)
 .text.libgcc.div
                0x00000000000027b8        0x0 /usr/lib/gcc/avr/5.4.0/avr51/libgcc.a(_clear_bss.o)
 .text.libgcc   0x00000000000027b8        0x0 /usr/lib/gcc/avr/5.4.0/avr51/libgcc.a(_clear_bss.o)
 .text.libgcc.prologue
                0x00000000000027b8        0x0 /usr/lib/gcc/avr/5.4.0/avr51/libgcc.a(_clear_bss.o)
 .text.libgcc.builtins
                0x00000000000027b8        0x0 /usr/lib/gcc/avr/5.4.0/avr51/libgcc.a(_clear_bss.o)
 .text.libgcc.fmul
                0x00000000000027b8        0x0 /usr/lib/gcc/avr/5.4.0/avr51/libgcc.a(_clear_bss.o)
 .text.libgcc.fixed
                0x00000000000027b8        0x0 /usr/lib/gcc/avr/5.4.0/avr51/libgcc.a(_clear_bss.o)
 .text.libgcc.mul
                0x00000000000027b8        0x0 /usr/lib/gcc/avr/5.4.0/avr51/libgcc.a(_udivmodsi4.o)
 .text.libgcc.div
                0x00000000000027b8       0x44 /usr/lib/gcc/avr/5.4.0/avr51/libgcc.a(_udivmodsi4.o)
                0x00000000000027b8                __udivmodsi4
 .text.libgcc   0x00000000000027fc        0x0 /usr/lib/gcc/avr/5.4.0/avr51/libgcc.a(_udivmodsi4.o)
 .text.libgcc.prologue
                0x00000000000027fc        0x0 /usr/lib/gcc/avr/5.4.0/avr51/libgcc.a(_udivmodsi4.o)
 .text.libgcc.builtins
                0x00000000000027fc        0x0 /usr/lib/gcc/avr/5.4.0/avr51/libgcc.a(_udivmodsi4.o)
 .text.libgcc.fmul
                0x00000000000027fc        0x0 /usr/lib/gcc/avr/5.4.0/avr51/libgcc.a(_udivmodsi4.o)
 .text.libgcc.fixed
                0x00000000000027fc        0x0 /usr/lib/gcc/avr/5.4.0/avr51/libgcc.a(_udivmodsi4.o)
 .text.avr-libc
                0x00000000000027fc       0x5e /usr/lib/gcc/avr/5.4.0/../../../avr/lib/avr51/libc.a(sprintf.o)
                0x00000000000027fc                sprintf
 .text.avr-libc
                0x000000000000285a      0x414 /usr/lib/gcc/avr/5.4.0/../../../avr/lib/avr51/libc.a(vfprintf_std.o)
                0x000000000000285a                vfprintf
 .text.avr-libc
                0x0000000000002c6e       0x16 /usr/lib/gcc/avr/5.4.0/../../../avr/lib/avr51/libc.a(strnlen_P.o)
                0x0000000000002c6e                strnlen_P
 .text.avr-libc
                0x0000000000002c84       0x16 /usr/lib/gcc/avr/5.4.0/../../../avr/lib/avr51/libc.a(strnlen.o)
                0x0000000000002c84                strnlen
 .text.avr-libc
                0x0000000000002c9a       0x78 /usr/lib/gcc/avr/5.4.0/../../../avr/lib/avr51/libc.a(fputc.o)
                0x0000000000002c9a                fputc
 .text.avr-libc
                0x0000000000002d12       0xbc /usr/lib/gcc/avr/5.4.0/../../../avr/lib/avr51/libc.a(ultoa_invert.o)
                0x0000000000002d12                __ultoa_invert
                0x0000000000002dce                . = ALIGN (0x2)
 *(.fini9)
 .fini9         0x0000000000002dce        0x0 /usr/lib/gcc/avr/5.4.0/avr51/libgcc.a(_exit.o)
                0x0000000000002dce                exit
                0x0000000000002dce                _exit
 *(.fini9)
 *(.fini8)
 *(.fini8)
 *(.fini7)
 *(.fini7)
 *(.fini6)
 *(.fini6)
 *(.fini5)
 *(.fini5)
 *(.fini4)
 *(.fini4)
 *(.fini3)
 *(.fini3)
 *(.fini2)
 *(.fini2)
 *(.fini1)
 *(.fini1)
 *(.fini0)
 .fini0         0x0000000000002dce        0x4 /usr/lib/gcc/avr/5.4.0/avr51/libgcc.a(_exit.o)
 *(.fini0)
                0x0000000000002dd2                _etext = .

.data           0x0000000000800100      0x2d6 load address 0x0000000000002dd2
                0x0000000000800100                PROVIDE (__data_start, .)
 *(.data)
 .data          0x0000000000800100        0x0 /usr/lib/gcc/avr/5.4.0/../../../avr/lib/avr51/crtatmega128.o
 .data          0x0000000000800100        0x0 ./src/distance.o
 .data          0x0000000000800100        0x0 ./src/drive.o
 .data          0x0000000000800100        0x0 ./src/main.o
 .data          0x0000000000800100        0x0 ./src/presentation.o
 .data          0x0000000000800100        0x0 ./src/start.o
 .data          0x0000000000800100        0x0 /home/defaultuser/Documents/niboLib/lib/libnibo2.a(display.o)
 .data          0x0000000000800100        0x0 /home/defaultuser/Documents/niboLib/lib/libnibo2.a(pwm.o)
 .data          0x0000000000800100        0x0 /home/defaultuser/Documents/niboLib/lib/libnibo2.a(delay.o)
 .data          0x0000000000800100        0x0 /home/defaultuser/Documents/niboLib/lib/libnibo2.a(spi.o)
 .data          0x0000000000800100        0x0 /home/defaultuser/Documents/niboLib/lib/libnibo2.a(gfx.o)
 .data          0x0000000000800100        0x0 /home/defaultuser/Documents/niboLib/lib/libnibo2.a(copro.o)
 .data          0x0000000000800100        0x0 /home/defaultuser/Documents/niboLib/lib/libnibo2.a(bot.o)
 .data          0x0000000000800100        0x0 /home/defaultuser/Documents/niboLib/lib/libnibo2.a(leds.o)
 .data          0x0000000000800100        0x0 /home/defaultuser/Documents/niboLib/lib/libnibo2.a(sound.o)
 .data          0x0000000000800100        0x0 /home/defaultuser/Documents/niboLib/lib/libnibo2.a(adc.o)
 .data          0x0000000000800100        0x0 /usr/lib/gcc/avr/5.4.0/../../../avr/lib/avr51/libm.a(cmpsf2.o)
 .data          0x0000000000800100        0x0 /usr/lib/gcc/avr/5.4.0/../../../avr/lib/avr51/libm.a(divsf3.o)
 .data          0x0000000000800100        0x0 /usr/lib/gcc/avr/5.4.0/../../../avr/lib/avr51/libm.a(divsf3x.o)
 .data          0x0000000000800100        0x0 /usr/lib/gcc/avr/5.4.0/../../../avr/lib/avr51/libm.a(fixunssfsi.o)
 .data          0x0000000000800100        0x0 /usr/lib/gcc/avr/5.4.0/../../../avr/lib/avr51/libm.a(fp_cmp.o)
 .data          0x0000000000800100        0x0 /usr/lib/gcc/avr/5.4.0/../../../avr/lib/avr51/libm.a(fp_inf.o)
 .data          0x0000000000800100        0x0 /usr/lib/gcc/avr/5.4.0/../../../avr/lib/avr51/libm.a(fp_nan.o)
 .data          0x0000000000800100        0x0 /usr/lib/gcc/avr/5.4.0/../../../avr/lib/avr51/libm.a(fp_pscA.o)
 .data          0x0000000000800100        0x0 /usr/lib/gcc/avr/5.4.0/../../../avr/lib/avr51/libm.a(fp_pscB.o)
 .data          0x0000000000800100        0x0 /usr/lib/gcc/avr/5.4.0/../../../avr/lib/avr51/libm.a(fp_round.o)
 .data          0x0000000000800100        0x0 /usr/lib/gcc/avr/5.4.0/../../../avr/lib/avr51/libm.a(fp_split3.o)
 .data          0x0000000000800100        0x0 /usr/lib/gcc/avr/5.4.0/../../../avr/lib/avr51/libm.a(fp_zero.o)
 .data          0x0000000000800100        0x0 /usr/lib/gcc/avr/5.4.0/../../../avr/lib/avr51/libm.a(gesf2.o)
 .data          0x0000000000800100        0x0 /usr/lib/gcc/avr/5.4.0/../../../avr/lib/avr51/libm.a(mulsf3.o)
 .data          0x0000000000800100        0x0 /usr/lib/gcc/avr/5.4.0/../../../avr/lib/avr51/libm.a(mulsf3x.o)
 .data          0x0000000000800100        0x0 /usr/lib/gcc/avr/5.4.0/avr51/libgcc.a(_divmodsi4.o)
 .data          0x0000000000800100        0x0 /usr/lib/gcc/avr/5.4.0/avr51/libgcc.a(_negsi2.o)
 .data          0x0000000000800100        0x0 /usr/lib/gcc/avr/5.4.0/avr51/libgcc.a(_exit.o)
 .data          0x0000000000800100        0x0 /usr/lib/gcc/avr/5.4.0/avr51/libgcc.a(_copy_data.o)
 .data          0x0000000000800100        0x0 /usr/lib/gcc/avr/5.4.0/avr51/libgcc.a(_clear_bss.o)
 .data          0x0000000000800100        0x0 /usr/lib/gcc/avr/5.4.0/avr51/libgcc.a(_udivmodsi4.o)
 .data          0x0000000000800100        0x0 /usr/lib/gcc/avr/5.4.0/../../../avr/lib/avr51/libc.a(sprintf.o)
 .data          0x0000000000800100        0x0 /usr/lib/gcc/avr/5.4.0/../../../avr/lib/avr51/libc.a(vfprintf_std.o)
 .data          0x0000000000800100        0x0 /usr/lib/gcc/avr/5.4.0/../../../avr/lib/avr51/libc.a(strnlen_P.o)
 .data          0x0000000000800100        0x0 /usr/lib/gcc/avr/5.4.0/../../../avr/lib/avr51/libc.a(strnlen.o)
 .data          0x0000000000800100        0x0 /usr/lib/gcc/avr/5.4.0/../../../avr/lib/avr51/libc.a(fputc.o)
 .data          0x0000000000800100        0x0 /usr/lib/gcc/avr/5.4.0/../../../avr/lib/avr51/libc.a(ultoa_invert.o)
 *(.data*)
 *(.rodata)
 .rodata        0x0000000000800100       0x28 ./src/distance.o
 .rodata        0x0000000000800128       0x6e ./src/start.o
 .rodata        0x0000000000800196      0x240 /home/defaultuser/Documents/niboLib/lib/libnibo2.a(gfx.o)
                0x0000000000800196                fontTiles
 *(.rodata*)
 *(.gnu.linkonce.d*)
                0x00000000008003d6                . = ALIGN (0x2)
                0x00000000008003d6                _edata = .
                0x00000000008003d6                PROVIDE (__data_end, .)

.bss            0x00000000008003d6       0xcf
                0x00000000008003d6                PROVIDE (__bss_start, .)
 *(.bss)
 .bss           0x00000000008003d6        0x0 /usr/lib/gcc/avr/5.4.0/../../../avr/lib/avr51/crtatmega128.o
 .bss           0x00000000008003d6        0x0 ./src/distance.o
 .bss           0x00000000008003d6        0x0 ./src/drive.o
 .bss           0x00000000008003d6        0x0 ./src/main.o
 .bss           0x00000000008003d6        0x0 ./src/presentation.o
 .bss           0x00000000008003d6        0x0 ./src/start.o
 .bss           0x00000000008003d6        0x0 /home/defaultuser/Documents/niboLib/lib/libnibo2.a(display.o)
 .bss           0x00000000008003d6        0x0 /home/defaultuser/Documents/niboLib/lib/libnibo2.a(pwm.o)
 .bss           0x00000000008003d6        0x0 /home/defaultuser/Documents/niboLib/lib/libnibo2.a(delay.o)
 .bss           0x00000000008003d6        0x0 /home/defaultuser/Documents/niboLib/lib/libnibo2.a(spi.o)
 .bss           0x00000000008003d6        0x0 /home/defaultuser/Documents/niboLib/lib/libnibo2.a(gfx.o)
 .bss           0x00000000008003d6        0x0 /home/defaultuser/Documents/niboLib/lib/libnibo2.a(copro.o)
 .bss           0x00000000008003d6        0x0 /home/defaultuser/Documents/niboLib/lib/libnibo2.a(bot.o)
 .bss           0x00000000008003d6        0x0 /home/defaultuser/Documents/niboLib/lib/libnibo2.a(leds.o)
 .bss           0x00000000008003d6        0x0 /home/defaultuser/Documents/niboLib/lib/libnibo2.a(sound.o)
 .bss           0x00000000008003d6        0x0 /home/defaultuser/Documents/niboLib/lib/libnibo2.a(adc.o)
 .bss           0x00000000008003d6        0x0 /usr/lib/gcc/avr/5.4.0/../../../avr/lib/avr51/libm.a(cmpsf2.o)
 .bss           0x00000000008003d6        0x0 /usr/lib/gcc/avr/5.4.0/../../../avr/lib/avr51/libm.a(divsf3.o)
 .bss           0x00000000008003d6        0x0 /usr/lib/gcc/avr/5.4.0/../../../avr/lib/avr51/libm.a(divsf3x.o)
 .bss           0x00000000008003d6        0x0 /usr/lib/gcc/avr/5.4.0/../../../avr/lib/avr51/libm.a(fixunssfsi.o)
 .bss           0x00000000008003d6        0x0 /usr/lib/gcc/avr/5.4.0/../../../avr/lib/avr51/libm.a(fp_cmp.o)
 .bss           0x00000000008003d6        0x0 /usr/lib/gcc/avr/5.4.0/../../../avr/lib/avr51/libm.a(fp_inf.o)
 .bss           0x00000000008003d6        0x0 /usr/lib/gcc/avr/5.4.0/../../../avr/lib/avr51/libm.a(fp_nan.o)
 .bss           0x00000000008003d6        0x0 /usr/lib/gcc/avr/5.4.0/../../../avr/lib/avr51/libm.a(fp_pscA.o)
 .bss           0x00000000008003d6        0x0 /usr/lib/gcc/avr/5.4.0/../../../avr/lib/avr51/libm.a(fp_pscB.o)
 .bss           0x00000000008003d6        0x0 /usr/lib/gcc/avr/5.4.0/../../../avr/lib/avr51/libm.a(fp_round.o)
 .bss           0x00000000008003d6        0x0 /usr/lib/gcc/avr/5.4.0/../../../avr/lib/avr51/libm.a(fp_split3.o)
 .bss           0x00000000008003d6        0x0 /usr/lib/gcc/avr/5.4.0/../../../avr/lib/avr51/libm.a(fp_zero.o)
 .bss           0x00000000008003d6        0x0 /usr/lib/gcc/avr/5.4.0/../../../avr/lib/avr51/libm.a(gesf2.o)
 .bss           0x00000000008003d6        0x0 /usr/lib/gcc/avr/5.4.0/../../../avr/lib/avr51/libm.a(mulsf3.o)
 .bss           0x00000000008003d6        0x0 /usr/lib/gcc/avr/5.4.0/../../../avr/lib/avr51/libm.a(mulsf3x.o)
 .bss           0x00000000008003d6        0x0 /usr/lib/gcc/avr/5.4.0/avr51/libgcc.a(_divmodsi4.o)
 .bss           0x00000000008003d6        0x0 /usr/lib/gcc/avr/5.4.0/avr51/libgcc.a(_negsi2.o)
 .bss           0x00000000008003d6        0x0 /usr/lib/gcc/avr/5.4.0/avr51/libgcc.a(_exit.o)
 .bss           0x00000000008003d6        0x0 /usr/lib/gcc/avr/5.4.0/avr51/libgcc.a(_copy_data.o)
 .bss           0x00000000008003d6        0x0 /usr/lib/gcc/avr/5.4.0/avr51/libgcc.a(_clear_bss.o)
 .bss           0x00000000008003d6        0x0 /usr/lib/gcc/avr/5.4.0/avr51/libgcc.a(_udivmodsi4.o)
 .bss           0x00000000008003d6        0x0 /usr/lib/gcc/avr/5.4.0/../../../avr/lib/avr51/libc.a(sprintf.o)
 .bss           0x00000000008003d6        0x0 /usr/lib/gcc/avr/5.4.0/../../../avr/lib/avr51/libc.a(vfprintf_std.o)
 .bss           0x00000000008003d6        0x0 /usr/lib/gcc/avr/5.4.0/../../../avr/lib/avr51/libc.a(strnlen_P.o)
 .bss           0x00000000008003d6        0x0 /usr/lib/gcc/avr/5.4.0/../../../avr/lib/avr51/libc.a(strnlen.o)
 .bss           0x00000000008003d6        0x0 /usr/lib/gcc/avr/5.4.0/../../../avr/lib/avr51/libc.a(fputc.o)
 .bss           0x00000000008003d6        0x0 /usr/lib/gcc/avr/5.4.0/../../../avr/lib/avr51/libc.a(ultoa_invert.o)
 *(.bss*)
 .bss.flag.2344
                0x00000000008003d6        0x2 ./src/distance.o
 .bss.timer.2345
                0x00000000008003d8        0x2 ./src/distance.o
 *(COMMON)
 COMMON         0x00000000008003da        0xf ./src/distance.o
                0x00000000008003da                nds3_distcalib_alpha
                0x00000000008003dc                nds3_servocalib_mid
                0x00000000008003de                nds3_pin
                0x00000000008003df                nds3_ddr
                0x00000000008003e0                nds3_port
                0x00000000008003e1                nds3_servocalib_lo
                0x00000000008003e3                nds3_distcalib_v0
                0x00000000008003e5                nds3_distcalib_d0
                0x00000000008003e7                nds3_servocalib_hi
 COMMON         0x00000000008003e9        0x1 /home/defaultuser/Documents/niboLib/lib/libnibo2.a(display.o)
                0x00000000008003e9                display_type
 COMMON         0x00000000008003ea        0xe /home/defaultuser/Documents/niboLib/lib/libnibo2.a(pwm.o)
                0x00000000008003ea                pwm_channel_A
                0x00000000008003ec                pwm_channel_B
                0x00000000008003ee                pwm_timer_ms
                0x00000000008003f0                pwm_channel_C
                0x00000000008003f2                pwm_timer_sub
                0x00000000008003f4                pwm_timer_sec
 COMMON         0x00000000008003f8       0x3e /home/defaultuser/Documents/niboLib/lib/libnibo2.a(spi.o)
                0x00000000008003f8                spi_tx_buf
                0x0000000000800413                spi_rx_size
                0x0000000000800414                spi_err_cnt
                0x0000000000800415                spi_tx_size
                0x0000000000800416                spi_frame_cnt
                0x0000000000800417                spi_size
                0x0000000000800418                spi_rx_buf
                0x0000000000800433                spi_tx_chk
                0x0000000000800434                spi_pos
                0x0000000000800435                spi_rx_chk
 COMMON         0x0000000000800436        0xe /home/defaultuser/Documents/niboLib/lib/libnibo2.a(gfx.o)
                0x0000000000800436                gfx_dm
                0x0000000000800437                gfx_term_row
                0x0000000000800438                gfx_proportional
                0x0000000000800439                gfx_x
                0x000000000080043a                gfx_tile
                0x0000000000800442                gfx_y
                0x0000000000800443                gfx_term_col
 COMMON         0x0000000000800444       0x5d /home/defaultuser/Documents/niboLib/lib/libnibo2.a(copro.o)
                0x0000000000800444                copro_ticks_offset_r
                0x0000000000800446                copro_ticks_offset_l
                0x0000000000800448                copro_current_l
                0x000000000080044a                copro_commands
                0x000000000080045f                copro_ticks_l
                0x0000000000800461                copro_rc5_cmd
                0x0000000000800463                copro_distance
                0x000000000080046d                copro_pos_x
                0x0000000000800471                copro_pos_ori
                0x0000000000800475                copro_speed_r
                0x0000000000800477                copro_ticks_r
                0x0000000000800479                copro_pos_y
                0x000000000080047d                copro_ir_mode
                0x000000000080047e                copro_rc5_count
                0x000000000080047f                copro_current_r
                0x0000000000800481                copro_buffer
                0x000000000080049c                copro_target_distance
                0x000000000080049e                copro_seq
                0x000000000080049f                copro_speed_l
 COMMON         0x00000000008004a1        0x2 /home/defaultuser/Documents/niboLib/lib/libnibo2.a(bot.o)
                0x00000000008004a1                bot_supply
 COMMON         0x00000000008004a3        0x2 /home/defaultuser/Documents/niboLib/lib/libnibo2.a(adc.o)
                0x00000000008004a3                adc_random_seed
                0x00000000008004a5                PROVIDE (__bss_end, .)
                0x0000000000002dd2                __data_load_start = LOADADDR (.data)
                0x00000000000030a8                __data_load_end = (__data_load_start + SIZEOF (.data))

.noinit         0x00000000008004a5        0x0
                [!provide]                        PROVIDE (__noinit_start, .)
 *(.noinit*)
                [!provide]                        PROVIDE (__noinit_end, .)
                0x00000000008004a5                _end = .
                [!provide]                        PROVIDE (__heap_start, .)

.eeprom         0x0000000000810000        0x0
 *(.eeprom*)
                0x0000000000810000                __eeprom_end = .

.fuse
 *(.fuse)
 *(.lfuse)
 *(.hfuse)
 *(.efuse)

.lock
 *(.lock*)

.signature
 *(.signature*)

.user_signatures
 *(.user_signatures*)

.stab           0x0000000000000000     0x2610
 *(.stab)
 .stab          0x0000000000000000      0xce4 ./src/distance.o
 .stab          0x0000000000000ce4      0x51c ./src/drive.o
                                        0x84c (size before relaxing)
 .stab          0x0000000000001200      0x480 ./src/main.o
                                        0x7b0 (size before relaxing)
 .stab          0x0000000000001680      0x558 ./src/presentation.o
                                        0x888 (size before relaxing)
 .stab          0x0000000000001bd8      0xa38 ./src/start.o
                                        0xd50 (size before relaxing)

.stabstr        0x0000000000000000     0x1591
 *(.stabstr)
 .stabstr       0x0000000000000000     0x1591 ./src/distance.o

.stab.excl
 *(.stab.excl)

.stab.exclstr
 *(.stab.exclstr)

.stab.index
 *(.stab.index)

.stab.indexstr
 *(.stab.indexstr)

.comment        0x0000000000000000       0x11
 *(.comment)
 .comment       0x0000000000000000       0x11 ./src/distance.o
                                         0x12 (size before relaxing)
 .comment       0x0000000000000011       0x12 ./src/drive.o
 .comment       0x0000000000000011       0x12 ./src/main.o
 .comment       0x0000000000000011       0x12 ./src/presentation.o
 .comment       0x0000000000000011       0x12 ./src/start.o
 .comment       0x0000000000000011       0x12 /home/defaultuser/Documents/niboLib/lib/libnibo2.a(display.o)
 .comment       0x0000000000000011       0x12 /home/defaultuser/Documents/niboLib/lib/libnibo2.a(pwm.o)
 .comment       0x0000000000000011       0x12 /home/defaultuser/Documents/niboLib/lib/libnibo2.a(delay.o)
 .comment       0x0000000000000011       0x12 /home/defaultuser/Documents/niboLib/lib/libnibo2.a(spi.o)
 .comment       0x0000000000000011       0x12 /home/defaultuser/Documents/niboLib/lib/libnibo2.a(gfx.o)
 .comment       0x0000000000000011       0x12 /home/defaultuser/Documents/niboLib/lib/libnibo2.a(copro.o)
 .comment       0x0000000000000011       0x12 /home/defaultuser/Documents/niboLib/lib/libnibo2.a(bot.o)
 .comment       0x0000000000000011       0x12 /home/defaultuser/Documents/niboLib/lib/libnibo2.a(leds.o)
 .comment       0x0000000000000011       0x12 /home/defaultuser/Documents/niboLib/lib/libnibo2.a(sound.o)
 .comment       0x0000000000000011       0x12 /home/defaultuser/Documents/niboLib/lib/libnibo2.a(adc.o)
 .comment       0x0000000000000011       0x12 /usr/lib/gcc/avr/5.4.0/../../../avr/lib/avr51/libc.a(sprintf.o)
 .comment       0x0000000000000011       0x12 /usr/lib/gcc/avr/5.4.0/../../../avr/lib/avr51/libc.a(vfprintf_std.o)
 .comment       0x0000000000000011       0x12 /usr/lib/gcc/avr/5.4.0/../../../avr/lib/avr51/libc.a(fputc.o)

.note.gnu.avr.deviceinfo
                0x0000000000000000       0x3c
 .note.gnu.avr.deviceinfo
                0x0000000000000000       0x3c /usr/lib/gcc/avr/5.4.0/../../../avr/lib/avr51/crtatmega128.o

.note.gnu.build-id
 *(.note.gnu.build-id)

.debug
 *(.debug)

.line
 *(.line)

.debug_srcinfo
 *(.debug_srcinfo)

.debug_sfnames
 *(.debug_sfnames)

.debug_aranges
 *(.debug_aranges)

.debug_pubnames
 *(.debug_pubnames)

.debug_info     0x0000000000000000      0x780
 *(.debug_info .gnu.linkonce.wi.*)
 .debug_info    0x0000000000000000      0x780 /usr/lib/gcc/avr/5.4.0/../../../avr/lib/avr51/crtatmega128.o

.debug_abbrev   0x0000000000000000      0x718
 *(.debug_abbrev)
 .debug_abbrev  0x0000000000000000      0x718 /usr/lib/gcc/avr/5.4.0/../../../avr/lib/avr51/crtatmega128.o

.debug_line     0x0000000000000000       0x1a
 *(.debug_line .debug_line.* .debug_line_end)
 .debug_line    0x0000000000000000       0x1a /usr/lib/gcc/avr/5.4.0/../../../avr/lib/avr51/crtatmega128.o

.debug_frame
 *(.debug_frame)

.debug_str      0x0000000000000000      0x27d
 *(.debug_str)
 .debug_str     0x0000000000000000      0x27d /usr/lib/gcc/avr/5.4.0/../../../avr/lib/avr51/crtatmega128.o

.debug_loc
 *(.debug_loc)

.debug_macinfo
 *(.debug_macinfo)

.debug_weaknames
 *(.debug_weaknames)

.debug_funcnames
 *(.debug_funcnames)

.debug_typenames
 *(.debug_typenames)

.debug_varnames
 *(.debug_varnames)

.debug_pubtypes
 *(.debug_pubtypes)

.debug_ranges
 *(.debug_ranges)

.debug_macro
 *(.debug_macro)
OUTPUT(Project3.elf elf32-avr)
LOAD linker stubs
