Archive member included to satisfy reference by file (symbol)

/home/defaultuser/Documents/niboLib/lib/libnibo2.a(display.o)
                              ./src/main.o (display_init)
/home/defaultuser/Documents/niboLib/lib/libnibo2.a(pwm.o)
                              ./src/main.o (pwm_init)
/home/defaultuser/Documents/niboLib/lib/libnibo2.a(delay.o)
                              ./src/distance.o (delay)
/home/defaultuser/Documents/niboLib/lib/libnibo2.a(spi.o)
                              ./src/main.o (spi_init)
/home/defaultuser/Documents/niboLib/lib/libnibo2.a(gfx.o)
                              ./src/presentation.o (gfx_move)
/home/defaultuser/Documents/niboLib/lib/libnibo2.a(copro.o)
                              /home/defaultuser/Documents/niboLib/lib/libnibo2.a(spi.o) (spi_finished_callback)
/home/defaultuser/Documents/niboLib/lib/libnibo2.a(bot.o)
                              ./src/main.o (bot_init)
/home/defaultuser/Documents/niboLib/lib/libnibo2.a(leds.o)
                              ./src/main.o (leds_init)
/home/defaultuser/Documents/niboLib/lib/libnibo2.a(sound.o)
                              ./src/main.o (sound_init)
/home/defaultuser/Documents/niboLib/lib/libnibo2.a(adc.o)
                              /home/defaultuser/Documents/niboLib/lib/libnibo2.a(bot.o) (adc_read)
/usr/lib/gcc/avr/5.4.0/../../../avr/lib/avr51/libm.a(cmpsf2.o)
                              ./src/start.o (__ltsf2)
/usr/lib/gcc/avr/5.4.0/../../../avr/lib/avr51/libm.a(divsf3.o)
                              ./src/start.o (__divsf3)
/usr/lib/gcc/avr/5.4.0/../../../avr/lib/avr51/libm.a(divsf3x.o)
                              /usr/lib/gcc/avr/5.4.0/../../../avr/lib/avr51/libm.a(divsf3.o) (__divsf3x)
/usr/lib/gcc/avr/5.4.0/../../../avr/lib/avr51/libm.a(fixunssfsi.o)
                              ./src/start.o (__fixunssfsi)
/usr/lib/gcc/avr/5.4.0/../../../avr/lib/avr51/libm.a(fp_cmp.o)
                              /usr/lib/gcc/avr/5.4.0/../../../avr/lib/avr51/libm.a(cmpsf2.o) (__fp_cmp)
/usr/lib/gcc/avr/5.4.0/../../../avr/lib/avr51/libm.a(fp_inf.o)
                              /usr/lib/gcc/avr/5.4.0/../../../avr/lib/avr51/libm.a(divsf3x.o) (__fp_inf)
/usr/lib/gcc/avr/5.4.0/../../../avr/lib/avr51/libm.a(fp_nan.o)
                              /usr/lib/gcc/avr/5.4.0/../../../avr/lib/avr51/libm.a(divsf3x.o) (__fp_nan)
/usr/lib/gcc/avr/5.4.0/../../../avr/lib/avr51/libm.a(fp_pscA.o)
                              /usr/lib/gcc/avr/5.4.0/../../../avr/lib/avr51/libm.a(divsf3x.o) (__fp_pscA)
/usr/lib/gcc/avr/5.4.0/../../../avr/lib/avr51/libm.a(fp_pscB.o)
                              /usr/lib/gcc/avr/5.4.0/../../../avr/lib/avr51/libm.a(divsf3x.o) (__fp_pscB)
/usr/lib/gcc/avr/5.4.0/../../../avr/lib/avr51/libm.a(fp_round.o)
                              /usr/lib/gcc/avr/5.4.0/../../../avr/lib/avr51/libm.a(divsf3.o) (__fp_round)
/usr/lib/gcc/avr/5.4.0/../../../avr/lib/avr51/libm.a(fp_split3.o)
                              /usr/lib/gcc/avr/5.4.0/../../../avr/lib/avr51/libm.a(divsf3x.o) (__fp_split3)
/usr/lib/gcc/avr/5.4.0/../../../avr/lib/avr51/libm.a(fp_zero.o)
                              /usr/lib/gcc/avr/5.4.0/../../../avr/lib/avr51/libm.a(fixunssfsi.o) (__fp_zero)
/usr/lib/gcc/avr/5.4.0/../../../avr/lib/avr51/libm.a(gesf2.o)
                              ./src/start.o (__gtsf2)
/usr/lib/gcc/avr/5.4.0/../../../avr/lib/avr51/libm.a(mulsf3.o)
                              ./src/start.o (__mulsf3)
/usr/lib/gcc/avr/5.4.0/../../../avr/lib/avr51/libm.a(mulsf3x.o)
                              /usr/lib/gcc/avr/5.4.0/../../../avr/lib/avr51/libm.a(mulsf3.o) (__mulsf3x)
/usr/lib/gcc/avr/5.4.0/avr51/libgcc.a(_divmodsi4.o)
                              ./src/start.o (__divmodsi4)
/usr/lib/gcc/avr/5.4.0/avr51/libgcc.a(_negsi2.o)
                              /usr/lib/gcc/avr/5.4.0/avr51/libgcc.a(_divmodsi4.o) (__negsi2)
/usr/lib/gcc/avr/5.4.0/avr51/libgcc.a(_exit.o)
                              /usr/lib/gcc/avr/5.4.0/../../../avr/lib/avr51/crtatmega128.o (exit)
/usr/lib/gcc/avr/5.4.0/avr51/libgcc.a(_copy_data.o)
                              ./src/start.o (__do_copy_data)
/usr/lib/gcc/avr/5.4.0/avr51/libgcc.a(_clear_bss.o)
                              ./src/distance.o (__do_clear_bss)
/usr/lib/gcc/avr/5.4.0/avr51/libgcc.a(_udivmodsi4.o)
                              /usr/lib/gcc/avr/5.4.0/avr51/libgcc.a(_divmodsi4.o) (__udivmodsi4)
/usr/lib/gcc/avr/5.4.0/../../../avr/lib/avr51/libc.a(rand.o)
                              ./src/distance.o (rand)
/usr/lib/gcc/avr/5.4.0/avr51/libgcc.a(_muluhisi3.o)
                              /usr/lib/gcc/avr/5.4.0/../../../avr/lib/avr51/libc.a(rand.o) (__muluhisi3)
/usr/lib/gcc/avr/5.4.0/avr51/libgcc.a(_mulshisi3.o)
                              /usr/lib/gcc/avr/5.4.0/../../../avr/lib/avr51/libc.a(rand.o) (__mulohisi3)
/usr/lib/gcc/avr/5.4.0/avr51/libgcc.a(_umulhisi3.o)
                              /usr/lib/gcc/avr/5.4.0/avr51/libgcc.a(_muluhisi3.o) (__umulhisi3)

Allocating common symbols
Common symbol       size              file

copro_ticks_offset_r
                    0x2               /home/defaultuser/Documents/niboLib/lib/libnibo2.a(copro.o)
nds3_distcalib_alpha
                    0x2               ./src/distance.o
copro_ticks_offset_l
                    0x2               /home/defaultuser/Documents/niboLib/lib/libnibo2.a(copro.o)
nds3_servocalib_mid
                    0x2               ./src/distance.o
copro_current_l     0x2               /home/defaultuser/Documents/niboLib/lib/libnibo2.a(copro.o)
nds3_pin            0x1               ./src/distance.o
gfx_dm              0x1               /home/defaultuser/Documents/niboLib/lib/libnibo2.a(gfx.o)
adc_random_seed     0x2               /home/defaultuser/Documents/niboLib/lib/libnibo2.a(adc.o)
spi_tx_buf          0x1b              /home/defaultuser/Documents/niboLib/lib/libnibo2.a(spi.o)
copro_commands      0x15              /home/defaultuser/Documents/niboLib/lib/libnibo2.a(copro.o)
spi_rx_size         0x1               /home/defaultuser/Documents/niboLib/lib/libnibo2.a(spi.o)
copro_ticks_l       0x2               /home/defaultuser/Documents/niboLib/lib/libnibo2.a(copro.o)
copro_rc5_cmd       0x2               /home/defaultuser/Documents/niboLib/lib/libnibo2.a(copro.o)
pwm_channel_A       0x2               /home/defaultuser/Documents/niboLib/lib/libnibo2.a(pwm.o)
copro_distance      0xa               /home/defaultuser/Documents/niboLib/lib/libnibo2.a(copro.o)
spi_err_cnt         0x1               /home/defaultuser/Documents/niboLib/lib/libnibo2.a(spi.o)
nds3_ddr            0x1               ./src/distance.o
copro_pos_x         0x4               /home/defaultuser/Documents/niboLib/lib/libnibo2.a(copro.o)
copro_pos_ori       0x4               /home/defaultuser/Documents/niboLib/lib/libnibo2.a(copro.o)
copro_speed_r       0x2               /home/defaultuser/Documents/niboLib/lib/libnibo2.a(copro.o)
pwm_channel_B       0x2               /home/defaultuser/Documents/niboLib/lib/libnibo2.a(pwm.o)
pwm_timer_ms        0x2               /home/defaultuser/Documents/niboLib/lib/libnibo2.a(pwm.o)
spi_tx_size         0x1               /home/defaultuser/Documents/niboLib/lib/libnibo2.a(spi.o)
gfx_term_row        0x1               /home/defaultuser/Documents/niboLib/lib/libnibo2.a(gfx.o)
gfx_proportional    0x1               /home/defaultuser/Documents/niboLib/lib/libnibo2.a(gfx.o)
copro_ticks_r       0x2               /home/defaultuser/Documents/niboLib/lib/libnibo2.a(copro.o)
copro_pos_y         0x4               /home/defaultuser/Documents/niboLib/lib/libnibo2.a(copro.o)
bot_supply          0x2               /home/defaultuser/Documents/niboLib/lib/libnibo2.a(bot.o)
spi_frame_cnt       0x1               /home/defaultuser/Documents/niboLib/lib/libnibo2.a(spi.o)
copro_ir_mode       0x1               /home/defaultuser/Documents/niboLib/lib/libnibo2.a(copro.o)
spi_size            0x1               /home/defaultuser/Documents/niboLib/lib/libnibo2.a(spi.o)
copro_rc5_count     0x1               /home/defaultuser/Documents/niboLib/lib/libnibo2.a(copro.o)
display_type        0x1               /home/defaultuser/Documents/niboLib/lib/libnibo2.a(display.o)
nds3_port           0x1               ./src/distance.o
gfx_x               0x1               /home/defaultuser/Documents/niboLib/lib/libnibo2.a(gfx.o)
copro_current_r     0x2               /home/defaultuser/Documents/niboLib/lib/libnibo2.a(copro.o)
copro_buffer        0x1b              /home/defaultuser/Documents/niboLib/lib/libnibo2.a(copro.o)
spi_rx_buf          0x1b              /home/defaultuser/Documents/niboLib/lib/libnibo2.a(spi.o)
gfx_tile            0x8               /home/defaultuser/Documents/niboLib/lib/libnibo2.a(gfx.o)
pwm_channel_C       0x2               /home/defaultuser/Documents/niboLib/lib/libnibo2.a(pwm.o)
nds3_servocalib_lo  0x2               ./src/distance.o
spi_tx_chk          0x1               /home/defaultuser/Documents/niboLib/lib/libnibo2.a(spi.o)
pwm_timer_sub       0x2               /home/defaultuser/Documents/niboLib/lib/libnibo2.a(pwm.o)
pwm_timer_sec       0x4               /home/defaultuser/Documents/niboLib/lib/libnibo2.a(pwm.o)
spi_pos             0x1               /home/defaultuser/Documents/niboLib/lib/libnibo2.a(spi.o)
gfx_y               0x1               /home/defaultuser/Documents/niboLib/lib/libnibo2.a(gfx.o)
copro_target_distance
                    0x2               /home/defaultuser/Documents/niboLib/lib/libnibo2.a(copro.o)
nds3_distcalib_v0   0x2               ./src/distance.o
spi_rx_chk          0x1               /home/defaultuser/Documents/niboLib/lib/libnibo2.a(spi.o)
gfx_term_col        0x1               /home/defaultuser/Documents/niboLib/lib/libnibo2.a(gfx.o)
copro_seq           0x1               /home/defaultuser/Documents/niboLib/lib/libnibo2.a(copro.o)
copro_speed_l       0x2               /home/defaultuser/Documents/niboLib/lib/libnibo2.a(copro.o)
nds3_distcalib_d0   0x2               ./src/distance.o
nds3_servocalib_hi  0x2               ./src/distance.o

Memory Configuration

Name             Origin             Length             Attributes
text             0x0000000000000000 0x0000000000020000 xr
data             0x0000000000800100 0x000000000000ff00 rw !x
eeprom           0x0000000000810000 0x0000000000010000 rw !x
fuse             0x0000000000820000 0x0000000000000003 rw !x
lock             0x0000000000830000 0x0000000000000400 rw !x
signature        0x0000000000840000 0x0000000000000400 rw !x
user_signatures  0x0000000000850000 0x0000000000000400 rw !x
*default*        0x0000000000000000 0xffffffffffffffff

Linker script and memory map

Address of section .data set to 0x800100
LOAD /usr/lib/gcc/avr/5.4.0/../../../avr/lib/avr51/crtatmega128.o
LOAD ./src/distance.o
LOAD ./src/drive.o
LOAD ./src/main.o
LOAD ./src/presentation.o
LOAD ./src/start.o
LOAD /home/defaultuser/Documents/niboLib/lib/libnds3.a
LOAD /home/defaultuser/Documents/niboLib/lib/libnibo2.a
LOAD /usr/lib/gcc/avr/5.4.0/../../../avr/lib/avr51/libprintf_flt.a
LOAD /usr/lib/gcc/avr/5.4.0/../../../avr/lib/avr51/libm.a
LOAD /home/defaultuser/Documents/niboLib/lib/libuart-0.a
START GROUP
LOAD /usr/lib/gcc/avr/5.4.0/avr51/libgcc.a
LOAD /usr/lib/gcc/avr/5.4.0/../../../avr/lib/avr51/libm.a
LOAD /usr/lib/gcc/avr/5.4.0/../../../avr/lib/avr51/libc.a
LOAD /usr/lib/gcc/avr/5.4.0/../../../avr/lib/avr51/libatmega128.a
END GROUP
                0x0000000000020000                __TEXT_REGION_LENGTH__ = DEFINED (__TEXT_REGION_LENGTH__)?__TEXT_REGION_LENGTH__:0x20000
                0x000000000000ff00                __DATA_REGION_LENGTH__ = DEFINED (__DATA_REGION_LENGTH__)?__DATA_REGION_LENGTH__:0xff00
                0x0000000000010000                __EEPROM_REGION_LENGTH__ = DEFINED (__EEPROM_REGION_LENGTH__)?__EEPROM_REGION_LENGTH__:0x10000
                [0x0000000000000003]                __FUSE_REGION_LENGTH__ = DEFINED (__FUSE_REGION_LENGTH__)?__FUSE_REGION_LENGTH__:0x400
                0x0000000000000400                __LOCK_REGION_LENGTH__ = DEFINED (__LOCK_REGION_LENGTH__)?__LOCK_REGION_LENGTH__:0x400
                0x0000000000000400                __SIGNATURE_REGION_LENGTH__ = DEFINED (__SIGNATURE_REGION_LENGTH__)?__SIGNATURE_REGION_LENGTH__:0x400
                0x0000000000000400                __USER_SIGNATURE_REGION_LENGTH__ = DEFINED (__USER_SIGNATURE_REGION_LENGTH__)?__USER_SIGNATURE_REGION_LENGTH__:0x400

.hash
 *(.hash)

.dynsym
 *(.dynsym)

.dynstr
 *(.dynstr)

.gnu.version
 *(.gnu.version)

.gnu.version_d
 *(.gnu.version_d)

.gnu.version_r
 *(.gnu.version_r)

.rel.init
 *(.rel.init)

.rela.init
 *(.rela.init)

.rel.text
 *(.rel.text)
 *(.rel.text.*)
 *(.rel.gnu.linkonce.t*)

.rela.text
 *(.rela.text)
 *(.rela.text.*)
 *(.rela.gnu.linkonce.t*)

.rel.fini
 *(.rel.fini)

.rela.fini
 *(.rela.fini)

.rel.rodata
 *(.rel.rodata)
 *(.rel.rodata.*)
 *(.rel.gnu.linkonce.r*)

.rela.rodata
 *(.rela.rodata)
 *(.rela.rodata.*)
 *(.rela.gnu.linkonce.r*)

.rel.data
 *(.rel.data)
 *(.rel.data.*)
 *(.rel.gnu.linkonce.d*)

.rela.data
 *(.rela.data)
 *(.rela.data.*)
 *(.rela.gnu.linkonce.d*)

.rel.ctors
 *(.rel.ctors)

.rela.ctors
 *(.rela.ctors)

.rel.dtors
 *(.rel.dtors)

.rela.dtors
 *(.rela.dtors)

.rel.got
 *(.rel.got)

.rela.got
 *(.rela.got)

.rel.bss
 *(.rel.bss)

.rela.bss
 *(.rela.bss)

.rel.plt
 *(.rel.plt)

.rela.plt
 *(.rela.plt)

.text           0x0000000000000000     0x2740
 *(.vectors)
 .vectors       0x0000000000000000       0x8c /usr/lib/gcc/avr/5.4.0/../../../avr/lib/avr51/crtatmega128.o
                0x0000000000000000                __vectors
                0x0000000000000000                __vector_default
 *(.vectors)
 *(.progmem.gcc*)
                0x000000000000008c                . = ALIGN (0x2)
                0x000000000000008c                __trampolines_start = .
 *(.trampolines)
 .trampolines   0x000000000000008c        0x0 linker stubs
 *(.trampolines*)
                0x000000000000008c                __trampolines_end = .
 *libprintf_flt.a:*(.progmem.data)
 *libc.a:*(.progmem.data)
 *(.progmem*)
 .progmem.data  0x000000000000008c        0x6 /home/defaultuser/Documents/niboLib/lib/libnibo2.a(bot.o)
                0x000000000000008c                bot_lib_version
                0x0000000000000091                bot_lib_revision
                0x0000000000000092                . = ALIGN (0x2)
 *(.jumptables)
 *(.jumptables*)
 *(.lowtext)
 *(.lowtext*)
                0x0000000000000092                __ctors_start = .
 *(.ctors)
                0x0000000000000092                __ctors_end = .
                0x0000000000000092                __dtors_start = .
 *(.dtors)
                0x0000000000000092                __dtors_end = .
 SORT(*)(.ctors)
 SORT(*)(.dtors)
 *(.init0)
 .init0         0x0000000000000092        0x0 /usr/lib/gcc/avr/5.4.0/../../../avr/lib/avr51/crtatmega128.o
                0x0000000000000092                __init
 *(.init0)
 *(.init1)
 *(.init1)
 *(.init2)
 .init2         0x0000000000000092        0xc /usr/lib/gcc/avr/5.4.0/../../../avr/lib/avr51/crtatmega128.o
 *(.init2)
 *(.init3)
 *(.init3)
 *(.init4)
 .init4         0x000000000000009e       0x1a /usr/lib/gcc/avr/5.4.0/avr51/libgcc.a(_copy_data.o)
                0x000000000000009e                __do_copy_data
 .init4         0x00000000000000b8       0x10 /usr/lib/gcc/avr/5.4.0/avr51/libgcc.a(_clear_bss.o)
                0x00000000000000b8                __do_clear_bss
 *(.init4)
 *(.init5)
 *(.init5)
 *(.init6)
 *(.init6)
 *(.init7)
 *(.init7)
 *(.init8)
 *(.init8)
 *(.init9)
 .init9         0x00000000000000c8        0x8 /usr/lib/gcc/avr/5.4.0/../../../avr/lib/avr51/crtatmega128.o
 *(.init9)
 *(.text)
 .text          0x00000000000000d0        0x4 /usr/lib/gcc/avr/5.4.0/../../../avr/lib/avr51/crtatmega128.o
                0x00000000000000d0                __vector_22
                0x00000000000000d0                __vector_28
                0x00000000000000d0                __vector_1
                0x00000000000000d0                __vector_32
                0x00000000000000d0                __vector_34
                0x00000000000000d0                __vector_24
                0x00000000000000d0                __vector_12
                0x00000000000000d0                __bad_interrupt
                0x00000000000000d0                __vector_6
                0x00000000000000d0                __vector_31
                0x00000000000000d0                __vector_3
                0x00000000000000d0                __vector_23
                0x00000000000000d0                __vector_30
                0x00000000000000d0                __vector_25
                0x00000000000000d0                __vector_11
                0x00000000000000d0                __vector_13
                0x00000000000000d0                __vector_19
                0x00000000000000d0                __vector_7
                0x00000000000000d0                __vector_27
                0x00000000000000d0                __vector_5
                0x00000000000000d0                __vector_33
                0x00000000000000d0                __vector_4
                0x00000000000000d0                __vector_9
                0x00000000000000d0                __vector_2
                0x00000000000000d0                __vector_21
                0x00000000000000d0                __vector_15
                0x00000000000000d0                __vector_29
                0x00000000000000d0                __vector_8
                0x00000000000000d0                __vector_26
                0x00000000000000d0                __vector_10
                0x00000000000000d0                __vector_16
                0x00000000000000d0                __vector_18
                0x00000000000000d0                __vector_20
 .text          0x00000000000000d4        0x0 ./src/distance.o
 .text          0x00000000000000d4        0x0 ./src/drive.o
 .text          0x00000000000000d4        0x0 ./src/main.o
 .text          0x00000000000000d4        0x0 ./src/presentation.o
 .text          0x00000000000000d4        0x0 ./src/start.o
 .text          0x00000000000000d4        0x0 /home/defaultuser/Documents/niboLib/lib/libnibo2.a(display.o)
 .text          0x00000000000000d4        0x0 /home/defaultuser/Documents/niboLib/lib/libnibo2.a(pwm.o)
 .text          0x00000000000000d4        0x0 /home/defaultuser/Documents/niboLib/lib/libnibo2.a(delay.o)
 .text          0x00000000000000d4        0x0 /home/defaultuser/Documents/niboLib/lib/libnibo2.a(spi.o)
 .text          0x00000000000000d4        0x0 /home/defaultuser/Documents/niboLib/lib/libnibo2.a(gfx.o)
 .text          0x00000000000000d4        0x0 /home/defaultuser/Documents/niboLib/lib/libnibo2.a(copro.o)
 .text          0x00000000000000d4        0x0 /home/defaultuser/Documents/niboLib/lib/libnibo2.a(bot.o)
 .text          0x00000000000000d4        0x0 /home/defaultuser/Documents/niboLib/lib/libnibo2.a(leds.o)
 .text          0x00000000000000d4        0x0 /home/defaultuser/Documents/niboLib/lib/libnibo2.a(sound.o)
 .text          0x00000000000000d4        0x0 /home/defaultuser/Documents/niboLib/lib/libnibo2.a(adc.o)
 .text          0x00000000000000d4        0x0 /usr/lib/gcc/avr/5.4.0/../../../avr/lib/avr51/libm.a(cmpsf2.o)
 .text          0x00000000000000d4        0x0 /usr/lib/gcc/avr/5.4.0/../../../avr/lib/avr51/libm.a(divsf3.o)
 .text          0x00000000000000d4        0x0 /usr/lib/gcc/avr/5.4.0/../../../avr/lib/avr51/libm.a(divsf3x.o)
 .text          0x00000000000000d4        0x0 /usr/lib/gcc/avr/5.4.0/../../../avr/lib/avr51/libm.a(fixunssfsi.o)
 .text          0x00000000000000d4        0x0 /usr/lib/gcc/avr/5.4.0/../../../avr/lib/avr51/libm.a(fp_cmp.o)
 .text          0x00000000000000d4        0x0 /usr/lib/gcc/avr/5.4.0/../../../avr/lib/avr51/libm.a(fp_inf.o)
 .text          0x00000000000000d4        0x0 /usr/lib/gcc/avr/5.4.0/../../../avr/lib/avr51/libm.a(fp_nan.o)
 .text          0x00000000000000d4        0x0 /usr/lib/gcc/avr/5.4.0/../../../avr/lib/avr51/libm.a(fp_pscA.o)
 .text          0x00000000000000d4        0x0 /usr/lib/gcc/avr/5.4.0/../../../avr/lib/avr51/libm.a(fp_pscB.o)
 .text          0x00000000000000d4        0x0 /usr/lib/gcc/avr/5.4.0/../../../avr/lib/avr51/libm.a(fp_round.o)
 .text          0x00000000000000d4        0x0 /usr/lib/gcc/avr/5.4.0/../../../avr/lib/avr51/libm.a(fp_split3.o)
 .text          0x00000000000000d4        0x0 /usr/lib/gcc/avr/5.4.0/../../../avr/lib/avr51/libm.a(fp_zero.o)
 .text          0x00000000000000d4        0x0 /usr/lib/gcc/avr/5.4.0/../../../avr/lib/avr51/libm.a(gesf2.o)
 .text          0x00000000000000d4        0x0 /usr/lib/gcc/avr/5.4.0/../../../avr/lib/avr51/libm.a(mulsf3.o)
 .text          0x00000000000000d4        0x0 /usr/lib/gcc/avr/5.4.0/../../../avr/lib/avr51/libm.a(mulsf3x.o)
 .text          0x00000000000000d4        0x0 /usr/lib/gcc/avr/5.4.0/avr51/libgcc.a(_divmodsi4.o)
 .text          0x00000000000000d4        0x0 /usr/lib/gcc/avr/5.4.0/avr51/libgcc.a(_negsi2.o)
 .text          0x00000000000000d4        0x0 /usr/lib/gcc/avr/5.4.0/avr51/libgcc.a(_exit.o)
 .text          0x00000000000000d4        0x0 /usr/lib/gcc/avr/5.4.0/avr51/libgcc.a(_copy_data.o)
 .text          0x00000000000000d4        0x0 /usr/lib/gcc/avr/5.4.0/avr51/libgcc.a(_clear_bss.o)
 .text          0x00000000000000d4        0x0 /usr/lib/gcc/avr/5.4.0/avr51/libgcc.a(_udivmodsi4.o)
 .text          0x00000000000000d4        0x0 /usr/lib/gcc/avr/5.4.0/../../../avr/lib/avr51/libc.a(rand.o)
 .text          0x00000000000000d4        0x0 /usr/lib/gcc/avr/5.4.0/avr51/libgcc.a(_muluhisi3.o)
 .text          0x00000000000000d4        0x0 /usr/lib/gcc/avr/5.4.0/avr51/libgcc.a(_mulshisi3.o)
 .text          0x00000000000000d4        0x0 /usr/lib/gcc/avr/5.4.0/avr51/libgcc.a(_umulhisi3.o)
                0x00000000000000d4                . = ALIGN (0x2)
 *(.text.*)
 .text.findDirection
                0x00000000000000d4      0x43e ./src/distance.o
                0x00000000000000d4                findDirection
 .text.drive    0x0000000000000512       0x1c ./src/drive.o
                0x0000000000000512                drive
 .text.turnLeft
                0x000000000000052e       0x2c ./src/drive.o
                0x000000000000052e                turnLeft
 .text.turnHalfLeft
                0x000000000000055a       0x2c ./src/drive.o
                0x000000000000055a                turnHalfLeft
 .text.turnRight
                0x0000000000000586       0x2c ./src/drive.o
                0x0000000000000586                turnRight
 .text.turnHalfRight
                0x00000000000005b2       0x2c ./src/drive.o
                0x00000000000005b2                turnHalfRight
 .text.goBack   0x00000000000005de       0x28 ./src/drive.o
                0x00000000000005de                goBack
 .text.main     0x0000000000000606       0x46 ./src/main.o
                0x0000000000000606                main
 .text.LEDShow  0x000000000000064c       0x70 ./src/presentation.o
                0x000000000000064c                LEDShow
 .text.showNibo
                0x00000000000006bc       0x50 ./src/presentation.o
                0x00000000000006bc                showNibo
 .text.HindranceShow
                0x000000000000070c       0x88 ./src/presentation.o
                0x000000000000070c                HindranceShow
 .text.tone     0x0000000000000794      0x568 ./src/start.o
                0x0000000000000794                tone
 .text.start    0x0000000000000cfc       0xc4 ./src/start.o
                0x0000000000000cfc                start
 .text.display_write
                0x0000000000000dc0       0x84 /home/defaultuser/Documents/niboLib/lib/libnibo2.a(display.o)
                0x0000000000000dc0                display_write
 .text.display_read
                0x0000000000000e44       0x7e /home/defaultuser/Documents/niboLib/lib/libnibo2.a(display.o)
                0x0000000000000e44                display_read
 .text.display_wait
                0x0000000000000ec2       0x3c /home/defaultuser/Documents/niboLib/lib/libnibo2.a(display.o)
                0x0000000000000ec2                display_wait
 .text.display_init
                0x0000000000000efe       0xc4 /home/defaultuser/Documents/niboLib/lib/libnibo2.a(display.o)
                0x0000000000000efe                display_init
 .text.pwm_init
                0x0000000000000fc2       0x64 /home/defaultuser/Documents/niboLib/lib/libnibo2.a(pwm.o)
                0x0000000000000fc2                pwm_init
 .text.__vector_14
                0x0000000000001026      0x10c /home/defaultuser/Documents/niboLib/lib/libnibo2.a(pwm.o)
                0x0000000000001026                __vector_14
 .text.delay    0x0000000000001132       0x16 /home/defaultuser/Documents/niboLib/lib/libnibo2.a(delay.o)
                0x0000000000001132                delay
 .text.spi_tx   0x0000000000001148        0xe /home/defaultuser/Documents/niboLib/lib/libnibo2.a(spi.o)
 .text.spi_restart_transmission
                0x0000000000001156       0x36 /home/defaultuser/Documents/niboLib/lib/libnibo2.a(spi.o)
                0x0000000000001156                spi_restart_transmission
 .text.spi_init
                0x000000000000118c        0xe /home/defaultuser/Documents/niboLib/lib/libnibo2.a(spi.o)
                0x000000000000118c                spi_init
 .text.__vector_17
                0x000000000000119a      0x11a /home/defaultuser/Documents/niboLib/lib/libnibo2.a(spi.o)
                0x000000000000119a                __vector_17
 .text.gfx_store_disp_tile
                0x00000000000012b4       0x94 /home/defaultuser/Documents/niboLib/lib/libnibo2.a(gfx.o)
 .text.gfx_get_x
                0x0000000000001348        0x6 /home/defaultuser/Documents/niboLib/lib/libnibo2.a(gfx.o)
                0x0000000000001348                gfx_get_x
 .text.gfx_get_y
                0x000000000000134e        0x6 /home/defaultuser/Documents/niboLib/lib/libnibo2.a(gfx.o)
                0x000000000000134e                gfx_get_y
 .text.gfx_draw_mode
                0x0000000000001354        0x6 /home/defaultuser/Documents/niboLib/lib/libnibo2.a(gfx.o)
                0x0000000000001354                gfx_draw_mode
 .text.gfx_move
                0x000000000000135a       0x64 /home/defaultuser/Documents/niboLib/lib/libnibo2.a(gfx.o)
                0x000000000000135a                gfx_move
 .text.gfx_fill
                0x00000000000013be       0x70 /home/defaultuser/Documents/niboLib/lib/libnibo2.a(gfx.o)
                0x00000000000013be                gfx_fill
 .text.gfx_display_write2
                0x000000000000142e       0x8c /home/defaultuser/Documents/niboLib/lib/libnibo2.a(gfx.o)
                0x000000000000142e                gfx_display_write2
 .text.gfx_char_width
                0x00000000000014ba       0x34 /home/defaultuser/Documents/niboLib/lib/libnibo2.a(gfx.o)
                0x00000000000014ba                gfx_char_width
 .text.gfx_print_char_base
                0x00000000000014ee       0xf2 /home/defaultuser/Documents/niboLib/lib/libnibo2.a(gfx.o)
                0x00000000000014ee                gfx_print_char_base
 .text.gfx_print_char
                0x00000000000015e0       0x4e /home/defaultuser/Documents/niboLib/lib/libnibo2.a(gfx.o)
                0x00000000000015e0                gfx_print_char
 .text.gfx_print_text
                0x000000000000162e       0x18 /home/defaultuser/Documents/niboLib/lib/libnibo2.a(gfx.o)
                0x000000000000162e                gfx_print_text
 .text.gfx_text_width
                0x0000000000001646       0x2a /home/defaultuser/Documents/niboLib/lib/libnibo2.a(gfx.o)
                0x0000000000001646                gfx_text_width
 .text.gfx_print_text_P
                0x0000000000001670       0x22 /home/defaultuser/Documents/niboLib/lib/libnibo2.a(gfx.o)
                0x0000000000001670                gfx_print_text_P
 .text.gfx_text_width_P
                0x0000000000001692       0x32 /home/defaultuser/Documents/niboLib/lib/libnibo2.a(gfx.o)
                0x0000000000001692                gfx_text_width_P
 .text.gfx_init
                0x00000000000016c4       0x7e /home/defaultuser/Documents/niboLib/lib/libnibo2.a(gfx.o)
                0x00000000000016c4                gfx_init
 .text.gfx_set_proportional
                0x0000000000001742        0x6 /home/defaultuser/Documents/niboLib/lib/libnibo2.a(gfx.o)
                0x0000000000001742                gfx_set_proportional
 .text.gfx_get_proportional
                0x0000000000001748        0x6 /home/defaultuser/Documents/niboLib/lib/libnibo2.a(gfx.o)
                0x0000000000001748                gfx_get_proportional
 .text.gfx_hline
                0x000000000000174e       0x2c /home/defaultuser/Documents/niboLib/lib/libnibo2.a(gfx.o)
                0x000000000000174e                gfx_hline
 .text.gfx_box  0x000000000000177a       0x9a /home/defaultuser/Documents/niboLib/lib/libnibo2.a(gfx.o)
                0x000000000000177a                gfx_box
 .text.gfx_vline
                0x0000000000001814        0x8 /home/defaultuser/Documents/niboLib/lib/libnibo2.a(gfx.o)
                0x0000000000001814                gfx_vline
 .text.gfx_draw_xbm
                0x000000000000181c      0x14a /home/defaultuser/Documents/niboLib/lib/libnibo2.a(gfx.o)
                0x000000000000181c                gfx_draw_xbm
 .text.gfx_draw_xbm_P
                0x0000000000001966      0x146 /home/defaultuser/Documents/niboLib/lib/libnibo2.a(gfx.o)
                0x0000000000001966                gfx_draw_xbm_P
 .text.gfx_pixel
                0x0000000000001aac       0x22 /home/defaultuser/Documents/niboLib/lib/libnibo2.a(gfx.o)
                0x0000000000001aac                gfx_pixel
 .text.gfx_lineTo
                0x0000000000001ace      0x10e /home/defaultuser/Documents/niboLib/lib/libnibo2.a(gfx.o)
                0x0000000000001ace                gfx_lineTo
 .text.gfx_term_clear
                0x0000000000001bdc       0x10 /home/defaultuser/Documents/niboLib/lib/libnibo2.a(gfx.o)
                0x0000000000001bdc                gfx_term_clear
 .text.gfx_term_goto
                0x0000000000001bec       0x12 /home/defaultuser/Documents/niboLib/lib/libnibo2.a(gfx.o)
                0x0000000000001bec                gfx_term_goto
 .text.gfx_term_scroll
                0x0000000000001bfe      0x100 /home/defaultuser/Documents/niboLib/lib/libnibo2.a(gfx.o)
                0x0000000000001bfe                gfx_term_scroll
 .text.gfx_term_print
                0x0000000000001cfe       0x8c /home/defaultuser/Documents/niboLib/lib/libnibo2.a(gfx.o)
                0x0000000000001cfe                gfx_term_print
 .text.wait_copro
                0x0000000000001d8a       0x28 /home/defaultuser/Documents/niboLib/lib/libnibo2.a(copro.o)
 .text.spi_finished_callback
                0x0000000000001db2       0xa8 /home/defaultuser/Documents/niboLib/lib/libnibo2.a(copro.o)
                0x0000000000001db2                spi_finished_callback
 .text._copro_check_busy
                0x0000000000001e5a       0x1a /home/defaultuser/Documents/niboLib/lib/libnibo2.a(copro.o)
                0x0000000000001e5a                _copro_check_busy
 .text.copro_update
                0x0000000000001e74      0x154 /home/defaultuser/Documents/niboLib/lib/libnibo2.a(copro.o)
                0x0000000000001e74                copro_update
 .text.copro_stop
                0x0000000000001fc8        0xc /home/defaultuser/Documents/niboLib/lib/libnibo2.a(copro.o)
                0x0000000000001fc8                copro_stop
 .text.copro_stopImmediate
                0x0000000000001fd4        0xe /home/defaultuser/Documents/niboLib/lib/libnibo2.a(copro.o)
                0x0000000000001fd4                copro_stopImmediate
 .text.copro_setPWM
                0x0000000000001fe2       0x18 /home/defaultuser/Documents/niboLib/lib/libnibo2.a(copro.o)
                0x0000000000001fe2                copro_setPWM
 .text.copro_setSpeed
                0x0000000000001ffa       0x18 /home/defaultuser/Documents/niboLib/lib/libnibo2.a(copro.o)
                0x0000000000001ffa                copro_setSpeed
 .text.copro_setTargetAbs
                0x0000000000002012       0x34 /home/defaultuser/Documents/niboLib/lib/libnibo2.a(copro.o)
                0x0000000000002012                copro_setTargetAbs
 .text.copro_setTargetRel
                0x0000000000002046       0x1c /home/defaultuser/Documents/niboLib/lib/libnibo2.a(copro.o)
                0x0000000000002046                copro_setTargetRel
 .text.copro_setSpeedParameters
                0x0000000000002062       0x2e /home/defaultuser/Documents/niboLib/lib/libnibo2.a(copro.o)
                0x0000000000002062                copro_setSpeedParameters
 .text.copro_setPositionParameters
                0x0000000000002090        0x4 /home/defaultuser/Documents/niboLib/lib/libnibo2.a(copro.o)
                0x0000000000002090                copro_setPositionParameters
 .text.copro_resetOdometry
                0x0000000000002094       0x54 /home/defaultuser/Documents/niboLib/lib/libnibo2.a(copro.o)
                0x0000000000002094                copro_resetOdometry
 .text.copro_ir_stop
                0x00000000000020e8       0x14 /home/defaultuser/Documents/niboLib/lib/libnibo2.a(copro.o)
                0x00000000000020e8                copro_ir_stop
 .text.copro_ir_startMeasure
                0x00000000000020fc       0x14 /home/defaultuser/Documents/niboLib/lib/libnibo2.a(copro.o)
                0x00000000000020fc                copro_ir_startMeasure
 .text.copro_transmitRC5
                0x0000000000002110       0x26 /home/defaultuser/Documents/niboLib/lib/libnibo2.a(copro.o)
                0x0000000000002110                copro_transmitRC5
 .text.bot_init
                0x0000000000002136       0x16 /home/defaultuser/Documents/niboLib/lib/libnibo2.a(bot.o)
                0x0000000000002136                bot_init
 .text.bot_update
                0x000000000000214c       0x10 /home/defaultuser/Documents/niboLib/lib/libnibo2.a(bot.o)
                0x000000000000214c                bot_update
 .text.leds_init
                0x000000000000215c       0x10 /home/defaultuser/Documents/niboLib/lib/libnibo2.a(leds.o)
                0x000000000000215c                leds_init
 .text.leds_set_status
                0x000000000000216c       0x48 /home/defaultuser/Documents/niboLib/lib/libnibo2.a(leds.o)
                0x000000000000216c                leds_set_status
 .text.leds_set_status_intensity
                0x00000000000021b4        0xa /home/defaultuser/Documents/niboLib/lib/libnibo2.a(leds.o)
                0x00000000000021b4                leds_set_status_intensity
 .text.leds_get_status_intensity
                0x00000000000021be        0xa /home/defaultuser/Documents/niboLib/lib/libnibo2.a(leds.o)
                0x00000000000021be                leds_get_status_intensity
 .text.leds_set_headlights
                0x00000000000021c8        0xa /home/defaultuser/Documents/niboLib/lib/libnibo2.a(leds.o)
                0x00000000000021c8                leds_set_headlights
 .text.leds_get_headlights
                0x00000000000021d2        0xa /home/defaultuser/Documents/niboLib/lib/libnibo2.a(leds.o)
                0x00000000000021d2                leds_get_headlights
 .text.leds_set_displaylight
                0x00000000000021dc        0xa /home/defaultuser/Documents/niboLib/lib/libnibo2.a(leds.o)
                0x00000000000021dc                leds_set_displaylight
 .text.leds_get_displaylight
                0x00000000000021e6        0xa /home/defaultuser/Documents/niboLib/lib/libnibo2.a(leds.o)
                0x00000000000021e6                leds_get_displaylight
 .text.sound_init
                0x00000000000021f0        0x4 /home/defaultuser/Documents/niboLib/lib/libnibo2.a(sound.o)
                0x00000000000021f0                sound_init
 .text.sound_tone
                0x00000000000021f4       0x4a /home/defaultuser/Documents/niboLib/lib/libnibo2.a(sound.o)
                0x00000000000021f4                sound_tone
 .text.adc_init
                0x000000000000223e       0x24 /home/defaultuser/Documents/niboLib/lib/libnibo2.a(adc.o)
                0x000000000000223e                adc_init
 .text.adc_read
                0x0000000000002262       0x3c /home/defaultuser/Documents/niboLib/lib/libnibo2.a(adc.o)
                0x0000000000002262                adc_read
 .text.adc_get_random_seed
                0x000000000000229e        0xa /home/defaultuser/Documents/niboLib/lib/libnibo2.a(adc.o)
                0x000000000000229e                adc_get_random_seed
 .text.avr-libc.fplib
                0x00000000000022a8        0xa /usr/lib/gcc/avr/5.4.0/../../../avr/lib/avr51/libm.a(cmpsf2.o)
                0x00000000000022a8                __lesf2
                0x00000000000022a8                __nesf2
                0x00000000000022a8                __eqsf2
                0x00000000000022a8                __cmpsf2
                0x00000000000022a8                __ltsf2
 .text.avr-libc.fplib
                0x00000000000022b2        0x8 /usr/lib/gcc/avr/5.4.0/../../../avr/lib/avr51/libm.a(divsf3.o)
                0x00000000000022b2                __divsf3
 .text.avr-libc.fplib
                0x00000000000022ba       0xdc /usr/lib/gcc/avr/5.4.0/../../../avr/lib/avr51/libm.a(divsf3x.o)
                0x00000000000022da                __divsf3x
                0x00000000000022e0                __divsf3_pse
 .text.avr-libc.fplib
                0x0000000000002396       0x5e /usr/lib/gcc/avr/5.4.0/../../../avr/lib/avr51/libm.a(fixunssfsi.o)
                0x0000000000002396                __fixunssfsi
 .text.avr-libc.fplib
                0x00000000000023f4       0x48 /usr/lib/gcc/avr/5.4.0/../../../avr/lib/avr51/libm.a(fp_cmp.o)
                0x00000000000023f4                __fp_cmp
 .text.avr-libc.fplib
                0x000000000000243c        0xc /usr/lib/gcc/avr/5.4.0/../../../avr/lib/avr51/libm.a(fp_inf.o)
                0x000000000000243c                __fp_inf
 .text.avr-libc.fplib
                0x0000000000002448        0x6 /usr/lib/gcc/avr/5.4.0/../../../avr/lib/avr51/libm.a(fp_nan.o)
                0x0000000000002448                __fp_nan
 .text.avr-libc.fplib
                0x000000000000244e        0xe /usr/lib/gcc/avr/5.4.0/../../../avr/lib/avr51/libm.a(fp_pscA.o)
                0x000000000000244e                __fp_pscA
 .text.avr-libc.fplib
                0x000000000000245c        0xe /usr/lib/gcc/avr/5.4.0/../../../avr/lib/avr51/libm.a(fp_pscB.o)
                0x000000000000245c                __fp_pscB
 .text.avr-libc.fplib
                0x000000000000246a       0x22 /usr/lib/gcc/avr/5.4.0/../../../avr/lib/avr51/libm.a(fp_round.o)
                0x000000000000246a                __fp_round
 .text.avr-libc.fplib
                0x000000000000248c       0x44 /usr/lib/gcc/avr/5.4.0/../../../avr/lib/avr51/libm.a(fp_split3.o)
                0x000000000000248c                __fp_split3
                0x000000000000249c                __fp_splitA
 .text.avr-libc.fplib
                0x00000000000024d0        0xe /usr/lib/gcc/avr/5.4.0/../../../avr/lib/avr51/libm.a(fp_zero.o)
                0x00000000000024d0                __fp_zero
                0x00000000000024d2                __fp_szero
 .text.avr-libc.fplib
                0x00000000000024de        0xa /usr/lib/gcc/avr/5.4.0/../../../avr/lib/avr51/libm.a(gesf2.o)
                0x00000000000024de                __gtsf2
                0x00000000000024de                __gesf2
 .text.avr-libc.fplib
                0x00000000000024e8        0x8 /usr/lib/gcc/avr/5.4.0/../../../avr/lib/avr51/libm.a(mulsf3.o)
                0x00000000000024e8                __mulsf3
 .text.avr-libc.fplib
                0x00000000000024f0       0xd2 /usr/lib/gcc/avr/5.4.0/../../../avr/lib/avr51/libm.a(mulsf3x.o)
                0x000000000000250e                __mulsf3x
                0x0000000000002514                __mulsf3_pse
 .text.libgcc.mul
                0x00000000000025c2        0x0 /usr/lib/gcc/avr/5.4.0/avr51/libgcc.a(_divmodsi4.o)
 .text.libgcc.div
                0x00000000000025c2       0x2e /usr/lib/gcc/avr/5.4.0/avr51/libgcc.a(_divmodsi4.o)
                0x00000000000025c2                __divmodsi4
 .text.libgcc   0x00000000000025f0        0x0 /usr/lib/gcc/avr/5.4.0/avr51/libgcc.a(_divmodsi4.o)
 .text.libgcc.prologue
                0x00000000000025f0        0x0 /usr/lib/gcc/avr/5.4.0/avr51/libgcc.a(_divmodsi4.o)
 .text.libgcc.builtins
                0x00000000000025f0        0x0 /usr/lib/gcc/avr/5.4.0/avr51/libgcc.a(_divmodsi4.o)
 .text.libgcc.fmul
                0x00000000000025f0        0x0 /usr/lib/gcc/avr/5.4.0/avr51/libgcc.a(_divmodsi4.o)
 .text.libgcc.fixed
                0x00000000000025f0        0x0 /usr/lib/gcc/avr/5.4.0/avr51/libgcc.a(_divmodsi4.o)
 .text.libgcc.mul
                0x00000000000025f0        0x0 /usr/lib/gcc/avr/5.4.0/avr51/libgcc.a(_negsi2.o)
 .text.libgcc.div
                0x00000000000025f0       0x10 /usr/lib/gcc/avr/5.4.0/avr51/libgcc.a(_negsi2.o)
                0x00000000000025f0                __negsi2
 .text.libgcc   0x0000000000002600        0x0 /usr/lib/gcc/avr/5.4.0/avr51/libgcc.a(_negsi2.o)
 .text.libgcc.prologue
                0x0000000000002600        0x0 /usr/lib/gcc/avr/5.4.0/avr51/libgcc.a(_negsi2.o)
 .text.libgcc.builtins
                0x0000000000002600        0x0 /usr/lib/gcc/avr/5.4.0/avr51/libgcc.a(_negsi2.o)
 .text.libgcc.fmul
                0x0000000000002600        0x0 /usr/lib/gcc/avr/5.4.0/avr51/libgcc.a(_negsi2.o)
 .text.libgcc.fixed
                0x0000000000002600        0x0 /usr/lib/gcc/avr/5.4.0/avr51/libgcc.a(_negsi2.o)
 .text.libgcc.mul
                0x0000000000002600        0x0 /usr/lib/gcc/avr/5.4.0/avr51/libgcc.a(_exit.o)
 .text.libgcc.div
                0x0000000000002600        0x0 /usr/lib/gcc/avr/5.4.0/avr51/libgcc.a(_exit.o)
 .text.libgcc   0x0000000000002600        0x0 /usr/lib/gcc/avr/5.4.0/avr51/libgcc.a(_exit.o)
 .text.libgcc.prologue
                0x0000000000002600        0x0 /usr/lib/gcc/avr/5.4.0/avr51/libgcc.a(_exit.o)
 .text.libgcc.builtins
                0x0000000000002600        0x0 /usr/lib/gcc/avr/5.4.0/avr51/libgcc.a(_exit.o)
 .text.libgcc.fmul
                0x0000000000002600        0x0 /usr/lib/gcc/avr/5.4.0/avr51/libgcc.a(_exit.o)
 .text.libgcc.fixed
                0x0000000000002600        0x0 /usr/lib/gcc/avr/5.4.0/avr51/libgcc.a(_exit.o)
 .text.libgcc.mul
                0x0000000000002600        0x0 /usr/lib/gcc/avr/5.4.0/avr51/libgcc.a(_copy_data.o)
 .text.libgcc.div
                0x0000000000002600        0x0 /usr/lib/gcc/avr/5.4.0/avr51/libgcc.a(_copy_data.o)
 .text.libgcc   0x0000000000002600        0x0 /usr/lib/gcc/avr/5.4.0/avr51/libgcc.a(_copy_data.o)
 .text.libgcc.prologue
                0x0000000000002600        0x0 /usr/lib/gcc/avr/5.4.0/avr51/libgcc.a(_copy_data.o)
 .text.libgcc.builtins
                0x0000000000002600        0x0 /usr/lib/gcc/avr/5.4.0/avr51/libgcc.a(_copy_data.o)
 .text.libgcc.fmul
                0x0000000000002600        0x0 /usr/lib/gcc/avr/5.4.0/avr51/libgcc.a(_copy_data.o)
 .text.libgcc.fixed
                0x0000000000002600        0x0 /usr/lib/gcc/avr/5.4.0/avr51/libgcc.a(_copy_data.o)
 .text.libgcc.mul
                0x0000000000002600        0x0 /usr/lib/gcc/avr/5.4.0/avr51/libgcc.a(_clear_bss.o)
 .text.libgcc.div
                0x0000000000002600        0x0 /usr/lib/gcc/avr/5.4.0/avr51/libgcc.a(_clear_bss.o)
 .text.libgcc   0x0000000000002600        0x0 /usr/lib/gcc/avr/5.4.0/avr51/libgcc.a(_clear_bss.o)
 .text.libgcc.prologue
                0x0000000000002600        0x0 /usr/lib/gcc/avr/5.4.0/avr51/libgcc.a(_clear_bss.o)
 .text.libgcc.builtins
                0x0000000000002600        0x0 /usr/lib/gcc/avr/5.4.0/avr51/libgcc.a(_clear_bss.o)
 .text.libgcc.fmul
                0x0000000000002600        0x0 /usr/lib/gcc/avr/5.4.0/avr51/libgcc.a(_clear_bss.o)
 .text.libgcc.fixed
                0x0000000000002600        0x0 /usr/lib/gcc/avr/5.4.0/avr51/libgcc.a(_clear_bss.o)
 .text.libgcc.mul
                0x0000000000002600        0x0 /usr/lib/gcc/avr/5.4.0/avr51/libgcc.a(_udivmodsi4.o)
 .text.libgcc.div
                0x0000000000002600       0x44 /usr/lib/gcc/avr/5.4.0/avr51/libgcc.a(_udivmodsi4.o)
                0x0000000000002600                __udivmodsi4
 .text.libgcc   0x0000000000002644        0x0 /usr/lib/gcc/avr/5.4.0/avr51/libgcc.a(_udivmodsi4.o)
 .text.libgcc.prologue
                0x0000000000002644        0x0 /usr/lib/gcc/avr/5.4.0/avr51/libgcc.a(_udivmodsi4.o)
 .text.libgcc.builtins
                0x0000000000002644        0x0 /usr/lib/gcc/avr/5.4.0/avr51/libgcc.a(_udivmodsi4.o)
 .text.libgcc.fmul
                0x0000000000002644        0x0 /usr/lib/gcc/avr/5.4.0/avr51/libgcc.a(_udivmodsi4.o)
 .text.libgcc.fixed
                0x0000000000002644        0x0 /usr/lib/gcc/avr/5.4.0/avr51/libgcc.a(_udivmodsi4.o)
 .text.avr-libc
                0x0000000000002644       0xb4 /usr/lib/gcc/avr/5.4.0/../../../avr/lib/avr51/libc.a(rand.o)
                0x00000000000026d6                rand_r
                0x00000000000026da                rand
                0x00000000000026e2                srand
 .text.libgcc.mul
                0x00000000000026f8       0x16 /usr/lib/gcc/avr/5.4.0/avr51/libgcc.a(_muluhisi3.o)
                0x00000000000026f8                __muluhisi3
 .text.libgcc.div
                0x000000000000270e        0x0 /usr/lib/gcc/avr/5.4.0/avr51/libgcc.a(_muluhisi3.o)
 .text.libgcc   0x000000000000270e        0x0 /usr/lib/gcc/avr/5.4.0/avr51/libgcc.a(_muluhisi3.o)
 .text.libgcc.prologue
                0x000000000000270e        0x0 /usr/lib/gcc/avr/5.4.0/avr51/libgcc.a(_muluhisi3.o)
 .text.libgcc.builtins
                0x000000000000270e        0x0 /usr/lib/gcc/avr/5.4.0/avr51/libgcc.a(_muluhisi3.o)
 .text.libgcc.fmul
                0x000000000000270e        0x0 /usr/lib/gcc/avr/5.4.0/avr51/libgcc.a(_muluhisi3.o)
 .text.libgcc.fixed
                0x000000000000270e        0x0 /usr/lib/gcc/avr/5.4.0/avr51/libgcc.a(_muluhisi3.o)
 .text.libgcc.mul
                0x000000000000270e       0x10 /usr/lib/gcc/avr/5.4.0/avr51/libgcc.a(_mulshisi3.o)
                0x000000000000270e                __mulshisi3
                0x0000000000002714                __mulohisi3
 .text.libgcc.div
                0x000000000000271e        0x0 /usr/lib/gcc/avr/5.4.0/avr51/libgcc.a(_mulshisi3.o)
 .text.libgcc   0x000000000000271e        0x0 /usr/lib/gcc/avr/5.4.0/avr51/libgcc.a(_mulshisi3.o)
 .text.libgcc.prologue
                0x000000000000271e        0x0 /usr/lib/gcc/avr/5.4.0/avr51/libgcc.a(_mulshisi3.o)
 .text.libgcc.builtins
                0x000000000000271e        0x0 /usr/lib/gcc/avr/5.4.0/avr51/libgcc.a(_mulshisi3.o)
 .text.libgcc.fmul
                0x000000000000271e        0x0 /usr/lib/gcc/avr/5.4.0/avr51/libgcc.a(_mulshisi3.o)
 .text.libgcc.fixed
                0x000000000000271e        0x0 /usr/lib/gcc/avr/5.4.0/avr51/libgcc.a(_mulshisi3.o)
 .text.libgcc.mul
                0x000000000000271e       0x1e /usr/lib/gcc/avr/5.4.0/avr51/libgcc.a(_umulhisi3.o)
                0x000000000000271e                __umulhisi3
 .text.libgcc.div
                0x000000000000273c        0x0 /usr/lib/gcc/avr/5.4.0/avr51/libgcc.a(_umulhisi3.o)
 .text.libgcc   0x000000000000273c        0x0 /usr/lib/gcc/avr/5.4.0/avr51/libgcc.a(_umulhisi3.o)
 .text.libgcc.prologue
                0x000000000000273c        0x0 /usr/lib/gcc/avr/5.4.0/avr51/libgcc.a(_umulhisi3.o)
 .text.libgcc.builtins
                0x000000000000273c        0x0 /usr/lib/gcc/avr/5.4.0/avr51/libgcc.a(_umulhisi3.o)
 .text.libgcc.fmul
                0x000000000000273c        0x0 /usr/lib/gcc/avr/5.4.0/avr51/libgcc.a(_umulhisi3.o)
 .text.libgcc.fixed
                0x000000000000273c        0x0 /usr/lib/gcc/avr/5.4.0/avr51/libgcc.a(_umulhisi3.o)
                0x000000000000273c                . = ALIGN (0x2)
 *(.fini9)
 .fini9         0x000000000000273c        0x0 /usr/lib/gcc/avr/5.4.0/avr51/libgcc.a(_exit.o)
                0x000000000000273c                exit
                0x000000000000273c                _exit
 *(.fini9)
 *(.fini8)
 *(.fini8)
 *(.fini7)
 *(.fini7)
 *(.fini6)
 *(.fini6)
 *(.fini5)
 *(.fini5)
 *(.fini4)
 *(.fini4)
 *(.fini3)
 *(.fini3)
 *(.fini2)
 *(.fini2)
 *(.fini1)
 *(.fini1)
 *(.fini0)
 .fini0         0x000000000000273c        0x4 /usr/lib/gcc/avr/5.4.0/avr51/libgcc.a(_exit.o)
 *(.fini0)
                0x0000000000002740                _etext = .

.data           0x0000000000800100      0x2a4 load address 0x0000000000002740
                0x0000000000800100                PROVIDE (__data_start, .)
 *(.data)
 .data          0x0000000000800100        0x0 /usr/lib/gcc/avr/5.4.0/../../../avr/lib/avr51/crtatmega128.o
 .data          0x0000000000800100        0x0 ./src/distance.o
 .data          0x0000000000800100        0x0 ./src/drive.o
 .data          0x0000000000800100        0x0 ./src/main.o
 .data          0x0000000000800100        0x0 ./src/presentation.o
 .data          0x0000000000800100        0x0 ./src/start.o
 .data          0x0000000000800100        0x0 /home/defaultuser/Documents/niboLib/lib/libnibo2.a(display.o)
 .data          0x0000000000800100        0x0 /home/defaultuser/Documents/niboLib/lib/libnibo2.a(pwm.o)
 .data          0x0000000000800100        0x0 /home/defaultuser/Documents/niboLib/lib/libnibo2.a(delay.o)
 .data          0x0000000000800100        0x0 /home/defaultuser/Documents/niboLib/lib/libnibo2.a(spi.o)
 .data          0x0000000000800100        0x0 /home/defaultuser/Documents/niboLib/lib/libnibo2.a(gfx.o)
 .data          0x0000000000800100        0x0 /home/defaultuser/Documents/niboLib/lib/libnibo2.a(copro.o)
 .data          0x0000000000800100        0x0 /home/defaultuser/Documents/niboLib/lib/libnibo2.a(bot.o)
 .data          0x0000000000800100        0x0 /home/defaultuser/Documents/niboLib/lib/libnibo2.a(leds.o)
 .data          0x0000000000800100        0x0 /home/defaultuser/Documents/niboLib/lib/libnibo2.a(sound.o)
 .data          0x0000000000800100        0x0 /home/defaultuser/Documents/niboLib/lib/libnibo2.a(adc.o)
 .data          0x0000000000800100        0x0 /usr/lib/gcc/avr/5.4.0/../../../avr/lib/avr51/libm.a(cmpsf2.o)
 .data          0x0000000000800100        0x0 /usr/lib/gcc/avr/5.4.0/../../../avr/lib/avr51/libm.a(divsf3.o)
 .data          0x0000000000800100        0x0 /usr/lib/gcc/avr/5.4.0/../../../avr/lib/avr51/libm.a(divsf3x.o)
 .data          0x0000000000800100        0x0 /usr/lib/gcc/avr/5.4.0/../../../avr/lib/avr51/libm.a(fixunssfsi.o)
 .data          0x0000000000800100        0x0 /usr/lib/gcc/avr/5.4.0/../../../avr/lib/avr51/libm.a(fp_cmp.o)
 .data          0x0000000000800100        0x0 /usr/lib/gcc/avr/5.4.0/../../../avr/lib/avr51/libm.a(fp_inf.o)
 .data          0x0000000000800100        0x0 /usr/lib/gcc/avr/5.4.0/../../../avr/lib/avr51/libm.a(fp_nan.o)
 .data          0x0000000000800100        0x0 /usr/lib/gcc/avr/5.4.0/../../../avr/lib/avr51/libm.a(fp_pscA.o)
 .data          0x0000000000800100        0x0 /usr/lib/gcc/avr/5.4.0/../../../avr/lib/avr51/libm.a(fp_pscB.o)
 .data          0x0000000000800100        0x0 /usr/lib/gcc/avr/5.4.0/../../../avr/lib/avr51/libm.a(fp_round.o)
 .data          0x0000000000800100        0x0 /usr/lib/gcc/avr/5.4.0/../../../avr/lib/avr51/libm.a(fp_split3.o)
 .data          0x0000000000800100        0x0 /usr/lib/gcc/avr/5.4.0/../../../avr/lib/avr51/libm.a(fp_zero.o)
 .data          0x0000000000800100        0x0 /usr/lib/gcc/avr/5.4.0/../../../avr/lib/avr51/libm.a(gesf2.o)
 .data          0x0000000000800100        0x0 /usr/lib/gcc/avr/5.4.0/../../../avr/lib/avr51/libm.a(mulsf3.o)
 .data          0x0000000000800100        0x0 /usr/lib/gcc/avr/5.4.0/../../../avr/lib/avr51/libm.a(mulsf3x.o)
 .data          0x0000000000800100        0x0 /usr/lib/gcc/avr/5.4.0/avr51/libgcc.a(_divmodsi4.o)
 .data          0x0000000000800100        0x0 /usr/lib/gcc/avr/5.4.0/avr51/libgcc.a(_negsi2.o)
 .data          0x0000000000800100        0x0 /usr/lib/gcc/avr/5.4.0/avr51/libgcc.a(_exit.o)
 .data          0x0000000000800100        0x0 /usr/lib/gcc/avr/5.4.0/avr51/libgcc.a(_copy_data.o)
 .data          0x0000000000800100        0x0 /usr/lib/gcc/avr/5.4.0/avr51/libgcc.a(_clear_bss.o)
 .data          0x0000000000800100        0x0 /usr/lib/gcc/avr/5.4.0/avr51/libgcc.a(_udivmodsi4.o)
 .data          0x0000000000800100        0x4 /usr/lib/gcc/avr/5.4.0/../../../avr/lib/avr51/libc.a(rand.o)
 .data          0x0000000000800104        0x0 /usr/lib/gcc/avr/5.4.0/avr51/libgcc.a(_muluhisi3.o)
 .data          0x0000000000800104        0x0 /usr/lib/gcc/avr/5.4.0/avr51/libgcc.a(_mulshisi3.o)
 .data          0x0000000000800104        0x0 /usr/lib/gcc/avr/5.4.0/avr51/libgcc.a(_umulhisi3.o)
 *(.data*)
 *(.rodata)
 .rodata        0x0000000000800104       0x60 ./src/start.o
 .rodata        0x0000000000800164      0x240 /home/defaultuser/Documents/niboLib/lib/libnibo2.a(gfx.o)
                0x0000000000800164                fontTiles
 *(.rodata*)
 *(.gnu.linkonce.d*)
                0x00000000008003a4                . = ALIGN (0x2)
                0x00000000008003a4                _edata = .
                0x00000000008003a4                PROVIDE (__data_end, .)

.bss            0x00000000008003a4       0xcf
                0x00000000008003a4                PROVIDE (__bss_start, .)
 *(.bss)
 .bss           0x00000000008003a4        0x0 /usr/lib/gcc/avr/5.4.0/../../../avr/lib/avr51/crtatmega128.o
 .bss           0x00000000008003a4        0x0 ./src/distance.o
 .bss           0x00000000008003a4        0x0 ./src/drive.o
 .bss           0x00000000008003a4        0x0 ./src/main.o
 .bss           0x00000000008003a4        0x0 ./src/presentation.o
 .bss           0x00000000008003a4        0x0 ./src/start.o
 .bss           0x00000000008003a4        0x0 /home/defaultuser/Documents/niboLib/lib/libnibo2.a(display.o)
 .bss           0x00000000008003a4        0x0 /home/defaultuser/Documents/niboLib/lib/libnibo2.a(pwm.o)
 .bss           0x00000000008003a4        0x0 /home/defaultuser/Documents/niboLib/lib/libnibo2.a(delay.o)
 .bss           0x00000000008003a4        0x0 /home/defaultuser/Documents/niboLib/lib/libnibo2.a(spi.o)
 .bss           0x00000000008003a4        0x0 /home/defaultuser/Documents/niboLib/lib/libnibo2.a(gfx.o)
 .bss           0x00000000008003a4        0x0 /home/defaultuser/Documents/niboLib/lib/libnibo2.a(copro.o)
 .bss           0x00000000008003a4        0x0 /home/defaultuser/Documents/niboLib/lib/libnibo2.a(bot.o)
 .bss           0x00000000008003a4        0x0 /home/defaultuser/Documents/niboLib/lib/libnibo2.a(leds.o)
 .bss           0x00000000008003a4        0x0 /home/defaultuser/Documents/niboLib/lib/libnibo2.a(sound.o)
 .bss           0x00000000008003a4        0x0 /home/defaultuser/Documents/niboLib/lib/libnibo2.a(adc.o)
 .bss           0x00000000008003a4        0x0 /usr/lib/gcc/avr/5.4.0/../../../avr/lib/avr51/libm.a(cmpsf2.o)
 .bss           0x00000000008003a4        0x0 /usr/lib/gcc/avr/5.4.0/../../../avr/lib/avr51/libm.a(divsf3.o)
 .bss           0x00000000008003a4        0x0 /usr/lib/gcc/avr/5.4.0/../../../avr/lib/avr51/libm.a(divsf3x.o)
 .bss           0x00000000008003a4        0x0 /usr/lib/gcc/avr/5.4.0/../../../avr/lib/avr51/libm.a(fixunssfsi.o)
 .bss           0x00000000008003a4        0x0 /usr/lib/gcc/avr/5.4.0/../../../avr/lib/avr51/libm.a(fp_cmp.o)
 .bss           0x00000000008003a4        0x0 /usr/lib/gcc/avr/5.4.0/../../../avr/lib/avr51/libm.a(fp_inf.o)
 .bss           0x00000000008003a4        0x0 /usr/lib/gcc/avr/5.4.0/../../../avr/lib/avr51/libm.a(fp_nan.o)
 .bss           0x00000000008003a4        0x0 /usr/lib/gcc/avr/5.4.0/../../../avr/lib/avr51/libm.a(fp_pscA.o)
 .bss           0x00000000008003a4        0x0 /usr/lib/gcc/avr/5.4.0/../../../avr/lib/avr51/libm.a(fp_pscB.o)
 .bss           0x00000000008003a4        0x0 /usr/lib/gcc/avr/5.4.0/../../../avr/lib/avr51/libm.a(fp_round.o)
 .bss           0x00000000008003a4        0x0 /usr/lib/gcc/avr/5.4.0/../../../avr/lib/avr51/libm.a(fp_split3.o)
 .bss           0x00000000008003a4        0x0 /usr/lib/gcc/avr/5.4.0/../../../avr/lib/avr51/libm.a(fp_zero.o)
 .bss           0x00000000008003a4        0x0 /usr/lib/gcc/avr/5.4.0/../../../avr/lib/avr51/libm.a(gesf2.o)
 .bss           0x00000000008003a4        0x0 /usr/lib/gcc/avr/5.4.0/../../../avr/lib/avr51/libm.a(mulsf3.o)
 .bss           0x00000000008003a4        0x0 /usr/lib/gcc/avr/5.4.0/../../../avr/lib/avr51/libm.a(mulsf3x.o)
 .bss           0x00000000008003a4        0x0 /usr/lib/gcc/avr/5.4.0/avr51/libgcc.a(_divmodsi4.o)
 .bss           0x00000000008003a4        0x0 /usr/lib/gcc/avr/5.4.0/avr51/libgcc.a(_negsi2.o)
 .bss           0x00000000008003a4        0x0 /usr/lib/gcc/avr/5.4.0/avr51/libgcc.a(_exit.o)
 .bss           0x00000000008003a4        0x0 /usr/lib/gcc/avr/5.4.0/avr51/libgcc.a(_copy_data.o)
 .bss           0x00000000008003a4        0x0 /usr/lib/gcc/avr/5.4.0/avr51/libgcc.a(_clear_bss.o)
 .bss           0x00000000008003a4        0x0 /usr/lib/gcc/avr/5.4.0/avr51/libgcc.a(_udivmodsi4.o)
 .bss           0x00000000008003a4        0x0 /usr/lib/gcc/avr/5.4.0/../../../avr/lib/avr51/libc.a(rand.o)
 .bss           0x00000000008003a4        0x0 /usr/lib/gcc/avr/5.4.0/avr51/libgcc.a(_muluhisi3.o)
 .bss           0x00000000008003a4        0x0 /usr/lib/gcc/avr/5.4.0/avr51/libgcc.a(_mulshisi3.o)
 .bss           0x00000000008003a4        0x0 /usr/lib/gcc/avr/5.4.0/avr51/libgcc.a(_umulhisi3.o)
 *(.bss*)
 .bss.flag.2343
                0x00000000008003a4        0x2 ./src/distance.o
 .bss.timer.2344
                0x00000000008003a6        0x2 ./src/distance.o
 *(COMMON)
 COMMON         0x00000000008003a8        0xf ./src/distance.o
                0x00000000008003a8                nds3_distcalib_alpha
                0x00000000008003aa                nds3_servocalib_mid
                0x00000000008003ac                nds3_pin
                0x00000000008003ad                nds3_ddr
                0x00000000008003ae                nds3_port
                0x00000000008003af                nds3_servocalib_lo
                0x00000000008003b1                nds3_distcalib_v0
                0x00000000008003b3                nds3_distcalib_d0
                0x00000000008003b5                nds3_servocalib_hi
 COMMON         0x00000000008003b7        0x1 /home/defaultuser/Documents/niboLib/lib/libnibo2.a(display.o)
                0x00000000008003b7                display_type
 COMMON         0x00000000008003b8        0xe /home/defaultuser/Documents/niboLib/lib/libnibo2.a(pwm.o)
                0x00000000008003b8                pwm_channel_A
                0x00000000008003ba                pwm_channel_B
                0x00000000008003bc                pwm_timer_ms
                0x00000000008003be                pwm_channel_C
                0x00000000008003c0                pwm_timer_sub
                0x00000000008003c2                pwm_timer_sec
 COMMON         0x00000000008003c6       0x3e /home/defaultuser/Documents/niboLib/lib/libnibo2.a(spi.o)
                0x00000000008003c6                spi_tx_buf
                0x00000000008003e1                spi_rx_size
                0x00000000008003e2                spi_err_cnt
                0x00000000008003e3                spi_tx_size
                0x00000000008003e4                spi_frame_cnt
                0x00000000008003e5                spi_size
                0x00000000008003e6                spi_rx_buf
                0x0000000000800401                spi_tx_chk
                0x0000000000800402                spi_pos
                0x0000000000800403                spi_rx_chk
 COMMON         0x0000000000800404        0xe /home/defaultuser/Documents/niboLib/lib/libnibo2.a(gfx.o)
                0x0000000000800404                gfx_dm
                0x0000000000800405                gfx_term_row
                0x0000000000800406                gfx_proportional
                0x0000000000800407                gfx_x
                0x0000000000800408                gfx_tile
                0x0000000000800410                gfx_y
                0x0000000000800411                gfx_term_col
 COMMON         0x0000000000800412       0x5d /home/defaultuser/Documents/niboLib/lib/libnibo2.a(copro.o)
                0x0000000000800412                copro_ticks_offset_r
                0x0000000000800414                copro_ticks_offset_l
                0x0000000000800416                copro_current_l
                0x0000000000800418                copro_commands
                0x000000000080042d                copro_ticks_l
                0x000000000080042f                copro_rc5_cmd
                0x0000000000800431                copro_distance
                0x000000000080043b                copro_pos_x
                0x000000000080043f                copro_pos_ori
                0x0000000000800443                copro_speed_r
                0x0000000000800445                copro_ticks_r
                0x0000000000800447                copro_pos_y
                0x000000000080044b                copro_ir_mode
                0x000000000080044c                copro_rc5_count
                0x000000000080044d                copro_current_r
                0x000000000080044f                copro_buffer
                0x000000000080046a                copro_target_distance
                0x000000000080046c                copro_seq
                0x000000000080046d                copro_speed_l
 COMMON         0x000000000080046f        0x2 /home/defaultuser/Documents/niboLib/lib/libnibo2.a(bot.o)
                0x000000000080046f                bot_supply
 COMMON         0x0000000000800471        0x2 /home/defaultuser/Documents/niboLib/lib/libnibo2.a(adc.o)
                0x0000000000800471                adc_random_seed
                0x0000000000800473                PROVIDE (__bss_end, .)
                0x0000000000002740                __data_load_start = LOADADDR (.data)
                0x00000000000029e4                __data_load_end = (__data_load_start + SIZEOF (.data))

.noinit         0x0000000000800473        0x0
                [!provide]                        PROVIDE (__noinit_start, .)
 *(.noinit*)
                [!provide]                        PROVIDE (__noinit_end, .)
                0x0000000000800473                _end = .
                [!provide]                        PROVIDE (__heap_start, .)

.eeprom         0x0000000000810000        0x0
 *(.eeprom*)
                0x0000000000810000                __eeprom_end = .

.fuse
 *(.fuse)
 *(.lfuse)
 *(.hfuse)
 *(.efuse)

.lock
 *(.lock*)

.signature
 *(.signature*)

.user_signatures
 *(.user_signatures*)

.stab           0x0000000000000000     0x24f0
 *(.stab)
 .stab          0x0000000000000000      0xcb4 ./src/distance.o
 .stab          0x0000000000000cb4      0x510 ./src/drive.o
                                        0x840 (size before relaxing)
 .stab          0x00000000000011c4      0x480 ./src/main.o
                                        0x7b0 (size before relaxing)
 .stab          0x0000000000001644      0x588 ./src/presentation.o
                                        0x8b8 (size before relaxing)
 .stab          0x0000000000001bcc      0x924 ./src/start.o
                                        0xc54 (size before relaxing)

.stabstr        0x0000000000000000     0x13be
 *(.stabstr)
 .stabstr       0x0000000000000000     0x13be ./src/distance.o

.stab.excl
 *(.stab.excl)

.stab.exclstr
 *(.stab.exclstr)

.stab.index
 *(.stab.index)

.stab.indexstr
 *(.stab.indexstr)

.comment        0x0000000000000000       0x11
 *(.comment)
 .comment       0x0000000000000000       0x11 ./src/distance.o
                                         0x12 (size before relaxing)
 .comment       0x0000000000000011       0x12 ./src/drive.o
 .comment       0x0000000000000011       0x12 ./src/main.o
 .comment       0x0000000000000011       0x12 ./src/presentation.o
 .comment       0x0000000000000011       0x12 ./src/start.o
 .comment       0x0000000000000011       0x12 /home/defaultuser/Documents/niboLib/lib/libnibo2.a(display.o)
 .comment       0x0000000000000011       0x12 /home/defaultuser/Documents/niboLib/lib/libnibo2.a(pwm.o)
 .comment       0x0000000000000011       0x12 /home/defaultuser/Documents/niboLib/lib/libnibo2.a(delay.o)
 .comment       0x0000000000000011       0x12 /home/defaultuser/Documents/niboLib/lib/libnibo2.a(spi.o)
 .comment       0x0000000000000011       0x12 /home/defaultuser/Documents/niboLib/lib/libnibo2.a(gfx.o)
 .comment       0x0000000000000011       0x12 /home/defaultuser/Documents/niboLib/lib/libnibo2.a(copro.o)
 .comment       0x0000000000000011       0x12 /home/defaultuser/Documents/niboLib/lib/libnibo2.a(bot.o)
 .comment       0x0000000000000011       0x12 /home/defaultuser/Documents/niboLib/lib/libnibo2.a(leds.o)
 .comment       0x0000000000000011       0x12 /home/defaultuser/Documents/niboLib/lib/libnibo2.a(sound.o)
 .comment       0x0000000000000011       0x12 /home/defaultuser/Documents/niboLib/lib/libnibo2.a(adc.o)
 .comment       0x0000000000000011       0x12 /usr/lib/gcc/avr/5.4.0/../../../avr/lib/avr51/libc.a(rand.o)

.note.gnu.avr.deviceinfo
                0x0000000000000000       0x3c
 .note.gnu.avr.deviceinfo
                0x0000000000000000       0x3c /usr/lib/gcc/avr/5.4.0/../../../avr/lib/avr51/crtatmega128.o

.note.gnu.build-id
 *(.note.gnu.build-id)

.debug
 *(.debug)

.line
 *(.line)

.debug_srcinfo
 *(.debug_srcinfo)

.debug_sfnames
 *(.debug_sfnames)

.debug_aranges
 *(.debug_aranges)

.debug_pubnames
 *(.debug_pubnames)

.debug_info     0x0000000000000000      0x780
 *(.debug_info .gnu.linkonce.wi.*)
 .debug_info    0x0000000000000000      0x780 /usr/lib/gcc/avr/5.4.0/../../../avr/lib/avr51/crtatmega128.o

.debug_abbrev   0x0000000000000000      0x718
 *(.debug_abbrev)
 .debug_abbrev  0x0000000000000000      0x718 /usr/lib/gcc/avr/5.4.0/../../../avr/lib/avr51/crtatmega128.o

.debug_line     0x0000000000000000       0x1a
 *(.debug_line .debug_line.* .debug_line_end)
 .debug_line    0x0000000000000000       0x1a /usr/lib/gcc/avr/5.4.0/../../../avr/lib/avr51/crtatmega128.o

.debug_frame
 *(.debug_frame)

.debug_str      0x0000000000000000      0x27d
 *(.debug_str)
 .debug_str     0x0000000000000000      0x27d /usr/lib/gcc/avr/5.4.0/../../../avr/lib/avr51/crtatmega128.o

.debug_loc
 *(.debug_loc)

.debug_macinfo
 *(.debug_macinfo)

.debug_weaknames
 *(.debug_weaknames)

.debug_funcnames
 *(.debug_funcnames)

.debug_typenames
 *(.debug_typenames)

.debug_varnames
 *(.debug_varnames)

.debug_pubtypes
 *(.debug_pubtypes)

.debug_ranges
 *(.debug_ranges)

.debug_macro
 *(.debug_macro)
OUTPUT(Project_Final4.elf elf32-avr)
LOAD linker stubs
