Archive member included to satisfy reference by file (symbol)

/home/defaultuser/Documents/niboLib/lib/libnibo2.a(display.o)
                              ./src/main.o (display_init)
/home/defaultuser/Documents/niboLib/lib/libnibo2.a(pwm.o)
                              ./src/main.o (pwm_init)
/home/defaultuser/Documents/niboLib/lib/libnibo2.a(delay.o)
                              ./src/distance.o (delay)
/home/defaultuser/Documents/niboLib/lib/libnibo2.a(spi.o)
                              ./src/main.o (spi_init)
/home/defaultuser/Documents/niboLib/lib/libnibo2.a(gfx.o)
                              ./src/presentation.o (gfx_move)
/home/defaultuser/Documents/niboLib/lib/libnibo2.a(copro.o)
                              /home/defaultuser/Documents/niboLib/lib/libnibo2.a(spi.o) (spi_finished_callback)
/home/defaultuser/Documents/niboLib/lib/libnibo2.a(bot.o)
                              ./src/main.o (bot_init)
/home/defaultuser/Documents/niboLib/lib/libnibo2.a(leds.o)
                              ./src/main.o (leds_init)
/home/defaultuser/Documents/niboLib/lib/libnibo2.a(sound.o)
                              ./src/main.o (sound_init)
/home/defaultuser/Documents/niboLib/lib/libnibo2.a(adc.o)
                              /home/defaultuser/Documents/niboLib/lib/libnibo2.a(bot.o) (adc_read)
/usr/lib/gcc/avr/5.4.0/../../../avr/lib/avr51/libm.a(cmpsf2.o)
                              ./src/start.o (__ltsf2)
/usr/lib/gcc/avr/5.4.0/../../../avr/lib/avr51/libm.a(divsf3.o)
                              ./src/start.o (__divsf3)
/usr/lib/gcc/avr/5.4.0/../../../avr/lib/avr51/libm.a(divsf3x.o)
                              /usr/lib/gcc/avr/5.4.0/../../../avr/lib/avr51/libm.a(divsf3.o) (__divsf3x)
/usr/lib/gcc/avr/5.4.0/../../../avr/lib/avr51/libm.a(fixunssfsi.o)
                              ./src/start.o (__fixunssfsi)
/usr/lib/gcc/avr/5.4.0/../../../avr/lib/avr51/libm.a(fp_cmp.o)
                              /usr/lib/gcc/avr/5.4.0/../../../avr/lib/avr51/libm.a(cmpsf2.o) (__fp_cmp)
/usr/lib/gcc/avr/5.4.0/../../../avr/lib/avr51/libm.a(fp_inf.o)
                              /usr/lib/gcc/avr/5.4.0/../../../avr/lib/avr51/libm.a(divsf3x.o) (__fp_inf)
/usr/lib/gcc/avr/5.4.0/../../../avr/lib/avr51/libm.a(fp_nan.o)
                              /usr/lib/gcc/avr/5.4.0/../../../avr/lib/avr51/libm.a(divsf3x.o) (__fp_nan)
/usr/lib/gcc/avr/5.4.0/../../../avr/lib/avr51/libm.a(fp_pscA.o)
                              /usr/lib/gcc/avr/5.4.0/../../../avr/lib/avr51/libm.a(divsf3x.o) (__fp_pscA)
/usr/lib/gcc/avr/5.4.0/../../../avr/lib/avr51/libm.a(fp_pscB.o)
                              /usr/lib/gcc/avr/5.4.0/../../../avr/lib/avr51/libm.a(divsf3x.o) (__fp_pscB)
/usr/lib/gcc/avr/5.4.0/../../../avr/lib/avr51/libm.a(fp_round.o)
                              /usr/lib/gcc/avr/5.4.0/../../../avr/lib/avr51/libm.a(divsf3.o) (__fp_round)
/usr/lib/gcc/avr/5.4.0/../../../avr/lib/avr51/libm.a(fp_split3.o)
                              /usr/lib/gcc/avr/5.4.0/../../../avr/lib/avr51/libm.a(divsf3x.o) (__fp_split3)
/usr/lib/gcc/avr/5.4.0/../../../avr/lib/avr51/libm.a(fp_zero.o)
                              /usr/lib/gcc/avr/5.4.0/../../../avr/lib/avr51/libm.a(fixunssfsi.o) (__fp_zero)
/usr/lib/gcc/avr/5.4.0/../../../avr/lib/avr51/libm.a(gesf2.o)
                              ./src/start.o (__gtsf2)
/usr/lib/gcc/avr/5.4.0/../../../avr/lib/avr51/libm.a(mulsf3.o)
                              ./src/start.o (__mulsf3)
/usr/lib/gcc/avr/5.4.0/../../../avr/lib/avr51/libm.a(mulsf3x.o)
                              /usr/lib/gcc/avr/5.4.0/../../../avr/lib/avr51/libm.a(mulsf3.o) (__mulsf3x)
/usr/lib/gcc/avr/5.4.0/avr51/libgcc.a(_divmodsi4.o)
                              ./src/start.o (__divmodsi4)
/usr/lib/gcc/avr/5.4.0/avr51/libgcc.a(_negsi2.o)
                              /usr/lib/gcc/avr/5.4.0/avr51/libgcc.a(_divmodsi4.o) (__negsi2)
/usr/lib/gcc/avr/5.4.0/avr51/libgcc.a(_exit.o)
                              /usr/lib/gcc/avr/5.4.0/../../../avr/lib/avr51/crtatmega128.o (exit)
/usr/lib/gcc/avr/5.4.0/avr51/libgcc.a(_copy_data.o)
                              ./src/start.o (__do_copy_data)
/usr/lib/gcc/avr/5.4.0/avr51/libgcc.a(_clear_bss.o)
                              ./src/distance.o (__do_clear_bss)
/usr/lib/gcc/avr/5.4.0/avr51/libgcc.a(_udivmodsi4.o)
                              /usr/lib/gcc/avr/5.4.0/avr51/libgcc.a(_divmodsi4.o) (__udivmodsi4)
/usr/lib/gcc/avr/5.4.0/../../../avr/lib/avr51/libc.a(rand.o)
                              ./src/distance.o (rand)
/usr/lib/gcc/avr/5.4.0/avr51/libgcc.a(_muluhisi3.o)
                              /usr/lib/gcc/avr/5.4.0/../../../avr/lib/avr51/libc.a(rand.o) (__muluhisi3)
/usr/lib/gcc/avr/5.4.0/avr51/libgcc.a(_mulshisi3.o)
                              /usr/lib/gcc/avr/5.4.0/../../../avr/lib/avr51/libc.a(rand.o) (__mulohisi3)
/usr/lib/gcc/avr/5.4.0/avr51/libgcc.a(_umulhisi3.o)
                              /usr/lib/gcc/avr/5.4.0/avr51/libgcc.a(_muluhisi3.o) (__umulhisi3)

Allocating common symbols
Common symbol       size              file

copro_ticks_offset_r
                    0x2               /home/defaultuser/Documents/niboLib/lib/libnibo2.a(copro.o)
nds3_distcalib_alpha
                    0x2               ./src/distance.o
copro_ticks_offset_l
                    0x2               /home/defaultuser/Documents/niboLib/lib/libnibo2.a(copro.o)
nds3_servocalib_mid
                    0x2               ./src/distance.o
copro_current_l     0x2               /home/defaultuser/Documents/niboLib/lib/libnibo2.a(copro.o)
nds3_pin            0x1               ./src/distance.o
gfx_dm              0x1               /home/defaultuser/Documents/niboLib/lib/libnibo2.a(gfx.o)
adc_random_seed     0x2               /home/defaultuser/Documents/niboLib/lib/libnibo2.a(adc.o)
spi_tx_buf          0x1b              /home/defaultuser/Documents/niboLib/lib/libnibo2.a(spi.o)
copro_commands      0x15              /home/defaultuser/Documents/niboLib/lib/libnibo2.a(copro.o)
spi_rx_size         0x1               /home/defaultuser/Documents/niboLib/lib/libnibo2.a(spi.o)
copro_ticks_l       0x2               /home/defaultuser/Documents/niboLib/lib/libnibo2.a(copro.o)
copro_rc5_cmd       0x2               /home/defaultuser/Documents/niboLib/lib/libnibo2.a(copro.o)
pwm_channel_A       0x2               /home/defaultuser/Documents/niboLib/lib/libnibo2.a(pwm.o)
copro_distance      0xa               /home/defaultuser/Documents/niboLib/lib/libnibo2.a(copro.o)
spi_err_cnt         0x1               /home/defaultuser/Documents/niboLib/lib/libnibo2.a(spi.o)
nds3_ddr            0x1               ./src/distance.o
copro_pos_x         0x4               /home/defaultuser/Documents/niboLib/lib/libnibo2.a(copro.o)
copro_pos_ori       0x4               /home/defaultuser/Documents/niboLib/lib/libnibo2.a(copro.o)
copro_speed_r       0x2               /home/defaultuser/Documents/niboLib/lib/libnibo2.a(copro.o)
pwm_channel_B       0x2               /home/defaultuser/Documents/niboLib/lib/libnibo2.a(pwm.o)
pwm_timer_ms        0x2               /home/defaultuser/Documents/niboLib/lib/libnibo2.a(pwm.o)
spi_tx_size         0x1               /home/defaultuser/Documents/niboLib/lib/libnibo2.a(spi.o)
gfx_term_row        0x1               /home/defaultuser/Documents/niboLib/lib/libnibo2.a(gfx.o)
gfx_proportional    0x1               /home/defaultuser/Documents/niboLib/lib/libnibo2.a(gfx.o)
copro_ticks_r       0x2               /home/defaultuser/Documents/niboLib/lib/libnibo2.a(copro.o)
copro_pos_y         0x4               /home/defaultuser/Documents/niboLib/lib/libnibo2.a(copro.o)
bot_supply          0x2               /home/defaultuser/Documents/niboLib/lib/libnibo2.a(bot.o)
spi_frame_cnt       0x1               /home/defaultuser/Documents/niboLib/lib/libnibo2.a(spi.o)
copro_ir_mode       0x1               /home/defaultuser/Documents/niboLib/lib/libnibo2.a(copro.o)
spi_size            0x1               /home/defaultuser/Documents/niboLib/lib/libnibo2.a(spi.o)
copro_rc5_count     0x1               /home/defaultuser/Documents/niboLib/lib/libnibo2.a(copro.o)
display_type        0x1               /home/defaultuser/Documents/niboLib/lib/libnibo2.a(display.o)
nds3_port           0x1               ./src/distance.o
gfx_x               0x1               /home/defaultuser/Documents/niboLib/lib/libnibo2.a(gfx.o)
copro_current_r     0x2               /home/defaultuser/Documents/niboLib/lib/libnibo2.a(copro.o)
copro_buffer        0x1b              /home/defaultuser/Documents/niboLib/lib/libnibo2.a(copro.o)
spi_rx_buf          0x1b              /home/defaultuser/Documents/niboLib/lib/libnibo2.a(spi.o)
gfx_tile            0x8               /home/defaultuser/Documents/niboLib/lib/libnibo2.a(gfx.o)
pwm_channel_C       0x2               /home/defaultuser/Documents/niboLib/lib/libnibo2.a(pwm.o)
nds3_servocalib_lo  0x2               ./src/distance.o
spi_tx_chk          0x1               /home/defaultuser/Documents/niboLib/lib/libnibo2.a(spi.o)
pwm_timer_sub       0x2               /home/defaultuser/Documents/niboLib/lib/libnibo2.a(pwm.o)
pwm_timer_sec       0x4               /home/defaultuser/Documents/niboLib/lib/libnibo2.a(pwm.o)
spi_pos             0x1               /home/defaultuser/Documents/niboLib/lib/libnibo2.a(spi.o)
gfx_y               0x1               /home/defaultuser/Documents/niboLib/lib/libnibo2.a(gfx.o)
copro_target_distance
                    0x2               /home/defaultuser/Documents/niboLib/lib/libnibo2.a(copro.o)
nds3_distcalib_v0   0x2               ./src/distance.o
spi_rx_chk          0x1               /home/defaultuser/Documents/niboLib/lib/libnibo2.a(spi.o)
gfx_term_col        0x1               /home/defaultuser/Documents/niboLib/lib/libnibo2.a(gfx.o)
copro_seq           0x1               /home/defaultuser/Documents/niboLib/lib/libnibo2.a(copro.o)
copro_speed_l       0x2               /home/defaultuser/Documents/niboLib/lib/libnibo2.a(copro.o)
nds3_distcalib_d0   0x2               ./src/distance.o
nds3_servocalib_hi  0x2               ./src/distance.o

Memory Configuration

Name             Origin             Length             Attributes
text             0x0000000000000000 0x0000000000020000 xr
data             0x0000000000800100 0x000000000000ff00 rw !x
eeprom           0x0000000000810000 0x0000000000010000 rw !x
fuse             0x0000000000820000 0x0000000000000003 rw !x
lock             0x0000000000830000 0x0000000000000400 rw !x
signature        0x0000000000840000 0x0000000000000400 rw !x
user_signatures  0x0000000000850000 0x0000000000000400 rw !x
*default*        0x0000000000000000 0xffffffffffffffff

Linker script and memory map

Address of section .data set to 0x800100
LOAD /usr/lib/gcc/avr/5.4.0/../../../avr/lib/avr51/crtatmega128.o
LOAD ./src/distance.o
LOAD ./src/drive.o
LOAD ./src/main.o
LOAD ./src/presentation.o
LOAD ./src/start.o
LOAD /home/defaultuser/Documents/niboLib/lib/libnds3.a
LOAD /home/defaultuser/Documents/niboLib/lib/libnibo2.a
LOAD /usr/lib/gcc/avr/5.4.0/../../../avr/lib/avr51/libprintf_flt.a
LOAD /usr/lib/gcc/avr/5.4.0/../../../avr/lib/avr51/libm.a
LOAD /home/defaultuser/Documents/niboLib/lib/libuart-0.a
START GROUP
LOAD /usr/lib/gcc/avr/5.4.0/avr51/libgcc.a
LOAD /usr/lib/gcc/avr/5.4.0/../../../avr/lib/avr51/libm.a
LOAD /usr/lib/gcc/avr/5.4.0/../../../avr/lib/avr51/libc.a
LOAD /usr/lib/gcc/avr/5.4.0/../../../avr/lib/avr51/libatmega128.a
END GROUP
                0x0000000000020000                __TEXT_REGION_LENGTH__ = DEFINED (__TEXT_REGION_LENGTH__)?__TEXT_REGION_LENGTH__:0x20000
                0x000000000000ff00                __DATA_REGION_LENGTH__ = DEFINED (__DATA_REGION_LENGTH__)?__DATA_REGION_LENGTH__:0xff00
                0x0000000000010000                __EEPROM_REGION_LENGTH__ = DEFINED (__EEPROM_REGION_LENGTH__)?__EEPROM_REGION_LENGTH__:0x10000
                [0x0000000000000003]                __FUSE_REGION_LENGTH__ = DEFINED (__FUSE_REGION_LENGTH__)?__FUSE_REGION_LENGTH__:0x400
                0x0000000000000400                __LOCK_REGION_LENGTH__ = DEFINED (__LOCK_REGION_LENGTH__)?__LOCK_REGION_LENGTH__:0x400
                0x0000000000000400                __SIGNATURE_REGION_LENGTH__ = DEFINED (__SIGNATURE_REGION_LENGTH__)?__SIGNATURE_REGION_LENGTH__:0x400
                0x0000000000000400                __USER_SIGNATURE_REGION_LENGTH__ = DEFINED (__USER_SIGNATURE_REGION_LENGTH__)?__USER_SIGNATURE_REGION_LENGTH__:0x400

.hash
 *(.hash)

.dynsym
 *(.dynsym)

.dynstr
 *(.dynstr)

.gnu.version
 *(.gnu.version)

.gnu.version_d
 *(.gnu.version_d)

.gnu.version_r
 *(.gnu.version_r)

.rel.init
 *(.rel.init)

.rela.init
 *(.rela.init)

.rel.text
 *(.rel.text)
 *(.rel.text.*)
 *(.rel.gnu.linkonce.t*)

.rela.text
 *(.rela.text)
 *(.rela.text.*)
 *(.rela.gnu.linkonce.t*)

.rel.fini
 *(.rel.fini)

.rela.fini
 *(.rela.fini)

.rel.rodata
 *(.rel.rodata)
 *(.rel.rodata.*)
 *(.rel.gnu.linkonce.r*)

.rela.rodata
 *(.rela.rodata)
 *(.rela.rodata.*)
 *(.rela.gnu.linkonce.r*)

.rel.data
 *(.rel.data)
 *(.rel.data.*)
 *(.rel.gnu.linkonce.d*)

.rela.data
 *(.rela.data)
 *(.rela.data.*)
 *(.rela.gnu.linkonce.d*)

.rel.ctors
 *(.rel.ctors)

.rela.ctors
 *(.rela.ctors)

.rel.dtors
 *(.rel.dtors)

.rela.dtors
 *(.rela.dtors)

.rel.got
 *(.rel.got)

.rela.got
 *(.rela.got)

.rel.bss
 *(.rel.bss)

.rela.bss
 *(.rela.bss)

.rel.plt
 *(.rel.plt)

.rela.plt
 *(.rela.plt)

.text           0x0000000000000000     0x2750
 *(.vectors)
 .vectors       0x0000000000000000       0x8c /usr/lib/gcc/avr/5.4.0/../../../avr/lib/avr51/crtatmega128.o
                0x0000000000000000                __vectors
                0x0000000000000000                __vector_default
 *(.vectors)
 *(.progmem.gcc*)
                0x000000000000008c                . = ALIGN (0x2)
                0x000000000000008c                __trampolines_start = .
 *(.trampolines)
 .trampolines   0x000000000000008c        0x0 linker stubs
 *(.trampolines*)
                0x000000000000008c                __trampolines_end = .
 *libprintf_flt.a:*(.progmem.data)
 *libc.a:*(.progmem.data)
 *(.progmem*)
 .progmem.data  0x000000000000008c        0x6 /home/defaultuser/Documents/niboLib/lib/libnibo2.a(bot.o)
                0x000000000000008c                bot_lib_version
                0x0000000000000091                bot_lib_revision
                0x0000000000000092                . = ALIGN (0x2)
 *(.jumptables)
 *(.jumptables*)
 *(.lowtext)
 *(.lowtext*)
                0x0000000000000092                __ctors_start = .
 *(.ctors)
                0x0000000000000092                __ctors_end = .
                0x0000000000000092                __dtors_start = .
 *(.dtors)
                0x0000000000000092                __dtors_end = .
 SORT(*)(.ctors)
 SORT(*)(.dtors)
 *(.init0)
 .init0         0x0000000000000092        0x0 /usr/lib/gcc/avr/5.4.0/../../../avr/lib/avr51/crtatmega128.o
                0x0000000000000092                __init
 *(.init0)
 *(.init1)
 *(.init1)
 *(.init2)
 .init2         0x0000000000000092        0xc /usr/lib/gcc/avr/5.4.0/../../../avr/lib/avr51/crtatmega128.o
 *(.init2)
 *(.init3)
 *(.init3)
 *(.init4)
 .init4         0x000000000000009e       0x1a /usr/lib/gcc/avr/5.4.0/avr51/libgcc.a(_copy_data.o)
                0x000000000000009e                __do_copy_data
 .init4         0x00000000000000b8       0x10 /usr/lib/gcc/avr/5.4.0/avr51/libgcc.a(_clear_bss.o)
                0x00000000000000b8                __do_clear_bss
 *(.init4)
 *(.init5)
 *(.init5)
 *(.init6)
 *(.init6)
 *(.init7)
 *(.init7)
 *(.init8)
 *(.init8)
 *(.init9)
 .init9         0x00000000000000c8        0x8 /usr/lib/gcc/avr/5.4.0/../../../avr/lib/avr51/crtatmega128.o
 *(.init9)
 *(.text)
 .text          0x00000000000000d0        0x4 /usr/lib/gcc/avr/5.4.0/../../../avr/lib/avr51/crtatmega128.o
                0x00000000000000d0                __vector_22
                0x00000000000000d0                __vector_28
                0x00000000000000d0                __vector_1
                0x00000000000000d0                __vector_32
                0x00000000000000d0                __vector_34
                0x00000000000000d0                __vector_24
                0x00000000000000d0                __vector_12
                0x00000000000000d0                __bad_interrupt
                0x00000000000000d0                __vector_6
                0x00000000000000d0                __vector_31
                0x00000000000000d0                __vector_3
                0x00000000000000d0                __vector_23
                0x00000000000000d0                __vector_30
                0x00000000000000d0                __vector_25
                0x00000000000000d0                __vector_11
                0x00000000000000d0                __vector_13
                0x00000000000000d0                __vector_19
                0x00000000000000d0                __vector_7
                0x00000000000000d0                __vector_27
                0x00000000000000d0                __vector_5
                0x00000000000000d0                __vector_33
                0x00000000000000d0                __vector_4
                0x00000000000000d0                __vector_9
                0x00000000000000d0                __vector_2
                0x00000000000000d0                __vector_21
                0x00000000000000d0                __vector_15
                0x00000000000000d0                __vector_29
                0x00000000000000d0                __vector_8
                0x00000000000000d0                __vector_26
                0x00000000000000d0                __vector_10
                0x00000000000000d0                __vector_16
                0x00000000000000d0                __vector_18
                0x00000000000000d0                __vector_20
 .text          0x00000000000000d4        0x0 ./src/distance.o
 .text          0x00000000000000d4        0x0 ./src/drive.o
 .text          0x00000000000000d4        0x0 ./src/main.o
 .text          0x00000000000000d4        0x0 ./src/presentation.o
 .text          0x00000000000000d4        0x0 ./src/start.o
 .text          0x00000000000000d4        0x0 /home/defaultuser/Documents/niboLib/lib/libnibo2.a(display.o)
 .text          0x00000000000000d4        0x0 /home/defaultuser/Documents/niboLib/lib/libnibo2.a(pwm.o)
 .text          0x00000000000000d4        0x0 /home/defaultuser/Documents/niboLib/lib/libnibo2.a(delay.o)
 .text          0x00000000000000d4        0x0 /home/defaultuser/Documents/niboLib/lib/libnibo2.a(spi.o)
 .text          0x00000000000000d4        0x0 /home/defaultuser/Documents/niboLib/lib/libnibo2.a(gfx.o)
 .text          0x00000000000000d4        0x0 /home/defaultuser/Documents/niboLib/lib/libnibo2.a(copro.o)
 .text          0x00000000000000d4        0x0 /home/defaultuser/Documents/niboLib/lib/libnibo2.a(bot.o)
 .text          0x00000000000000d4        0x0 /home/defaultuser/Documents/niboLib/lib/libnibo2.a(leds.o)
 .text          0x00000000000000d4        0x0 /home/defaultuser/Documents/niboLib/lib/libnibo2.a(sound.o)
 .text          0x00000000000000d4        0x0 /home/defaultuser/Documents/niboLib/lib/libnibo2.a(adc.o)
 .text          0x00000000000000d4        0x0 /usr/lib/gcc/avr/5.4.0/../../../avr/lib/avr51/libm.a(cmpsf2.o)
 .text          0x00000000000000d4        0x0 /usr/lib/gcc/avr/5.4.0/../../../avr/lib/avr51/libm.a(divsf3.o)
 .text          0x00000000000000d4        0x0 /usr/lib/gcc/avr/5.4.0/../../../avr/lib/avr51/libm.a(divsf3x.o)
 .text          0x00000000000000d4        0x0 /usr/lib/gcc/avr/5.4.0/../../../avr/lib/avr51/libm.a(fixunssfsi.o)
 .text          0x00000000000000d4        0x0 /usr/lib/gcc/avr/5.4.0/../../../avr/lib/avr51/libm.a(fp_cmp.o)
 .text          0x00000000000000d4        0x0 /usr/lib/gcc/avr/5.4.0/../../../avr/lib/avr51/libm.a(fp_inf.o)
 .text          0x00000000000000d4        0x0 /usr/lib/gcc/avr/5.4.0/../../../avr/lib/avr51/libm.a(fp_nan.o)
 .text          0x00000000000000d4        0x0 /usr/lib/gcc/avr/5.4.0/../../../avr/lib/avr51/libm.a(fp_pscA.o)
 .text          0x00000000000000d4        0x0 /usr/lib/gcc/avr/5.4.0/../../../avr/lib/avr51/libm.a(fp_pscB.o)
 .text          0x00000000000000d4        0x0 /usr/lib/gcc/avr/5.4.0/../../../avr/lib/avr51/libm.a(fp_round.o)
 .text          0x00000000000000d4        0x0 /usr/lib/gcc/avr/5.4.0/../../../avr/lib/avr51/libm.a(fp_split3.o)
 .text          0x00000000000000d4        0x0 /usr/lib/gcc/avr/5.4.0/../../../avr/lib/avr51/libm.a(fp_zero.o)
 .text          0x00000000000000d4        0x0 /usr/lib/gcc/avr/5.4.0/../../../avr/lib/avr51/libm.a(gesf2.o)
 .text          0x00000000000000d4        0x0 /usr/lib/gcc/avr/5.4.0/../../../avr/lib/avr51/libm.a(mulsf3.o)
 .text          0x00000000000000d4        0x0 /usr/lib/gcc/avr/5.4.0/../../../avr/lib/avr51/libm.a(mulsf3x.o)
 .text          0x00000000000000d4        0x0 /usr/lib/gcc/avr/5.4.0/avr51/libgcc.a(_divmodsi4.o)
 .text          0x00000000000000d4        0x0 /usr/lib/gcc/avr/5.4.0/avr51/libgcc.a(_negsi2.o)
 .text          0x00000000000000d4        0x0 /usr/lib/gcc/avr/5.4.0/avr51/libgcc.a(_exit.o)
 .text          0x00000000000000d4        0x0 /usr/lib/gcc/avr/5.4.0/avr51/libgcc.a(_copy_data.o)
 .text          0x00000000000000d4        0x0 /usr/lib/gcc/avr/5.4.0/avr51/libgcc.a(_clear_bss.o)
 .text          0x00000000000000d4        0x0 /usr/lib/gcc/avr/5.4.0/avr51/libgcc.a(_udivmodsi4.o)
 .text          0x00000000000000d4        0x0 /usr/lib/gcc/avr/5.4.0/../../../avr/lib/avr51/libc.a(rand.o)
 .text          0x00000000000000d4        0x0 /usr/lib/gcc/avr/5.4.0/avr51/libgcc.a(_muluhisi3.o)
 .text          0x00000000000000d4        0x0 /usr/lib/gcc/avr/5.4.0/avr51/libgcc.a(_mulshisi3.o)
 .text          0x00000000000000d4        0x0 /usr/lib/gcc/avr/5.4.0/avr51/libgcc.a(_umulhisi3.o)
                0x00000000000000d4                . = ALIGN (0x2)
 *(.text.*)
 .text.findDirection
                0x00000000000000d4      0x48a ./src/distance.o
                0x00000000000000d4                findDirection
 .text.drive    0x000000000000055e       0x28 ./src/drive.o
                0x000000000000055e                drive
 .text.turnHalfLeft
                0x0000000000000586       0x1c ./src/drive.o
                0x0000000000000586                turnHalfLeft
 .text.turnLeft
                0x00000000000005a2       0x1c ./src/drive.o
                0x00000000000005a2                turnLeft
 .text.turnHalfRight
                0x00000000000005be       0x1c ./src/drive.o
                0x00000000000005be                turnHalfRight
 .text.turnRight
                0x00000000000005da       0x1c ./src/drive.o
                0x00000000000005da                turnRight
 .text.goBack   0x00000000000005f6       0x28 ./src/drive.o
                0x00000000000005f6                goBack
 .text.main     0x000000000000061e       0x46 ./src/main.o
                0x000000000000061e                main
 .text.LEDShow  0x0000000000000664       0x70 ./src/presentation.o
                0x0000000000000664                LEDShow
 .text.showNibo
                0x00000000000006d4       0x48 ./src/presentation.o
                0x00000000000006d4                showNibo
 .text.HindranceShow
                0x000000000000071c       0x88 ./src/presentation.o
                0x000000000000071c                HindranceShow
 .text.tone     0x00000000000007a4      0x568 ./src/start.o
                0x00000000000007a4                tone
 .text.start    0x0000000000000d0c       0xc4 ./src/start.o
                0x0000000000000d0c                start
 .text.display_write
                0x0000000000000dd0       0x84 /home/defaultuser/Documents/niboLib/lib/libnibo2.a(display.o)
                0x0000000000000dd0                display_write
 .text.display_read
                0x0000000000000e54       0x7e /home/defaultuser/Documents/niboLib/lib/libnibo2.a(display.o)
                0x0000000000000e54                display_read
 .text.display_wait
                0x0000000000000ed2       0x3c /home/defaultuser/Documents/niboLib/lib/libnibo2.a(display.o)
                0x0000000000000ed2                display_wait
 .text.display_init
                0x0000000000000f0e       0xc4 /home/defaultuser/Documents/niboLib/lib/libnibo2.a(display.o)
                0x0000000000000f0e                display_init
 .text.pwm_init
                0x0000000000000fd2       0x64 /home/defaultuser/Documents/niboLib/lib/libnibo2.a(pwm.o)
                0x0000000000000fd2                pwm_init
 .text.__vector_14
                0x0000000000001036      0x10c /home/defaultuser/Documents/niboLib/lib/libnibo2.a(pwm.o)
                0x0000000000001036                __vector_14
 .text.delay    0x0000000000001142       0x16 /home/defaultuser/Documents/niboLib/lib/libnibo2.a(delay.o)
                0x0000000000001142                delay
 .text.spi_tx   0x0000000000001158        0xe /home/defaultuser/Documents/niboLib/lib/libnibo2.a(spi.o)
 .text.spi_restart_transmission
                0x0000000000001166       0x36 /home/defaultuser/Documents/niboLib/lib/libnibo2.a(spi.o)
                0x0000000000001166                spi_restart_transmission
 .text.spi_init
                0x000000000000119c        0xe /home/defaultuser/Documents/niboLib/lib/libnibo2.a(spi.o)
                0x000000000000119c                spi_init
 .text.__vector_17
                0x00000000000011aa      0x11a /home/defaultuser/Documents/niboLib/lib/libnibo2.a(spi.o)
                0x00000000000011aa                __vector_17
 .text.gfx_store_disp_tile
                0x00000000000012c4       0x94 /home/defaultuser/Documents/niboLib/lib/libnibo2.a(gfx.o)
 .text.gfx_get_x
                0x0000000000001358        0x6 /home/defaultuser/Documents/niboLib/lib/libnibo2.a(gfx.o)
                0x0000000000001358                gfx_get_x
 .text.gfx_get_y
                0x000000000000135e        0x6 /home/defaultuser/Documents/niboLib/lib/libnibo2.a(gfx.o)
                0x000000000000135e                gfx_get_y
 .text.gfx_draw_mode
                0x0000000000001364        0x6 /home/defaultuser/Documents/niboLib/lib/libnibo2.a(gfx.o)
                0x0000000000001364                gfx_draw_mode
 .text.gfx_move
                0x000000000000136a       0x64 /home/defaultuser/Documents/niboLib/lib/libnibo2.a(gfx.o)
                0x000000000000136a                gfx_move
 .text.gfx_fill
                0x00000000000013ce       0x70 /home/defaultuser/Documents/niboLib/lib/libnibo2.a(gfx.o)
                0x00000000000013ce                gfx_fill
 .text.gfx_display_write2
                0x000000000000143e       0x8c /home/defaultuser/Documents/niboLib/lib/libnibo2.a(gfx.o)
                0x000000000000143e                gfx_display_write2
 .text.gfx_char_width
                0x00000000000014ca       0x34 /home/defaultuser/Documents/niboLib/lib/libnibo2.a(gfx.o)
                0x00000000000014ca                gfx_char_width
 .text.gfx_print_char_base
                0x00000000000014fe       0xf2 /home/defaultuser/Documents/niboLib/lib/libnibo2.a(gfx.o)
                0x00000000000014fe                gfx_print_char_base
 .text.gfx_print_char
                0x00000000000015f0       0x4e /home/defaultuser/Documents/niboLib/lib/libnibo2.a(gfx.o)
                0x00000000000015f0                gfx_print_char
 .text.gfx_print_text
                0x000000000000163e       0x18 /home/defaultuser/Documents/niboLib/lib/libnibo2.a(gfx.o)
                0x000000000000163e                gfx_print_text
 .text.gfx_text_width
                0x0000000000001656       0x2a /home/defaultuser/Documents/niboLib/lib/libnibo2.a(gfx.o)
                0x0000000000001656                gfx_text_width
 .text.gfx_print_text_P
                0x0000000000001680       0x22 /home/defaultuser/Documents/niboLib/lib/libnibo2.a(gfx.o)
                0x0000000000001680                gfx_print_text_P
 .text.gfx_text_width_P
                0x00000000000016a2       0x32 /home/defaultuser/Documents/niboLib/lib/libnibo2.a(gfx.o)
                0x00000000000016a2                gfx_text_width_P
 .text.gfx_init
                0x00000000000016d4       0x7e /home/defaultuser/Documents/niboLib/lib/libnibo2.a(gfx.o)
                0x00000000000016d4                gfx_init
 .text.gfx_set_proportional
                0x0000000000001752        0x6 /home/defaultuser/Documents/niboLib/lib/libnibo2.a(gfx.o)
                0x0000000000001752                gfx_set_proportional
 .text.gfx_get_proportional
                0x0000000000001758        0x6 /home/defaultuser/Documents/niboLib/lib/libnibo2.a(gfx.o)
                0x0000000000001758                gfx_get_proportional
 .text.gfx_hline
                0x000000000000175e       0x2c /home/defaultuser/Documents/niboLib/lib/libnibo2.a(gfx.o)
                0x000000000000175e                gfx_hline
 .text.gfx_box  0x000000000000178a       0x9a /home/defaultuser/Documents/niboLib/lib/libnibo2.a(gfx.o)
                0x000000000000178a                gfx_box
 .text.gfx_vline
                0x0000000000001824        0x8 /home/defaultuser/Documents/niboLib/lib/libnibo2.a(gfx.o)
                0x0000000000001824                gfx_vline
 .text.gfx_draw_xbm
                0x000000000000182c      0x14a /home/defaultuser/Documents/niboLib/lib/libnibo2.a(gfx.o)
                0x000000000000182c                gfx_draw_xbm
 .text.gfx_draw_xbm_P
                0x0000000000001976      0x146 /home/defaultuser/Documents/niboLib/lib/libnibo2.a(gfx.o)
                0x0000000000001976                gfx_draw_xbm_P
 .text.gfx_pixel
                0x0000000000001abc       0x22 /home/defaultuser/Documents/niboLib/lib/libnibo2.a(gfx.o)
                0x0000000000001abc                gfx_pixel
 .text.gfx_lineTo
                0x0000000000001ade      0x10e /home/defaultuser/Documents/niboLib/lib/libnibo2.a(gfx.o)
                0x0000000000001ade                gfx_lineTo
 .text.gfx_term_clear
                0x0000000000001bec       0x10 /home/defaultuser/Documents/niboLib/lib/libnibo2.a(gfx.o)
                0x0000000000001bec                gfx_term_clear
 .text.gfx_term_goto
                0x0000000000001bfc       0x12 /home/defaultuser/Documents/niboLib/lib/libnibo2.a(gfx.o)
                0x0000000000001bfc                gfx_term_goto
 .text.gfx_term_scroll
                0x0000000000001c0e      0x100 /home/defaultuser/Documents/niboLib/lib/libnibo2.a(gfx.o)
                0x0000000000001c0e                gfx_term_scroll
 .text.gfx_term_print
                0x0000000000001d0e       0x8c /home/defaultuser/Documents/niboLib/lib/libnibo2.a(gfx.o)
                0x0000000000001d0e                gfx_term_print
 .text.wait_copro
                0x0000000000001d9a       0x28 /home/defaultuser/Documents/niboLib/lib/libnibo2.a(copro.o)
 .text.spi_finished_callback
                0x0000000000001dc2       0xa8 /home/defaultuser/Documents/niboLib/lib/libnibo2.a(copro.o)
                0x0000000000001dc2                spi_finished_callback
 .text._copro_check_busy
                0x0000000000001e6a       0x1a /home/defaultuser/Documents/niboLib/lib/libnibo2.a(copro.o)
                0x0000000000001e6a                _copro_check_busy
 .text.copro_update
                0x0000000000001e84      0x154 /home/defaultuser/Documents/niboLib/lib/libnibo2.a(copro.o)
                0x0000000000001e84                copro_update
 .text.copro_stop
                0x0000000000001fd8        0xc /home/defaultuser/Documents/niboLib/lib/libnibo2.a(copro.o)
                0x0000000000001fd8                copro_stop
 .text.copro_stopImmediate
                0x0000000000001fe4        0xe /home/defaultuser/Documents/niboLib/lib/libnibo2.a(copro.o)
                0x0000000000001fe4                copro_stopImmediate
 .text.copro_setPWM
                0x0000000000001ff2       0x18 /home/defaultuser/Documents/niboLib/lib/libnibo2.a(copro.o)
                0x0000000000001ff2                copro_setPWM
 .text.copro_setSpeed
                0x000000000000200a       0x18 /home/defaultuser/Documents/niboLib/lib/libnibo2.a(copro.o)
                0x000000000000200a                copro_setSpeed
 .text.copro_setTargetAbs
                0x0000000000002022       0x34 /home/defaultuser/Documents/niboLib/lib/libnibo2.a(copro.o)
                0x0000000000002022                copro_setTargetAbs
 .text.copro_setTargetRel
                0x0000000000002056       0x1c /home/defaultuser/Documents/niboLib/lib/libnibo2.a(copro.o)
                0x0000000000002056                copro_setTargetRel
 .text.copro_setSpeedParameters
                0x0000000000002072       0x2e /home/defaultuser/Documents/niboLib/lib/libnibo2.a(copro.o)
                0x0000000000002072                copro_setSpeedParameters
 .text.copro_setPositionParameters
                0x00000000000020a0        0x4 /home/defaultuser/Documents/niboLib/lib/libnibo2.a(copro.o)
                0x00000000000020a0                copro_setPositionParameters
 .text.copro_resetOdometry
                0x00000000000020a4       0x54 /home/defaultuser/Documents/niboLib/lib/libnibo2.a(copro.o)
                0x00000000000020a4                copro_resetOdometry
 .text.copro_ir_stop
                0x00000000000020f8       0x14 /home/defaultuser/Documents/niboLib/lib/libnibo2.a(copro.o)
                0x00000000000020f8                copro_ir_stop
 .text.copro_ir_startMeasure
                0x000000000000210c       0x14 /home/defaultuser/Documents/niboLib/lib/libnibo2.a(copro.o)
                0x000000000000210c                copro_ir_startMeasure
 .text.copro_transmitRC5
                0x0000000000002120       0x26 /home/defaultuser/Documents/niboLib/lib/libnibo2.a(copro.o)
                0x0000000000002120                copro_transmitRC5
 .text.bot_init
                0x0000000000002146       0x16 /home/defaultuser/Documents/niboLib/lib/libnibo2.a(bot.o)
                0x0000000000002146                bot_init
 .text.bot_update
                0x000000000000215c       0x10 /home/defaultuser/Documents/niboLib/lib/libnibo2.a(bot.o)
                0x000000000000215c                bot_update
 .text.leds_init
                0x000000000000216c       0x10 /home/defaultuser/Documents/niboLib/lib/libnibo2.a(leds.o)
                0x000000000000216c                leds_init
 .text.leds_set_status
                0x000000000000217c       0x48 /home/defaultuser/Documents/niboLib/lib/libnibo2.a(leds.o)
                0x000000000000217c                leds_set_status
 .text.leds_set_status_intensity
                0x00000000000021c4        0xa /home/defaultuser/Documents/niboLib/lib/libnibo2.a(leds.o)
                0x00000000000021c4                leds_set_status_intensity
 .text.leds_get_status_intensity
                0x00000000000021ce        0xa /home/defaultuser/Documents/niboLib/lib/libnibo2.a(leds.o)
                0x00000000000021ce                leds_get_status_intensity
 .text.leds_set_headlights
                0x00000000000021d8        0xa /home/defaultuser/Documents/niboLib/lib/libnibo2.a(leds.o)
                0x00000000000021d8                leds_set_headlights
 .text.leds_get_headlights
                0x00000000000021e2        0xa /home/defaultuser/Documents/niboLib/lib/libnibo2.a(leds.o)
                0x00000000000021e2                leds_get_headlights
 .text.leds_set_displaylight
                0x00000000000021ec        0xa /home/defaultuser/Documents/niboLib/lib/libnibo2.a(leds.o)
                0x00000000000021ec                leds_set_displaylight
 .text.leds_get_displaylight
                0x00000000000021f6        0xa /home/defaultuser/Documents/niboLib/lib/libnibo2.a(leds.o)
                0x00000000000021f6                leds_get_displaylight
 .text.sound_init
                0x0000000000002200        0x4 /home/defaultuser/Documents/niboLib/lib/libnibo2.a(sound.o)
                0x0000000000002200                sound_init
 .text.sound_tone
                0x0000000000002204       0x4a /home/defaultuser/Documents/niboLib/lib/libnibo2.a(sound.o)
                0x0000000000002204                sound_tone
 .text.adc_init
                0x000000000000224e       0x24 /home/defaultuser/Documents/niboLib/lib/libnibo2.a(adc.o)
                0x000000000000224e                adc_init
 .text.adc_read
                0x0000000000002272       0x3c /home/defaultuser/Documents/niboLib/lib/libnibo2.a(adc.o)
                0x0000000000002272                adc_read
 .text.adc_get_random_seed
                0x00000000000022ae        0xa /home/defaultuser/Documents/niboLib/lib/libnibo2.a(adc.o)
                0x00000000000022ae                adc_get_random_seed
 .text.avr-libc.fplib
                0x00000000000022b8        0xa /usr/lib/gcc/avr/5.4.0/../../../avr/lib/avr51/libm.a(cmpsf2.o)
                0x00000000000022b8                __lesf2
                0x00000000000022b8                __nesf2
                0x00000000000022b8                __eqsf2
                0x00000000000022b8                __cmpsf2
                0x00000000000022b8                __ltsf2
 .text.avr-libc.fplib
                0x00000000000022c2        0x8 /usr/lib/gcc/avr/5.4.0/../../../avr/lib/avr51/libm.a(divsf3.o)
                0x00000000000022c2                __divsf3
 .text.avr-libc.fplib
                0x00000000000022ca       0xdc /usr/lib/gcc/avr/5.4.0/../../../avr/lib/avr51/libm.a(divsf3x.o)
                0x00000000000022ea                __divsf3x
                0x00000000000022f0                __divsf3_pse
 .text.avr-libc.fplib
                0x00000000000023a6       0x5e /usr/lib/gcc/avr/5.4.0/../../../avr/lib/avr51/libm.a(fixunssfsi.o)
                0x00000000000023a6                __fixunssfsi
 .text.avr-libc.fplib
                0x0000000000002404       0x48 /usr/lib/gcc/avr/5.4.0/../../../avr/lib/avr51/libm.a(fp_cmp.o)
                0x0000000000002404                __fp_cmp
 .text.avr-libc.fplib
                0x000000000000244c        0xc /usr/lib/gcc/avr/5.4.0/../../../avr/lib/avr51/libm.a(fp_inf.o)
                0x000000000000244c                __fp_inf
 .text.avr-libc.fplib
                0x0000000000002458        0x6 /usr/lib/gcc/avr/5.4.0/../../../avr/lib/avr51/libm.a(fp_nan.o)
                0x0000000000002458                __fp_nan
 .text.avr-libc.fplib
                0x000000000000245e        0xe /usr/lib/gcc/avr/5.4.0/../../../avr/lib/avr51/libm.a(fp_pscA.o)
                0x000000000000245e                __fp_pscA
 .text.avr-libc.fplib
                0x000000000000246c        0xe /usr/lib/gcc/avr/5.4.0/../../../avr/lib/avr51/libm.a(fp_pscB.o)
                0x000000000000246c                __fp_pscB
 .text.avr-libc.fplib
                0x000000000000247a       0x22 /usr/lib/gcc/avr/5.4.0/../../../avr/lib/avr51/libm.a(fp_round.o)
                0x000000000000247a                __fp_round
 .text.avr-libc.fplib
                0x000000000000249c       0x44 /usr/lib/gcc/avr/5.4.0/../../../avr/lib/avr51/libm.a(fp_split3.o)
                0x000000000000249c                __fp_split3
                0x00000000000024ac                __fp_splitA
 .text.avr-libc.fplib
                0x00000000000024e0        0xe /usr/lib/gcc/avr/5.4.0/../../../avr/lib/avr51/libm.a(fp_zero.o)
                0x00000000000024e0                __fp_zero
                0x00000000000024e2                __fp_szero
 .text.avr-libc.fplib
                0x00000000000024ee        0xa /usr/lib/gcc/avr/5.4.0/../../../avr/lib/avr51/libm.a(gesf2.o)
                0x00000000000024ee                __gtsf2
                0x00000000000024ee                __gesf2
 .text.avr-libc.fplib
                0x00000000000024f8        0x8 /usr/lib/gcc/avr/5.4.0/../../../avr/lib/avr51/libm.a(mulsf3.o)
                0x00000000000024f8                __mulsf3
 .text.avr-libc.fplib
                0x0000000000002500       0xd2 /usr/lib/gcc/avr/5.4.0/../../../avr/lib/avr51/libm.a(mulsf3x.o)
                0x000000000000251e                __mulsf3x
                0x0000000000002524                __mulsf3_pse
 .text.libgcc.mul
                0x00000000000025d2        0x0 /usr/lib/gcc/avr/5.4.0/avr51/libgcc.a(_divmodsi4.o)
 .text.libgcc.div
                0x00000000000025d2       0x2e /usr/lib/gcc/avr/5.4.0/avr51/libgcc.a(_divmodsi4.o)
                0x00000000000025d2                __divmodsi4
 .text.libgcc   0x0000000000002600        0x0 /usr/lib/gcc/avr/5.4.0/avr51/libgcc.a(_divmodsi4.o)
 .text.libgcc.prologue
                0x0000000000002600        0x0 /usr/lib/gcc/avr/5.4.0/avr51/libgcc.a(_divmodsi4.o)
 .text.libgcc.builtins
                0x0000000000002600        0x0 /usr/lib/gcc/avr/5.4.0/avr51/libgcc.a(_divmodsi4.o)
 .text.libgcc.fmul
                0x0000000000002600        0x0 /usr/lib/gcc/avr/5.4.0/avr51/libgcc.a(_divmodsi4.o)
 .text.libgcc.fixed
                0x0000000000002600        0x0 /usr/lib/gcc/avr/5.4.0/avr51/libgcc.a(_divmodsi4.o)
 .text.libgcc.mul
                0x0000000000002600        0x0 /usr/lib/gcc/avr/5.4.0/avr51/libgcc.a(_negsi2.o)
 .text.libgcc.div
                0x0000000000002600       0x10 /usr/lib/gcc/avr/5.4.0/avr51/libgcc.a(_negsi2.o)
                0x0000000000002600                __negsi2
 .text.libgcc   0x0000000000002610        0x0 /usr/lib/gcc/avr/5.4.0/avr51/libgcc.a(_negsi2.o)
 .text.libgcc.prologue
                0x0000000000002610        0x0 /usr/lib/gcc/avr/5.4.0/avr51/libgcc.a(_negsi2.o)
 .text.libgcc.builtins
                0x0000000000002610        0x0 /usr/lib/gcc/avr/5.4.0/avr51/libgcc.a(_negsi2.o)
 .text.libgcc.fmul
                0x0000000000002610        0x0 /usr/lib/gcc/avr/5.4.0/avr51/libgcc.a(_negsi2.o)
 .text.libgcc.fixed
                0x0000000000002610        0x0 /usr/lib/gcc/avr/5.4.0/avr51/libgcc.a(_negsi2.o)
 .text.libgcc.mul
                0x0000000000002610        0x0 /usr/lib/gcc/avr/5.4.0/avr51/libgcc.a(_exit.o)
 .text.libgcc.div
                0x0000000000002610        0x0 /usr/lib/gcc/avr/5.4.0/avr51/libgcc.a(_exit.o)
 .text.libgcc   0x0000000000002610        0x0 /usr/lib/gcc/avr/5.4.0/avr51/libgcc.a(_exit.o)
 .text.libgcc.prologue
                0x0000000000002610        0x0 /usr/lib/gcc/avr/5.4.0/avr51/libgcc.a(_exit.o)
 .text.libgcc.builtins
                0x0000000000002610        0x0 /usr/lib/gcc/avr/5.4.0/avr51/libgcc.a(_exit.o)
 .text.libgcc.fmul
                0x0000000000002610        0x0 /usr/lib/gcc/avr/5.4.0/avr51/libgcc.a(_exit.o)
 .text.libgcc.fixed
                0x0000000000002610        0x0 /usr/lib/gcc/avr/5.4.0/avr51/libgcc.a(_exit.o)
 .text.libgcc.mul
                0x0000000000002610        0x0 /usr/lib/gcc/avr/5.4.0/avr51/libgcc.a(_copy_data.o)
 .text.libgcc.div
                0x0000000000002610        0x0 /usr/lib/gcc/avr/5.4.0/avr51/libgcc.a(_copy_data.o)
 .text.libgcc   0x0000000000002610        0x0 /usr/lib/gcc/avr/5.4.0/avr51/libgcc.a(_copy_data.o)
 .text.libgcc.prologue
                0x0000000000002610        0x0 /usr/lib/gcc/avr/5.4.0/avr51/libgcc.a(_copy_data.o)
 .text.libgcc.builtins
                0x0000000000002610        0x0 /usr/lib/gcc/avr/5.4.0/avr51/libgcc.a(_copy_data.o)
 .text.libgcc.fmul
                0x0000000000002610        0x0 /usr/lib/gcc/avr/5.4.0/avr51/libgcc.a(_copy_data.o)
 .text.libgcc.fixed
                0x0000000000002610        0x0 /usr/lib/gcc/avr/5.4.0/avr51/libgcc.a(_copy_data.o)
 .text.libgcc.mul
                0x0000000000002610        0x0 /usr/lib/gcc/avr/5.4.0/avr51/libgcc.a(_clear_bss.o)
 .text.libgcc.div
                0x0000000000002610        0x0 /usr/lib/gcc/avr/5.4.0/avr51/libgcc.a(_clear_bss.o)
 .text.libgcc   0x0000000000002610        0x0 /usr/lib/gcc/avr/5.4.0/avr51/libgcc.a(_clear_bss.o)
 .text.libgcc.prologue
                0x0000000000002610        0x0 /usr/lib/gcc/avr/5.4.0/avr51/libgcc.a(_clear_bss.o)
 .text.libgcc.builtins
                0x0000000000002610        0x0 /usr/lib/gcc/avr/5.4.0/avr51/libgcc.a(_clear_bss.o)
 .text.libgcc.fmul
                0x0000000000002610        0x0 /usr/lib/gcc/avr/5.4.0/avr51/libgcc.a(_clear_bss.o)
 .text.libgcc.fixed
                0x0000000000002610        0x0 /usr/lib/gcc/avr/5.4.0/avr51/libgcc.a(_clear_bss.o)
 .text.libgcc.mul
                0x0000000000002610        0x0 /usr/lib/gcc/avr/5.4.0/avr51/libgcc.a(_udivmodsi4.o)
 .text.libgcc.div
                0x0000000000002610       0x44 /usr/lib/gcc/avr/5.4.0/avr51/libgcc.a(_udivmodsi4.o)
                0x0000000000002610                __udivmodsi4
 .text.libgcc   0x0000000000002654        0x0 /usr/lib/gcc/avr/5.4.0/avr51/libgcc.a(_udivmodsi4.o)
 .text.libgcc.prologue
                0x0000000000002654        0x0 /usr/lib/gcc/avr/5.4.0/avr51/libgcc.a(_udivmodsi4.o)
 .text.libgcc.builtins
                0x0000000000002654        0x0 /usr/lib/gcc/avr/5.4.0/avr51/libgcc.a(_udivmodsi4.o)
 .text.libgcc.fmul
                0x0000000000002654        0x0 /usr/lib/gcc/avr/5.4.0/avr51/libgcc.a(_udivmodsi4.o)
 .text.libgcc.fixed
                0x0000000000002654        0x0 /usr/lib/gcc/avr/5.4.0/avr51/libgcc.a(_udivmodsi4.o)
 .text.avr-libc
                0x0000000000002654       0xb4 /usr/lib/gcc/avr/5.4.0/../../../avr/lib/avr51/libc.a(rand.o)
                0x00000000000026e6                rand_r
                0x00000000000026ea                rand
                0x00000000000026f2                srand
 .text.libgcc.mul
                0x0000000000002708       0x16 /usr/lib/gcc/avr/5.4.0/avr51/libgcc.a(_muluhisi3.o)
                0x0000000000002708                __muluhisi3
 .text.libgcc.div
                0x000000000000271e        0x0 /usr/lib/gcc/avr/5.4.0/avr51/libgcc.a(_muluhisi3.o)
 .text.libgcc   0x000000000000271e        0x0 /usr/lib/gcc/avr/5.4.0/avr51/libgcc.a(_muluhisi3.o)
 .text.libgcc.prologue
                0x000000000000271e        0x0 /usr/lib/gcc/avr/5.4.0/avr51/libgcc.a(_muluhisi3.o)
 .text.libgcc.builtins
                0x000000000000271e        0x0 /usr/lib/gcc/avr/5.4.0/avr51/libgcc.a(_muluhisi3.o)
 .text.libgcc.fmul
                0x000000000000271e        0x0 /usr/lib/gcc/avr/5.4.0/avr51/libgcc.a(_muluhisi3.o)
 .text.libgcc.fixed
                0x000000000000271e        0x0 /usr/lib/gcc/avr/5.4.0/avr51/libgcc.a(_muluhisi3.o)
 .text.libgcc.mul
                0x000000000000271e       0x10 /usr/lib/gcc/avr/5.4.0/avr51/libgcc.a(_mulshisi3.o)
                0x000000000000271e                __mulshisi3
                0x0000000000002724                __mulohisi3
 .text.libgcc.div
                0x000000000000272e        0x0 /usr/lib/gcc/avr/5.4.0/avr51/libgcc.a(_mulshisi3.o)
 .text.libgcc   0x000000000000272e        0x0 /usr/lib/gcc/avr/5.4.0/avr51/libgcc.a(_mulshisi3.o)
 .text.libgcc.prologue
                0x000000000000272e        0x0 /usr/lib/gcc/avr/5.4.0/avr51/libgcc.a(_mulshisi3.o)
 .text.libgcc.builtins
                0x000000000000272e        0x0 /usr/lib/gcc/avr/5.4.0/avr51/libgcc.a(_mulshisi3.o)
 .text.libgcc.fmul
                0x000000000000272e        0x0 /usr/lib/gcc/avr/5.4.0/avr51/libgcc.a(_mulshisi3.o)
 .text.libgcc.fixed
                0x000000000000272e        0x0 /usr/lib/gcc/avr/5.4.0/avr51/libgcc.a(_mulshisi3.o)
 .text.libgcc.mul
                0x000000000000272e       0x1e /usr/lib/gcc/avr/5.4.0/avr51/libgcc.a(_umulhisi3.o)
                0x000000000000272e                __umulhisi3
 .text.libgcc.div
                0x000000000000274c        0x0 /usr/lib/gcc/avr/5.4.0/avr51/libgcc.a(_umulhisi3.o)
 .text.libgcc   0x000000000000274c        0x0 /usr/lib/gcc/avr/5.4.0/avr51/libgcc.a(_umulhisi3.o)
 .text.libgcc.prologue
                0x000000000000274c        0x0 /usr/lib/gcc/avr/5.4.0/avr51/libgcc.a(_umulhisi3.o)
 .text.libgcc.builtins
                0x000000000000274c        0x0 /usr/lib/gcc/avr/5.4.0/avr51/libgcc.a(_umulhisi3.o)
 .text.libgcc.fmul
                0x000000000000274c        0x0 /usr/lib/gcc/avr/5.4.0/avr51/libgcc.a(_umulhisi3.o)
 .text.libgcc.fixed
                0x000000000000274c        0x0 /usr/lib/gcc/avr/5.4.0/avr51/libgcc.a(_umulhisi3.o)
                0x000000000000274c                . = ALIGN (0x2)
 *(.fini9)
 .fini9         0x000000000000274c        0x0 /usr/lib/gcc/avr/5.4.0/avr51/libgcc.a(_exit.o)
                0x000000000000274c                exit
                0x000000000000274c                _exit
 *(.fini9)
 *(.fini8)
 *(.fini8)
 *(.fini7)
 *(.fini7)
 *(.fini6)
 *(.fini6)
 *(.fini5)
 *(.fini5)
 *(.fini4)
 *(.fini4)
 *(.fini3)
 *(.fini3)
 *(.fini2)
 *(.fini2)
 *(.fini1)
 *(.fini1)
 *(.fini0)
 .fini0         0x000000000000274c        0x4 /usr/lib/gcc/avr/5.4.0/avr51/libgcc.a(_exit.o)
 *(.fini0)
                0x0000000000002750                _etext = .

.data           0x0000000000800100      0x2a4 load address 0x0000000000002750
                0x0000000000800100                PROVIDE (__data_start, .)
 *(.data)
 .data          0x0000000000800100        0x0 /usr/lib/gcc/avr/5.4.0/../../../avr/lib/avr51/crtatmega128.o
 .data          0x0000000000800100        0x0 ./src/distance.o
 .data          0x0000000000800100        0x0 ./src/drive.o
 .data          0x0000000000800100        0x0 ./src/main.o
 .data          0x0000000000800100        0x0 ./src/presentation.o
 .data          0x0000000000800100        0x0 ./src/start.o
 .data          0x0000000000800100        0x0 /home/defaultuser/Documents/niboLib/lib/libnibo2.a(display.o)
 .data          0x0000000000800100        0x0 /home/defaultuser/Documents/niboLib/lib/libnibo2.a(pwm.o)
 .data          0x0000000000800100        0x0 /home/defaultuser/Documents/niboLib/lib/libnibo2.a(delay.o)
 .data          0x0000000000800100        0x0 /home/defaultuser/Documents/niboLib/lib/libnibo2.a(spi.o)
 .data          0x0000000000800100        0x0 /home/defaultuser/Documents/niboLib/lib/libnibo2.a(gfx.o)
 .data          0x0000000000800100        0x0 /home/defaultuser/Documents/niboLib/lib/libnibo2.a(copro.o)
 .data          0x0000000000800100        0x0 /home/defaultuser/Documents/niboLib/lib/libnibo2.a(bot.o)
 .data          0x0000000000800100        0x0 /home/defaultuser/Documents/niboLib/lib/libnibo2.a(leds.o)
 .data          0x0000000000800100        0x0 /home/defaultuser/Documents/niboLib/lib/libnibo2.a(sound.o)
 .data          0x0000000000800100        0x0 /home/defaultuser/Documents/niboLib/lib/libnibo2.a(adc.o)
 .data          0x0000000000800100        0x0 /usr/lib/gcc/avr/5.4.0/../../../avr/lib/avr51/libm.a(cmpsf2.o)
 .data          0x0000000000800100        0x0 /usr/lib/gcc/avr/5.4.0/../../../avr/lib/avr51/libm.a(divsf3.o)
 .data          0x0000000000800100        0x0 /usr/lib/gcc/avr/5.4.0/../../../avr/lib/avr51/libm.a(divsf3x.o)
 .data          0x0000000000800100        0x0 /usr/lib/gcc/avr/5.4.0/../../../avr/lib/avr51/libm.a(fixunssfsi.o)
 .data          0x0000000000800100        0x0 /usr/lib/gcc/avr/5.4.0/../../../avr/lib/avr51/libm.a(fp_cmp.o)
 .data          0x0000000000800100        0x0 /usr/lib/gcc/avr/5.4.0/../../../avr/lib/avr51/libm.a(fp_inf.o)
 .data          0x0000000000800100        0x0 /usr/lib/gcc/avr/5.4.0/../../../avr/lib/avr51/libm.a(fp_nan.o)
 .data          0x0000000000800100        0x0 /usr/lib/gcc/avr/5.4.0/../../../avr/lib/avr51/libm.a(fp_pscA.o)
 .data          0x0000000000800100        0x0 /usr/lib/gcc/avr/5.4.0/../../../avr/lib/avr51/libm.a(fp_pscB.o)
 .data          0x0000000000800100        0x0 /usr/lib/gcc/avr/5.4.0/../../../avr/lib/avr51/libm.a(fp_round.o)
 .data          0x0000000000800100        0x0 /usr/lib/gcc/avr/5.4.0/../../../avr/lib/avr51/libm.a(fp_split3.o)
 .data          0x0000000000800100        0x0 /usr/lib/gcc/avr/5.4.0/../../../avr/lib/avr51/libm.a(fp_zero.o)
 .data          0x0000000000800100        0x0 /usr/lib/gcc/avr/5.4.0/../../../avr/lib/avr51/libm.a(gesf2.o)
 .data          0x0000000000800100        0x0 /usr/lib/gcc/avr/5.4.0/../../../avr/lib/avr51/libm.a(mulsf3.o)
 .data          0x0000000000800100        0x0 /usr/lib/gcc/avr/5.4.0/../../../avr/lib/avr51/libm.a(mulsf3x.o)
 .data          0x0000000000800100        0x0 /usr/lib/gcc/avr/5.4.0/avr51/libgcc.a(_divmodsi4.o)
 .data          0x0000000000800100        0x0 /usr/lib/gcc/avr/5.4.0/avr51/libgcc.a(_negsi2.o)
 .data          0x0000000000800100        0x0 /usr/lib/gcc/avr/5.4.0/avr51/libgcc.a(_exit.o)
 .data          0x0000000000800100        0x0 /usr/lib/gcc/avr/5.4.0/avr51/libgcc.a(_copy_data.o)
 .data          0x0000000000800100        0x0 /usr/lib/gcc/avr/5.4.0/avr51/libgcc.a(_clear_bss.o)
 .data          0x0000000000800100        0x0 /usr/lib/gcc/avr/5.4.0/avr51/libgcc.a(_udivmodsi4.o)
 .data          0x0000000000800100        0x4 /usr/lib/gcc/avr/5.4.0/../../../avr/lib/avr51/libc.a(rand.o)
 .data          0x0000000000800104        0x0 /usr/lib/gcc/avr/5.4.0/avr51/libgcc.a(_muluhisi3.o)
 .data          0x0000000000800104        0x0 /usr/lib/gcc/avr/5.4.0/avr51/libgcc.a(_mulshisi3.o)
 .data          0x0000000000800104        0x0 /usr/lib/gcc/avr/5.4.0/avr51/libgcc.a(_umulhisi3.o)
 *(.data*)
 *(.rodata)
 .rodata        0x0000000000800104       0x60 ./src/start.o
 .rodata        0x0000000000800164      0x240 /home/defaultuser/Documents/niboLib/lib/libnibo2.a(gfx.o)
                0x0000000000800164                fontTiles
 *(.rodata*)
 *(.gnu.linkonce.d*)
                0x00000000008003a4                . = ALIGN (0x2)
                0x00000000008003a4                _edata = .
                0x00000000008003a4                PROVIDE (__data_end, .)

.bss            0x00000000008003a4       0xcf
                0x00000000008003a4                PROVIDE (__bss_start, .)
 *(.bss)
 .bss           0x00000000008003a4        0x0 /usr/lib/gcc/avr/5.4.0/../../../avr/lib/avr51/crtatmega128.o
 .bss           0x00000000008003a4        0x0 ./src/distance.o
 .bss           0x00000000008003a4        0x0 ./src/drive.o
 .bss           0x00000000008003a4        0x0 ./src/main.o
 .bss           0x00000000008003a4        0x0 ./src/presentation.o
 .bss           0x00000000008003a4        0x0 ./src/start.o
 .bss           0x00000000008003a4        0x0 /home/defaultuser/Documents/niboLib/lib/libnibo2.a(display.o)
 .bss           0x00000000008003a4        0x0 /home/defaultuser/Documents/niboLib/lib/libnibo2.a(pwm.o)
 .bss           0x00000000008003a4        0x0 /home/defaultuser/Documents/niboLib/lib/libnibo2.a(delay.o)
 .bss           0x00000000008003a4        0x0 /home/defaultuser/Documents/niboLib/lib/libnibo2.a(spi.o)
 .bss           0x00000000008003a4        0x0 /home/defaultuser/Documents/niboLib/lib/libnibo2.a(gfx.o)
 .bss           0x00000000008003a4        0x0 /home/defaultuser/Documents/niboLib/lib/libnibo2.a(copro.o)
 .bss           0x00000000008003a4        0x0 /home/defaultuser/Documents/niboLib/lib/libnibo2.a(bot.o)
 .bss           0x00000000008003a4        0x0 /home/defaultuser/Documents/niboLib/lib/libnibo2.a(leds.o)
 .bss           0x00000000008003a4        0x0 /home/defaultuser/Documents/niboLib/lib/libnibo2.a(sound.o)
 .bss           0x00000000008003a4        0x0 /home/defaultuser/Documents/niboLib/lib/libnibo2.a(adc.o)
 .bss           0x00000000008003a4        0x0 /usr/lib/gcc/avr/5.4.0/../../../avr/lib/avr51/libm.a(cmpsf2.o)
 .bss           0x00000000008003a4        0x0 /usr/lib/gcc/avr/5.4.0/../../../avr/lib/avr51/libm.a(divsf3.o)
 .bss           0x00000000008003a4        0x0 /usr/lib/gcc/avr/5.4.0/../../../avr/lib/avr51/libm.a(divsf3x.o)
 .bss           0x00000000008003a4        0x0 /usr/lib/gcc/avr/5.4.0/../../../avr/lib/avr51/libm.a(fixunssfsi.o)
 .bss           0x00000000008003a4        0x0 /usr/lib/gcc/avr/5.4.0/../../../avr/lib/avr51/libm.a(fp_cmp.o)
 .bss           0x00000000008003a4        0x0 /usr/lib/gcc/avr/5.4.0/../../../avr/lib/avr51/libm.a(fp_inf.o)
 .bss           0x00000000008003a4        0x0 /usr/lib/gcc/avr/5.4.0/../../../avr/lib/avr51/libm.a(fp_nan.o)
 .bss           0x00000000008003a4        0x0 /usr/lib/gcc/avr/5.4.0/../../../avr/lib/avr51/libm.a(fp_pscA.o)
 .bss           0x00000000008003a4        0x0 /usr/lib/gcc/avr/5.4.0/../../../avr/lib/avr51/libm.a(fp_pscB.o)
 .bss           0x00000000008003a4        0x0 /usr/lib/gcc/avr/5.4.0/../../../avr/lib/avr51/libm.a(fp_round.o)
 .bss           0x00000000008003a4        0x0 /usr/lib/gcc/avr/5.4.0/../../../avr/lib/avr51/libm.a(fp_split3.o)
 .bss           0x00000000008003a4        0x0 /usr/lib/gcc/avr/5.4.0/../../../avr/lib/avr51/libm.a(fp_zero.o)
 .bss           0x00000000008003a4        0x0 /usr/lib/gcc/avr/5.4.0/../../../avr/lib/avr51/libm.a(gesf2.o)
 .bss           0x00000000008003a4        0x0 /usr/lib/gcc/avr/5.4.0/../../../avr/lib/avr51/libm.a(mulsf3.o)
 .bss           0x00000000008003a4        0x0 /usr/lib/gcc/avr/5.4.0/../../../avr/lib/avr51/libm.a(mulsf3x.o)
 .bss           0x00000000008003a4        0x0 /usr/lib/gcc/avr/5.4.0/avr51/libgcc.a(_divmodsi4.o)
 .bss           0x00000000008003a4        0x0 /usr/lib/gcc/avr/5.4.0/avr51/libgcc.a(_negsi2.o)
 .bss           0x00000000008003a4        0x0 /usr/lib/gcc/avr/5.4.0/avr51/libgcc.a(_exit.o)
 .bss           0x00000000008003a4        0x0 /usr/lib/gcc/avr/5.4.0/avr51/libgcc.a(_copy_data.o)
 .bss           0x00000000008003a4        0x0 /usr/lib/gcc/avr/5.4.0/avr51/libgcc.a(_clear_bss.o)
 .bss           0x00000000008003a4        0x0 /usr/lib/gcc/avr/5.4.0/avr51/libgcc.a(_udivmodsi4.o)
 .bss           0x00000000008003a4        0x0 /usr/lib/gcc/avr/5.4.0/../../../avr/lib/avr51/libc.a(rand.o)
 .bss           0x00000000008003a4        0x0 /usr/lib/gcc/avr/5.4.0/avr51/libgcc.a(_muluhisi3.o)
 .bss           0x00000000008003a4        0x0 /usr/lib/gcc/avr/5.4.0/avr51/libgcc.a(_mulshisi3.o)
 .bss           0x00000000008003a4        0x0 /usr/lib/gcc/avr/5.4.0/avr51/libgcc.a(_umulhisi3.o)
 *(.bss*)
 .bss.flag.2343
                0x00000000008003a4        0x2 ./src/distance.o
 .bss.timer.2344
                0x00000000008003a6        0x2 ./src/distance.o
 *(COMMON)
 COMMON         0x00000000008003a8        0xf ./src/distance.o
                0x00000000008003a8                nds3_distcalib_alpha
                0x00000000008003aa                nds3_servocalib_mid
                0x00000000008003ac                nds3_pin
                0x00000000008003ad                nds3_ddr
                0x00000000008003ae                nds3_port
                0x00000000008003af                nds3_servocalib_lo
                0x00000000008003b1                nds3_distcalib_v0
                0x00000000008003b3                nds3_distcalib_d0
                0x00000000008003b5                nds3_servocalib_hi
 COMMON         0x00000000008003b7        0x1 /home/defaultuser/Documents/niboLib/lib/libnibo2.a(display.o)
                0x00000000008003b7                display_type
 COMMON         0x00000000008003b8        0xe /home/defaultuser/Documents/niboLib/lib/libnibo2.a(pwm.o)
                0x00000000008003b8                pwm_channel_A
                0x00000000008003ba                pwm_channel_B
                0x00000000008003bc                pwm_timer_ms
                0x00000000008003be                pwm_channel_C
                0x00000000008003c0                pwm_timer_sub
                0x00000000008003c2                pwm_timer_sec
 COMMON         0x00000000008003c6       0x3e /home/defaultuser/Documents/niboLib/lib/libnibo2.a(spi.o)
                0x00000000008003c6                spi_tx_buf
                0x00000000008003e1                spi_rx_size
                0x00000000008003e2                spi_err_cnt
                0x00000000008003e3                spi_tx_size
                0x00000000008003e4                spi_frame_cnt
                0x00000000008003e5                spi_size
                0x00000000008003e6                spi_rx_buf
                0x0000000000800401                spi_tx_chk
                0x0000000000800402                spi_pos
                0x0000000000800403                spi_rx_chk
 COMMON         0x0000000000800404        0xe /home/defaultuser/Documents/niboLib/lib/libnibo2.a(gfx.o)
                0x0000000000800404                gfx_dm
                0x0000000000800405                gfx_term_row
                0x0000000000800406                gfx_proportional
                0x0000000000800407                gfx_x
                0x0000000000800408                gfx_tile
                0x0000000000800410                gfx_y
                0x0000000000800411                gfx_term_col
 COMMON         0x0000000000800412       0x5d /home/defaultuser/Documents/niboLib/lib/libnibo2.a(copro.o)
                0x0000000000800412                copro_ticks_offset_r
                0x0000000000800414                copro_ticks_offset_l
                0x0000000000800416                copro_current_l
                0x0000000000800418                copro_commands
                0x000000000080042d                copro_ticks_l
                0x000000000080042f                copro_rc5_cmd
                0x0000000000800431                copro_distance
                0x000000000080043b                copro_pos_x
                0x000000000080043f                copro_pos_ori
                0x0000000000800443                copro_speed_r
                0x0000000000800445                copro_ticks_r
                0x0000000000800447                copro_pos_y
                0x000000000080044b                copro_ir_mode
                0x000000000080044c                copro_rc5_count
                0x000000000080044d                copro_current_r
                0x000000000080044f                copro_buffer
                0x000000000080046a                copro_target_distance
                0x000000000080046c                copro_seq
                0x000000000080046d                copro_speed_l
 COMMON         0x000000000080046f        0x2 /home/defaultuser/Documents/niboLib/lib/libnibo2.a(bot.o)
                0x000000000080046f                bot_supply
 COMMON         0x0000000000800471        0x2 /home/defaultuser/Documents/niboLib/lib/libnibo2.a(adc.o)
                0x0000000000800471                adc_random_seed
                0x0000000000800473                PROVIDE (__bss_end, .)
                0x0000000000002750                __data_load_start = LOADADDR (.data)
                0x00000000000029f4                __data_load_end = (__data_load_start + SIZEOF (.data))

.noinit         0x0000000000800473        0x0
                [!provide]                        PROVIDE (__noinit_start, .)
 *(.noinit*)
                [!provide]                        PROVIDE (__noinit_end, .)
                0x0000000000800473                _end = .
                [!provide]                        PROVIDE (__heap_start, .)

.eeprom         0x0000000000810000        0x0
 *(.eeprom*)
                0x0000000000810000                __eeprom_end = .

.fuse
 *(.fuse)
 *(.lfuse)
 *(.hfuse)
 *(.efuse)

.lock
 *(.lock*)

.signature
 *(.signature*)

.user_signatures
 *(.user_signatures*)

.stab           0x0000000000000000     0x24fc
 *(.stab)
 .stab          0x0000000000000000      0xcf0 ./src/distance.o
 .stab          0x0000000000000cf0      0x4ec ./src/drive.o
                                        0x81c (size before relaxing)
 .stab          0x00000000000011dc      0x480 ./src/main.o
                                        0x7b0 (size before relaxing)
 .stab          0x000000000000165c      0x57c ./src/presentation.o
                                        0x8ac (size before relaxing)
 .stab          0x0000000000001bd8      0x924 ./src/start.o
                                        0xc54 (size before relaxing)

.stabstr        0x0000000000000000     0x13be
 *(.stabstr)
 .stabstr       0x0000000000000000     0x13be ./src/distance.o

.stab.excl
 *(.stab.excl)

.stab.exclstr
 *(.stab.exclstr)

.stab.index
 *(.stab.index)

.stab.indexstr
 *(.stab.indexstr)

.comment        0x0000000000000000       0x11
 *(.comment)
 .comment       0x0000000000000000       0x11 ./src/distance.o
                                         0x12 (size before relaxing)
 .comment       0x0000000000000011       0x12 ./src/drive.o
 .comment       0x0000000000000011       0x12 ./src/main.o
 .comment       0x0000000000000011       0x12 ./src/presentation.o
 .comment       0x0000000000000011       0x12 ./src/start.o
 .comment       0x0000000000000011       0x12 /home/defaultuser/Documents/niboLib/lib/libnibo2.a(display.o)
 .comment       0x0000000000000011       0x12 /home/defaultuser/Documents/niboLib/lib/libnibo2.a(pwm.o)
 .comment       0x0000000000000011       0x12 /home/defaultuser/Documents/niboLib/lib/libnibo2.a(delay.o)
 .comment       0x0000000000000011       0x12 /home/defaultuser/Documents/niboLib/lib/libnibo2.a(spi.o)
 .comment       0x0000000000000011       0x12 /home/defaultuser/Documents/niboLib/lib/libnibo2.a(gfx.o)
 .comment       0x0000000000000011       0x12 /home/defaultuser/Documents/niboLib/lib/libnibo2.a(copro.o)
 .comment       0x0000000000000011       0x12 /home/defaultuser/Documents/niboLib/lib/libnibo2.a(bot.o)
 .comment       0x0000000000000011       0x12 /home/defaultuser/Documents/niboLib/lib/libnibo2.a(leds.o)
 .comment       0x0000000000000011       0x12 /home/defaultuser/Documents/niboLib/lib/libnibo2.a(sound.o)
 .comment       0x0000000000000011       0x12 /home/defaultuser/Documents/niboLib/lib/libnibo2.a(adc.o)
 .comment       0x0000000000000011       0x12 /usr/lib/gcc/avr/5.4.0/../../../avr/lib/avr51/libc.a(rand.o)

.note.gnu.avr.deviceinfo
                0x0000000000000000       0x3c
 .note.gnu.avr.deviceinfo
                0x0000000000000000       0x3c /usr/lib/gcc/avr/5.4.0/../../../avr/lib/avr51/crtatmega128.o

.note.gnu.build-id
 *(.note.gnu.build-id)

.debug
 *(.debug)

.line
 *(.line)

.debug_srcinfo
 *(.debug_srcinfo)

.debug_sfnames
 *(.debug_sfnames)

.debug_aranges
 *(.debug_aranges)

.debug_pubnames
 *(.debug_pubnames)

.debug_info     0x0000000000000000      0x780
 *(.debug_info .gnu.linkonce.wi.*)
 .debug_info    0x0000000000000000      0x780 /usr/lib/gcc/avr/5.4.0/../../../avr/lib/avr51/crtatmega128.o

.debug_abbrev   0x0000000000000000      0x718
 *(.debug_abbrev)
 .debug_abbrev  0x0000000000000000      0x718 /usr/lib/gcc/avr/5.4.0/../../../avr/lib/avr51/crtatmega128.o

.debug_line     0x0000000000000000       0x1a
 *(.debug_line .debug_line.* .debug_line_end)
 .debug_line    0x0000000000000000       0x1a /usr/lib/gcc/avr/5.4.0/../../../avr/lib/avr51/crtatmega128.o

.debug_frame
 *(.debug_frame)

.debug_str      0x0000000000000000      0x27d
 *(.debug_str)
 .debug_str     0x0000000000000000      0x27d /usr/lib/gcc/avr/5.4.0/../../../avr/lib/avr51/crtatmega128.o

.debug_loc
 *(.debug_loc)

.debug_macinfo
 *(.debug_macinfo)

.debug_weaknames
 *(.debug_weaknames)

.debug_funcnames
 *(.debug_funcnames)

.debug_typenames
 *(.debug_typenames)

.debug_varnames
 *(.debug_varnames)

.debug_pubtypes
 *(.debug_pubtypes)

.debug_ranges
 *(.debug_ranges)

.debug_macro
 *(.debug_macro)
OUTPUT(Project2.elf elf32-avr)
LOAD linker stubs
