Archive member included to satisfy reference by file (symbol)

/home/defaultuser/Documents/niboLib/lib/libnibo2.a(display.o)
                              ./src/main.o (display_init)
/home/defaultuser/Documents/niboLib/lib/libnibo2.a(delay.o)
                              ./src/main.o (delay)
/home/defaultuser/Documents/niboLib/lib/libnibo2.a(spi.o)
                              ./src/main.o (spi_init)
/home/defaultuser/Documents/niboLib/lib/libnibo2.a(gfx.o)
                              ./src/main.o (gfx_move)
/home/defaultuser/Documents/niboLib/lib/libnibo2.a(copro.o)
                              /home/defaultuser/Documents/niboLib/lib/libnibo2.a(spi.o) (spi_finished_callback)
/home/defaultuser/Documents/niboLib/lib/libnibo2.a(bot.o)
                              ./src/main.o (bot_init)
/home/defaultuser/Documents/niboLib/lib/libnibo2.a(leds.o)
                              ./src/main.o (leds_init)
/home/defaultuser/Documents/niboLib/lib/libnibo2.a(pwm.o)
                              /home/defaultuser/Documents/niboLib/lib/libnibo2.a(leds.o) (pwm_channel_A)
/home/defaultuser/Documents/niboLib/lib/libnibo2.a(adc.o)
                              /home/defaultuser/Documents/niboLib/lib/libnibo2.a(bot.o) (adc_read)
/usr/lib/gcc/avr/5.4.0/avr51/libgcc.a(_exit.o)
                              /usr/lib/gcc/avr/5.4.0/../../../avr/lib/avr51/crtatmega128.o (exit)
/usr/lib/gcc/avr/5.4.0/avr51/libgcc.a(_copy_data.o)
                              ./src/main.o (__do_copy_data)
/usr/lib/gcc/avr/5.4.0/avr51/libgcc.a(_clear_bss.o)
                              ./src/main.o (__do_clear_bss)
/usr/lib/gcc/avr/5.4.0/../../../avr/lib/avr51/libc.a(rand.o)
                              ./src/main.o (rand)
/usr/lib/gcc/avr/5.4.0/avr51/libgcc.a(_divmodsi4.o)
                              /usr/lib/gcc/avr/5.4.0/../../../avr/lib/avr51/libc.a(rand.o) (__divmodsi4)
/usr/lib/gcc/avr/5.4.0/avr51/libgcc.a(_negsi2.o)
                              /usr/lib/gcc/avr/5.4.0/avr51/libgcc.a(_divmodsi4.o) (__negsi2)
/usr/lib/gcc/avr/5.4.0/avr51/libgcc.a(_muluhisi3.o)
                              /usr/lib/gcc/avr/5.4.0/../../../avr/lib/avr51/libc.a(rand.o) (__muluhisi3)
/usr/lib/gcc/avr/5.4.0/avr51/libgcc.a(_mulshisi3.o)
                              /usr/lib/gcc/avr/5.4.0/../../../avr/lib/avr51/libc.a(rand.o) (__mulohisi3)
/usr/lib/gcc/avr/5.4.0/avr51/libgcc.a(_udivmodsi4.o)
                              /usr/lib/gcc/avr/5.4.0/avr51/libgcc.a(_divmodsi4.o) (__udivmodsi4)
/usr/lib/gcc/avr/5.4.0/avr51/libgcc.a(_umulhisi3.o)
                              /usr/lib/gcc/avr/5.4.0/avr51/libgcc.a(_muluhisi3.o) (__umulhisi3)

Allocating common symbols
Common symbol       size              file

copro_ticks_offset_r
                    0x2               /home/defaultuser/Documents/niboLib/lib/libnibo2.a(copro.o)
copro_ticks_offset_l
                    0x2               /home/defaultuser/Documents/niboLib/lib/libnibo2.a(copro.o)
copro_current_l     0x2               /home/defaultuser/Documents/niboLib/lib/libnibo2.a(copro.o)
gfx_dm              0x1               /home/defaultuser/Documents/niboLib/lib/libnibo2.a(gfx.o)
adc_random_seed     0x2               /home/defaultuser/Documents/niboLib/lib/libnibo2.a(adc.o)
spi_tx_buf          0x1b              /home/defaultuser/Documents/niboLib/lib/libnibo2.a(spi.o)
copro_commands      0x15              /home/defaultuser/Documents/niboLib/lib/libnibo2.a(copro.o)
spi_rx_size         0x1               /home/defaultuser/Documents/niboLib/lib/libnibo2.a(spi.o)
copro_ticks_l       0x2               /home/defaultuser/Documents/niboLib/lib/libnibo2.a(copro.o)
copro_rc5_cmd       0x2               /home/defaultuser/Documents/niboLib/lib/libnibo2.a(copro.o)
pwm_channel_A       0x2               /home/defaultuser/Documents/niboLib/lib/libnibo2.a(pwm.o)
copro_distance      0xa               /home/defaultuser/Documents/niboLib/lib/libnibo2.a(copro.o)
spi_err_cnt         0x1               /home/defaultuser/Documents/niboLib/lib/libnibo2.a(spi.o)
copro_pos_x         0x4               /home/defaultuser/Documents/niboLib/lib/libnibo2.a(copro.o)
copro_pos_ori       0x4               /home/defaultuser/Documents/niboLib/lib/libnibo2.a(copro.o)
copro_speed_r       0x2               /home/defaultuser/Documents/niboLib/lib/libnibo2.a(copro.o)
pwm_channel_B       0x2               /home/defaultuser/Documents/niboLib/lib/libnibo2.a(pwm.o)
pwm_timer_ms        0x2               /home/defaultuser/Documents/niboLib/lib/libnibo2.a(pwm.o)
spi_tx_size         0x1               /home/defaultuser/Documents/niboLib/lib/libnibo2.a(spi.o)
gfx_term_row        0x1               /home/defaultuser/Documents/niboLib/lib/libnibo2.a(gfx.o)
gfx_proportional    0x1               /home/defaultuser/Documents/niboLib/lib/libnibo2.a(gfx.o)
copro_ticks_r       0x2               /home/defaultuser/Documents/niboLib/lib/libnibo2.a(copro.o)
copro_pos_y         0x4               /home/defaultuser/Documents/niboLib/lib/libnibo2.a(copro.o)
bot_supply          0x2               /home/defaultuser/Documents/niboLib/lib/libnibo2.a(bot.o)
spi_frame_cnt       0x1               /home/defaultuser/Documents/niboLib/lib/libnibo2.a(spi.o)
copro_ir_mode       0x1               /home/defaultuser/Documents/niboLib/lib/libnibo2.a(copro.o)
spi_size            0x1               /home/defaultuser/Documents/niboLib/lib/libnibo2.a(spi.o)
copro_rc5_count     0x1               /home/defaultuser/Documents/niboLib/lib/libnibo2.a(copro.o)
display_type        0x1               /home/defaultuser/Documents/niboLib/lib/libnibo2.a(display.o)
gfx_x               0x1               /home/defaultuser/Documents/niboLib/lib/libnibo2.a(gfx.o)
copro_current_r     0x2               /home/defaultuser/Documents/niboLib/lib/libnibo2.a(copro.o)
copro_buffer        0x1b              /home/defaultuser/Documents/niboLib/lib/libnibo2.a(copro.o)
spi_rx_buf          0x1b              /home/defaultuser/Documents/niboLib/lib/libnibo2.a(spi.o)
gfx_tile            0x8               /home/defaultuser/Documents/niboLib/lib/libnibo2.a(gfx.o)
pwm_channel_C       0x2               /home/defaultuser/Documents/niboLib/lib/libnibo2.a(pwm.o)
spi_tx_chk          0x1               /home/defaultuser/Documents/niboLib/lib/libnibo2.a(spi.o)
pwm_timer_sub       0x2               /home/defaultuser/Documents/niboLib/lib/libnibo2.a(pwm.o)
pwm_timer_sec       0x4               /home/defaultuser/Documents/niboLib/lib/libnibo2.a(pwm.o)
spi_pos             0x1               /home/defaultuser/Documents/niboLib/lib/libnibo2.a(spi.o)
gfx_y               0x1               /home/defaultuser/Documents/niboLib/lib/libnibo2.a(gfx.o)
copro_target_distance
                    0x2               /home/defaultuser/Documents/niboLib/lib/libnibo2.a(copro.o)
spi_rx_chk          0x1               /home/defaultuser/Documents/niboLib/lib/libnibo2.a(spi.o)
gfx_term_col        0x1               /home/defaultuser/Documents/niboLib/lib/libnibo2.a(gfx.o)
copro_seq           0x1               /home/defaultuser/Documents/niboLib/lib/libnibo2.a(copro.o)
copro_speed_l       0x2               /home/defaultuser/Documents/niboLib/lib/libnibo2.a(copro.o)

Memory Configuration

Name             Origin             Length             Attributes
text             0x0000000000000000 0x0000000000020000 xr
data             0x0000000000800100 0x000000000000ff00 rw !x
eeprom           0x0000000000810000 0x0000000000010000 rw !x
fuse             0x0000000000820000 0x0000000000000003 rw !x
lock             0x0000000000830000 0x0000000000000400 rw !x
signature        0x0000000000840000 0x0000000000000400 rw !x
user_signatures  0x0000000000850000 0x0000000000000400 rw !x
*default*        0x0000000000000000 0xffffffffffffffff

Linker script and memory map

Address of section .data set to 0x800100
LOAD /usr/lib/gcc/avr/5.4.0/../../../avr/lib/avr51/crtatmega128.o
LOAD ./src/main.o
LOAD /home/defaultuser/Documents/niboLib/lib/libnds3.a
LOAD /home/defaultuser/Documents/niboLib/lib/libnibo2.a
LOAD /usr/lib/gcc/avr/5.4.0/../../../avr/lib/avr51/libprintf_flt.a
LOAD /usr/lib/gcc/avr/5.4.0/../../../avr/lib/avr51/libm.a
LOAD /home/defaultuser/Documents/niboLib/lib/libuart-0.a
START GROUP
LOAD /usr/lib/gcc/avr/5.4.0/avr51/libgcc.a
LOAD /usr/lib/gcc/avr/5.4.0/../../../avr/lib/avr51/libm.a
LOAD /usr/lib/gcc/avr/5.4.0/../../../avr/lib/avr51/libc.a
LOAD /usr/lib/gcc/avr/5.4.0/../../../avr/lib/avr51/libatmega128.a
END GROUP
                0x0000000000020000                __TEXT_REGION_LENGTH__ = DEFINED (__TEXT_REGION_LENGTH__)?__TEXT_REGION_LENGTH__:0x20000
                0x000000000000ff00                __DATA_REGION_LENGTH__ = DEFINED (__DATA_REGION_LENGTH__)?__DATA_REGION_LENGTH__:0xff00
                0x0000000000010000                __EEPROM_REGION_LENGTH__ = DEFINED (__EEPROM_REGION_LENGTH__)?__EEPROM_REGION_LENGTH__:0x10000
                [0x0000000000000003]                __FUSE_REGION_LENGTH__ = DEFINED (__FUSE_REGION_LENGTH__)?__FUSE_REGION_LENGTH__:0x400
                0x0000000000000400                __LOCK_REGION_LENGTH__ = DEFINED (__LOCK_REGION_LENGTH__)?__LOCK_REGION_LENGTH__:0x400
                0x0000000000000400                __SIGNATURE_REGION_LENGTH__ = DEFINED (__SIGNATURE_REGION_LENGTH__)?__SIGNATURE_REGION_LENGTH__:0x400
                0x0000000000000400                __USER_SIGNATURE_REGION_LENGTH__ = DEFINED (__USER_SIGNATURE_REGION_LENGTH__)?__USER_SIGNATURE_REGION_LENGTH__:0x400

.hash
 *(.hash)

.dynsym
 *(.dynsym)

.dynstr
 *(.dynstr)

.gnu.version
 *(.gnu.version)

.gnu.version_d
 *(.gnu.version_d)

.gnu.version_r
 *(.gnu.version_r)

.rel.init
 *(.rel.init)

.rela.init
 *(.rela.init)

.rel.text
 *(.rel.text)
 *(.rel.text.*)
 *(.rel.gnu.linkonce.t*)

.rela.text
 *(.rela.text)
 *(.rela.text.*)
 *(.rela.gnu.linkonce.t*)

.rel.fini
 *(.rel.fini)

.rela.fini
 *(.rela.fini)

.rel.rodata
 *(.rel.rodata)
 *(.rel.rodata.*)
 *(.rel.gnu.linkonce.r*)

.rela.rodata
 *(.rela.rodata)
 *(.rela.rodata.*)
 *(.rela.gnu.linkonce.r*)

.rel.data
 *(.rel.data)
 *(.rel.data.*)
 *(.rel.gnu.linkonce.d*)

.rela.data
 *(.rela.data)
 *(.rela.data.*)
 *(.rela.gnu.linkonce.d*)

.rel.ctors
 *(.rel.ctors)

.rela.ctors
 *(.rela.ctors)

.rel.dtors
 *(.rel.dtors)

.rela.dtors
 *(.rela.dtors)

.rel.got
 *(.rel.got)

.rela.got
 *(.rela.got)

.rel.bss
 *(.rel.bss)

.rela.bss
 *(.rela.bss)

.rel.plt
 *(.rel.plt)

.rela.plt
 *(.rela.plt)

.text           0x0000000000000000     0x18b6
 *(.vectors)
 .vectors       0x0000000000000000       0x8c /usr/lib/gcc/avr/5.4.0/../../../avr/lib/avr51/crtatmega128.o
                0x0000000000000000                __vectors
                0x0000000000000000                __vector_default
 *(.vectors)
 *(.progmem.gcc*)
                0x000000000000008c                . = ALIGN (0x2)
                0x000000000000008c                __trampolines_start = .
 *(.trampolines)
 .trampolines   0x000000000000008c        0x0 linker stubs
 *(.trampolines*)
                0x000000000000008c                __trampolines_end = .
 *libprintf_flt.a:*(.progmem.data)
 *libc.a:*(.progmem.data)
 *(.progmem*)
 .progmem.data  0x000000000000008c        0x6 /home/defaultuser/Documents/niboLib/lib/libnibo2.a(bot.o)
                0x000000000000008c                bot_lib_version
                0x0000000000000091                bot_lib_revision
                0x0000000000000092                . = ALIGN (0x2)
 *(.jumptables)
 *(.jumptables*)
 *(.lowtext)
 *(.lowtext*)
                0x0000000000000092                __ctors_start = .
 *(.ctors)
                0x0000000000000092                __ctors_end = .
                0x0000000000000092                __dtors_start = .
 *(.dtors)
                0x0000000000000092                __dtors_end = .
 SORT(*)(.ctors)
 SORT(*)(.dtors)
 *(.init0)
 .init0         0x0000000000000092        0x0 /usr/lib/gcc/avr/5.4.0/../../../avr/lib/avr51/crtatmega128.o
                0x0000000000000092                __init
 *(.init0)
 *(.init1)
 *(.init1)
 *(.init2)
 .init2         0x0000000000000092        0xc /usr/lib/gcc/avr/5.4.0/../../../avr/lib/avr51/crtatmega128.o
 *(.init2)
 *(.init3)
 *(.init3)
 *(.init4)
 .init4         0x000000000000009e       0x1a /usr/lib/gcc/avr/5.4.0/avr51/libgcc.a(_copy_data.o)
                0x000000000000009e                __do_copy_data
 .init4         0x00000000000000b8       0x10 /usr/lib/gcc/avr/5.4.0/avr51/libgcc.a(_clear_bss.o)
                0x00000000000000b8                __do_clear_bss
 *(.init4)
 *(.init5)
 *(.init5)
 *(.init6)
 *(.init6)
 *(.init7)
 *(.init7)
 *(.init8)
 *(.init8)
 *(.init9)
 .init9         0x00000000000000c8        0x8 /usr/lib/gcc/avr/5.4.0/../../../avr/lib/avr51/crtatmega128.o
 *(.init9)
 *(.text)
 .text          0x00000000000000d0        0x4 /usr/lib/gcc/avr/5.4.0/../../../avr/lib/avr51/crtatmega128.o
                0x00000000000000d0                __vector_22
                0x00000000000000d0                __vector_28
                0x00000000000000d0                __vector_1
                0x00000000000000d0                __vector_32
                0x00000000000000d0                __vector_34
                0x00000000000000d0                __vector_24
                0x00000000000000d0                __vector_12
                0x00000000000000d0                __bad_interrupt
                0x00000000000000d0                __vector_6
                0x00000000000000d0                __vector_31
                0x00000000000000d0                __vector_3
                0x00000000000000d0                __vector_23
                0x00000000000000d0                __vector_30
                0x00000000000000d0                __vector_25
                0x00000000000000d0                __vector_11
                0x00000000000000d0                __vector_13
                0x00000000000000d0                __vector_19
                0x00000000000000d0                __vector_7
                0x00000000000000d0                __vector_27
                0x00000000000000d0                __vector_5
                0x00000000000000d0                __vector_33
                0x00000000000000d0                __vector_4
                0x00000000000000d0                __vector_9
                0x00000000000000d0                __vector_2
                0x00000000000000d0                __vector_21
                0x00000000000000d0                __vector_15
                0x00000000000000d0                __vector_29
                0x00000000000000d0                __vector_8
                0x00000000000000d0                __vector_26
                0x00000000000000d0                __vector_10
                0x00000000000000d0                __vector_16
                0x00000000000000d0                __vector_18
                0x00000000000000d0                __vector_20
 .text          0x00000000000000d4        0x0 ./src/main.o
 .text          0x00000000000000d4        0x0 /home/defaultuser/Documents/niboLib/lib/libnibo2.a(display.o)
 .text          0x00000000000000d4        0x0 /home/defaultuser/Documents/niboLib/lib/libnibo2.a(delay.o)
 .text          0x00000000000000d4        0x0 /home/defaultuser/Documents/niboLib/lib/libnibo2.a(spi.o)
 .text          0x00000000000000d4        0x0 /home/defaultuser/Documents/niboLib/lib/libnibo2.a(gfx.o)
 .text          0x00000000000000d4        0x0 /home/defaultuser/Documents/niboLib/lib/libnibo2.a(copro.o)
 .text          0x00000000000000d4        0x0 /home/defaultuser/Documents/niboLib/lib/libnibo2.a(bot.o)
 .text          0x00000000000000d4        0x0 /home/defaultuser/Documents/niboLib/lib/libnibo2.a(leds.o)
 .text          0x00000000000000d4        0x0 /home/defaultuser/Documents/niboLib/lib/libnibo2.a(pwm.o)
 .text          0x00000000000000d4        0x0 /home/defaultuser/Documents/niboLib/lib/libnibo2.a(adc.o)
 .text          0x00000000000000d4        0x0 /usr/lib/gcc/avr/5.4.0/avr51/libgcc.a(_exit.o)
 .text          0x00000000000000d4        0x0 /usr/lib/gcc/avr/5.4.0/avr51/libgcc.a(_copy_data.o)
 .text          0x00000000000000d4        0x0 /usr/lib/gcc/avr/5.4.0/avr51/libgcc.a(_clear_bss.o)
 .text          0x00000000000000d4        0x0 /usr/lib/gcc/avr/5.4.0/../../../avr/lib/avr51/libc.a(rand.o)
 .text          0x00000000000000d4        0x0 /usr/lib/gcc/avr/5.4.0/avr51/libgcc.a(_divmodsi4.o)
 .text          0x00000000000000d4        0x0 /usr/lib/gcc/avr/5.4.0/avr51/libgcc.a(_negsi2.o)
 .text          0x00000000000000d4        0x0 /usr/lib/gcc/avr/5.4.0/avr51/libgcc.a(_muluhisi3.o)
 .text          0x00000000000000d4        0x0 /usr/lib/gcc/avr/5.4.0/avr51/libgcc.a(_mulshisi3.o)
 .text          0x00000000000000d4        0x0 /usr/lib/gcc/avr/5.4.0/avr51/libgcc.a(_udivmodsi4.o)
 .text          0x00000000000000d4        0x0 /usr/lib/gcc/avr/5.4.0/avr51/libgcc.a(_umulhisi3.o)
                0x00000000000000d4                . = ALIGN (0x2)
 *(.text.*)
 .text.main     0x00000000000000d4      0x1ca ./src/main.o
                0x00000000000000d4                main
 .text.display_write
                0x000000000000029e       0x84 /home/defaultuser/Documents/niboLib/lib/libnibo2.a(display.o)
                0x000000000000029e                display_write
 .text.display_read
                0x0000000000000322       0x7e /home/defaultuser/Documents/niboLib/lib/libnibo2.a(display.o)
                0x0000000000000322                display_read
 .text.display_wait
                0x00000000000003a0       0x3c /home/defaultuser/Documents/niboLib/lib/libnibo2.a(display.o)
                0x00000000000003a0                display_wait
 .text.display_init
                0x00000000000003dc       0xc4 /home/defaultuser/Documents/niboLib/lib/libnibo2.a(display.o)
                0x00000000000003dc                display_init
 .text.delay    0x00000000000004a0       0x16 /home/defaultuser/Documents/niboLib/lib/libnibo2.a(delay.o)
                0x00000000000004a0                delay
 .text.spi_tx   0x00000000000004b6        0xe /home/defaultuser/Documents/niboLib/lib/libnibo2.a(spi.o)
 .text.spi_restart_transmission
                0x00000000000004c4       0x36 /home/defaultuser/Documents/niboLib/lib/libnibo2.a(spi.o)
                0x00000000000004c4                spi_restart_transmission
 .text.spi_init
                0x00000000000004fa        0xe /home/defaultuser/Documents/niboLib/lib/libnibo2.a(spi.o)
                0x00000000000004fa                spi_init
 .text.__vector_17
                0x0000000000000508      0x11a /home/defaultuser/Documents/niboLib/lib/libnibo2.a(spi.o)
                0x0000000000000508                __vector_17
 .text.gfx_store_disp_tile
                0x0000000000000622       0x94 /home/defaultuser/Documents/niboLib/lib/libnibo2.a(gfx.o)
 .text.gfx_get_x
                0x00000000000006b6        0x6 /home/defaultuser/Documents/niboLib/lib/libnibo2.a(gfx.o)
                0x00000000000006b6                gfx_get_x
 .text.gfx_get_y
                0x00000000000006bc        0x6 /home/defaultuser/Documents/niboLib/lib/libnibo2.a(gfx.o)
                0x00000000000006bc                gfx_get_y
 .text.gfx_draw_mode
                0x00000000000006c2        0x6 /home/defaultuser/Documents/niboLib/lib/libnibo2.a(gfx.o)
                0x00000000000006c2                gfx_draw_mode
 .text.gfx_move
                0x00000000000006c8       0x64 /home/defaultuser/Documents/niboLib/lib/libnibo2.a(gfx.o)
                0x00000000000006c8                gfx_move
 .text.gfx_fill
                0x000000000000072c       0x70 /home/defaultuser/Documents/niboLib/lib/libnibo2.a(gfx.o)
                0x000000000000072c                gfx_fill
 .text.gfx_display_write2
                0x000000000000079c       0x8c /home/defaultuser/Documents/niboLib/lib/libnibo2.a(gfx.o)
                0x000000000000079c                gfx_display_write2
 .text.gfx_char_width
                0x0000000000000828       0x34 /home/defaultuser/Documents/niboLib/lib/libnibo2.a(gfx.o)
                0x0000000000000828                gfx_char_width
 .text.gfx_print_char_base
                0x000000000000085c       0xf2 /home/defaultuser/Documents/niboLib/lib/libnibo2.a(gfx.o)
                0x000000000000085c                gfx_print_char_base
 .text.gfx_print_char
                0x000000000000094e       0x4e /home/defaultuser/Documents/niboLib/lib/libnibo2.a(gfx.o)
                0x000000000000094e                gfx_print_char
 .text.gfx_print_text
                0x000000000000099c       0x18 /home/defaultuser/Documents/niboLib/lib/libnibo2.a(gfx.o)
                0x000000000000099c                gfx_print_text
 .text.gfx_text_width
                0x00000000000009b4       0x2a /home/defaultuser/Documents/niboLib/lib/libnibo2.a(gfx.o)
                0x00000000000009b4                gfx_text_width
 .text.gfx_print_text_P
                0x00000000000009de       0x22 /home/defaultuser/Documents/niboLib/lib/libnibo2.a(gfx.o)
                0x00000000000009de                gfx_print_text_P
 .text.gfx_text_width_P
                0x0000000000000a00       0x32 /home/defaultuser/Documents/niboLib/lib/libnibo2.a(gfx.o)
                0x0000000000000a00                gfx_text_width_P
 .text.gfx_init
                0x0000000000000a32       0x7e /home/defaultuser/Documents/niboLib/lib/libnibo2.a(gfx.o)
                0x0000000000000a32                gfx_init
 .text.gfx_set_proportional
                0x0000000000000ab0        0x6 /home/defaultuser/Documents/niboLib/lib/libnibo2.a(gfx.o)
                0x0000000000000ab0                gfx_set_proportional
 .text.gfx_get_proportional
                0x0000000000000ab6        0x6 /home/defaultuser/Documents/niboLib/lib/libnibo2.a(gfx.o)
                0x0000000000000ab6                gfx_get_proportional
 .text.gfx_hline
                0x0000000000000abc       0x2c /home/defaultuser/Documents/niboLib/lib/libnibo2.a(gfx.o)
                0x0000000000000abc                gfx_hline
 .text.gfx_box  0x0000000000000ae8       0x9a /home/defaultuser/Documents/niboLib/lib/libnibo2.a(gfx.o)
                0x0000000000000ae8                gfx_box
 .text.gfx_vline
                0x0000000000000b82        0x8 /home/defaultuser/Documents/niboLib/lib/libnibo2.a(gfx.o)
                0x0000000000000b82                gfx_vline
 .text.gfx_draw_xbm
                0x0000000000000b8a      0x14a /home/defaultuser/Documents/niboLib/lib/libnibo2.a(gfx.o)
                0x0000000000000b8a                gfx_draw_xbm
 .text.gfx_draw_xbm_P
                0x0000000000000cd4      0x146 /home/defaultuser/Documents/niboLib/lib/libnibo2.a(gfx.o)
                0x0000000000000cd4                gfx_draw_xbm_P
 .text.gfx_pixel
                0x0000000000000e1a       0x22 /home/defaultuser/Documents/niboLib/lib/libnibo2.a(gfx.o)
                0x0000000000000e1a                gfx_pixel
 .text.gfx_lineTo
                0x0000000000000e3c      0x10e /home/defaultuser/Documents/niboLib/lib/libnibo2.a(gfx.o)
                0x0000000000000e3c                gfx_lineTo
 .text.gfx_term_clear
                0x0000000000000f4a       0x10 /home/defaultuser/Documents/niboLib/lib/libnibo2.a(gfx.o)
                0x0000000000000f4a                gfx_term_clear
 .text.gfx_term_goto
                0x0000000000000f5a       0x12 /home/defaultuser/Documents/niboLib/lib/libnibo2.a(gfx.o)
                0x0000000000000f5a                gfx_term_goto
 .text.gfx_term_scroll
                0x0000000000000f6c      0x100 /home/defaultuser/Documents/niboLib/lib/libnibo2.a(gfx.o)
                0x0000000000000f6c                gfx_term_scroll
 .text.gfx_term_print
                0x000000000000106c       0x8c /home/defaultuser/Documents/niboLib/lib/libnibo2.a(gfx.o)
                0x000000000000106c                gfx_term_print
 .text.wait_copro
                0x00000000000010f8       0x28 /home/defaultuser/Documents/niboLib/lib/libnibo2.a(copro.o)
 .text.spi_finished_callback
                0x0000000000001120       0xa8 /home/defaultuser/Documents/niboLib/lib/libnibo2.a(copro.o)
                0x0000000000001120                spi_finished_callback
 .text._copro_check_busy
                0x00000000000011c8       0x1a /home/defaultuser/Documents/niboLib/lib/libnibo2.a(copro.o)
                0x00000000000011c8                _copro_check_busy
 .text.copro_update
                0x00000000000011e2      0x154 /home/defaultuser/Documents/niboLib/lib/libnibo2.a(copro.o)
                0x00000000000011e2                copro_update
 .text.copro_stop
                0x0000000000001336        0xc /home/defaultuser/Documents/niboLib/lib/libnibo2.a(copro.o)
                0x0000000000001336                copro_stop
 .text.copro_stopImmediate
                0x0000000000001342        0xe /home/defaultuser/Documents/niboLib/lib/libnibo2.a(copro.o)
                0x0000000000001342                copro_stopImmediate
 .text.copro_setPWM
                0x0000000000001350       0x18 /home/defaultuser/Documents/niboLib/lib/libnibo2.a(copro.o)
                0x0000000000001350                copro_setPWM
 .text.copro_setSpeed
                0x0000000000001368       0x18 /home/defaultuser/Documents/niboLib/lib/libnibo2.a(copro.o)
                0x0000000000001368                copro_setSpeed
 .text.copro_setTargetAbs
                0x0000000000001380       0x34 /home/defaultuser/Documents/niboLib/lib/libnibo2.a(copro.o)
                0x0000000000001380                copro_setTargetAbs
 .text.copro_setTargetRel
                0x00000000000013b4       0x1c /home/defaultuser/Documents/niboLib/lib/libnibo2.a(copro.o)
                0x00000000000013b4                copro_setTargetRel
 .text.copro_setSpeedParameters
                0x00000000000013d0       0x2e /home/defaultuser/Documents/niboLib/lib/libnibo2.a(copro.o)
                0x00000000000013d0                copro_setSpeedParameters
 .text.copro_setPositionParameters
                0x00000000000013fe        0x4 /home/defaultuser/Documents/niboLib/lib/libnibo2.a(copro.o)
                0x00000000000013fe                copro_setPositionParameters
 .text.copro_resetOdometry
                0x0000000000001402       0x54 /home/defaultuser/Documents/niboLib/lib/libnibo2.a(copro.o)
                0x0000000000001402                copro_resetOdometry
 .text.copro_ir_stop
                0x0000000000001456       0x14 /home/defaultuser/Documents/niboLib/lib/libnibo2.a(copro.o)
                0x0000000000001456                copro_ir_stop
 .text.copro_ir_startMeasure
                0x000000000000146a       0x14 /home/defaultuser/Documents/niboLib/lib/libnibo2.a(copro.o)
                0x000000000000146a                copro_ir_startMeasure
 .text.copro_transmitRC5
                0x000000000000147e       0x26 /home/defaultuser/Documents/niboLib/lib/libnibo2.a(copro.o)
                0x000000000000147e                copro_transmitRC5
 .text.bot_init
                0x00000000000014a4       0x16 /home/defaultuser/Documents/niboLib/lib/libnibo2.a(bot.o)
                0x00000000000014a4                bot_init
 .text.bot_update
                0x00000000000014ba       0x10 /home/defaultuser/Documents/niboLib/lib/libnibo2.a(bot.o)
                0x00000000000014ba                bot_update
 .text.leds_init
                0x00000000000014ca       0x10 /home/defaultuser/Documents/niboLib/lib/libnibo2.a(leds.o)
                0x00000000000014ca                leds_init
 .text.leds_set_status
                0x00000000000014da       0x48 /home/defaultuser/Documents/niboLib/lib/libnibo2.a(leds.o)
                0x00000000000014da                leds_set_status
 .text.leds_set_status_intensity
                0x0000000000001522        0xa /home/defaultuser/Documents/niboLib/lib/libnibo2.a(leds.o)
                0x0000000000001522                leds_set_status_intensity
 .text.leds_get_status_intensity
                0x000000000000152c        0xa /home/defaultuser/Documents/niboLib/lib/libnibo2.a(leds.o)
                0x000000000000152c                leds_get_status_intensity
 .text.leds_set_headlights
                0x0000000000001536        0xa /home/defaultuser/Documents/niboLib/lib/libnibo2.a(leds.o)
                0x0000000000001536                leds_set_headlights
 .text.leds_get_headlights
                0x0000000000001540        0xa /home/defaultuser/Documents/niboLib/lib/libnibo2.a(leds.o)
                0x0000000000001540                leds_get_headlights
 .text.leds_set_displaylight
                0x000000000000154a        0xa /home/defaultuser/Documents/niboLib/lib/libnibo2.a(leds.o)
                0x000000000000154a                leds_set_displaylight
 .text.leds_get_displaylight
                0x0000000000001554        0xa /home/defaultuser/Documents/niboLib/lib/libnibo2.a(leds.o)
                0x0000000000001554                leds_get_displaylight
 .text.pwm_init
                0x000000000000155e       0x64 /home/defaultuser/Documents/niboLib/lib/libnibo2.a(pwm.o)
                0x000000000000155e                pwm_init
 .text.__vector_14
                0x00000000000015c2      0x10c /home/defaultuser/Documents/niboLib/lib/libnibo2.a(pwm.o)
                0x00000000000015c2                __vector_14
 .text.adc_init
                0x00000000000016ce       0x24 /home/defaultuser/Documents/niboLib/lib/libnibo2.a(adc.o)
                0x00000000000016ce                adc_init
 .text.adc_read
                0x00000000000016f2       0x3c /home/defaultuser/Documents/niboLib/lib/libnibo2.a(adc.o)
                0x00000000000016f2                adc_read
 .text.adc_get_random_seed
                0x000000000000172e        0xa /home/defaultuser/Documents/niboLib/lib/libnibo2.a(adc.o)
                0x000000000000172e                adc_get_random_seed
 .text.libgcc.mul
                0x0000000000001738        0x0 /usr/lib/gcc/avr/5.4.0/avr51/libgcc.a(_exit.o)
 .text.libgcc.div
                0x0000000000001738        0x0 /usr/lib/gcc/avr/5.4.0/avr51/libgcc.a(_exit.o)
 .text.libgcc   0x0000000000001738        0x0 /usr/lib/gcc/avr/5.4.0/avr51/libgcc.a(_exit.o)
 .text.libgcc.prologue
                0x0000000000001738        0x0 /usr/lib/gcc/avr/5.4.0/avr51/libgcc.a(_exit.o)
 .text.libgcc.builtins
                0x0000000000001738        0x0 /usr/lib/gcc/avr/5.4.0/avr51/libgcc.a(_exit.o)
 .text.libgcc.fmul
                0x0000000000001738        0x0 /usr/lib/gcc/avr/5.4.0/avr51/libgcc.a(_exit.o)
 .text.libgcc.fixed
                0x0000000000001738        0x0 /usr/lib/gcc/avr/5.4.0/avr51/libgcc.a(_exit.o)
 .text.libgcc.mul
                0x0000000000001738        0x0 /usr/lib/gcc/avr/5.4.0/avr51/libgcc.a(_copy_data.o)
 .text.libgcc.div
                0x0000000000001738        0x0 /usr/lib/gcc/avr/5.4.0/avr51/libgcc.a(_copy_data.o)
 .text.libgcc   0x0000000000001738        0x0 /usr/lib/gcc/avr/5.4.0/avr51/libgcc.a(_copy_data.o)
 .text.libgcc.prologue
                0x0000000000001738        0x0 /usr/lib/gcc/avr/5.4.0/avr51/libgcc.a(_copy_data.o)
 .text.libgcc.builtins
                0x0000000000001738        0x0 /usr/lib/gcc/avr/5.4.0/avr51/libgcc.a(_copy_data.o)
 .text.libgcc.fmul
                0x0000000000001738        0x0 /usr/lib/gcc/avr/5.4.0/avr51/libgcc.a(_copy_data.o)
 .text.libgcc.fixed
                0x0000000000001738        0x0 /usr/lib/gcc/avr/5.4.0/avr51/libgcc.a(_copy_data.o)
 .text.libgcc.mul
                0x0000000000001738        0x0 /usr/lib/gcc/avr/5.4.0/avr51/libgcc.a(_clear_bss.o)
 .text.libgcc.div
                0x0000000000001738        0x0 /usr/lib/gcc/avr/5.4.0/avr51/libgcc.a(_clear_bss.o)
 .text.libgcc   0x0000000000001738        0x0 /usr/lib/gcc/avr/5.4.0/avr51/libgcc.a(_clear_bss.o)
 .text.libgcc.prologue
                0x0000000000001738        0x0 /usr/lib/gcc/avr/5.4.0/avr51/libgcc.a(_clear_bss.o)
 .text.libgcc.builtins
                0x0000000000001738        0x0 /usr/lib/gcc/avr/5.4.0/avr51/libgcc.a(_clear_bss.o)
 .text.libgcc.fmul
                0x0000000000001738        0x0 /usr/lib/gcc/avr/5.4.0/avr51/libgcc.a(_clear_bss.o)
 .text.libgcc.fixed
                0x0000000000001738        0x0 /usr/lib/gcc/avr/5.4.0/avr51/libgcc.a(_clear_bss.o)
 .text.avr-libc
                0x0000000000001738       0xb4 /usr/lib/gcc/avr/5.4.0/../../../avr/lib/avr51/libc.a(rand.o)
                0x00000000000017ca                rand_r
                0x00000000000017ce                rand
                0x00000000000017d6                srand
 .text.libgcc.mul
                0x00000000000017ec        0x0 /usr/lib/gcc/avr/5.4.0/avr51/libgcc.a(_divmodsi4.o)
 .text.libgcc.div
                0x00000000000017ec       0x2e /usr/lib/gcc/avr/5.4.0/avr51/libgcc.a(_divmodsi4.o)
                0x00000000000017ec                __divmodsi4
 .text.libgcc   0x000000000000181a        0x0 /usr/lib/gcc/avr/5.4.0/avr51/libgcc.a(_divmodsi4.o)
 .text.libgcc.prologue
                0x000000000000181a        0x0 /usr/lib/gcc/avr/5.4.0/avr51/libgcc.a(_divmodsi4.o)
 .text.libgcc.builtins
                0x000000000000181a        0x0 /usr/lib/gcc/avr/5.4.0/avr51/libgcc.a(_divmodsi4.o)
 .text.libgcc.fmul
                0x000000000000181a        0x0 /usr/lib/gcc/avr/5.4.0/avr51/libgcc.a(_divmodsi4.o)
 .text.libgcc.fixed
                0x000000000000181a        0x0 /usr/lib/gcc/avr/5.4.0/avr51/libgcc.a(_divmodsi4.o)
 .text.libgcc.mul
                0x000000000000181a        0x0 /usr/lib/gcc/avr/5.4.0/avr51/libgcc.a(_negsi2.o)
 .text.libgcc.div
                0x000000000000181a       0x10 /usr/lib/gcc/avr/5.4.0/avr51/libgcc.a(_negsi2.o)
                0x000000000000181a                __negsi2
 .text.libgcc   0x000000000000182a        0x0 /usr/lib/gcc/avr/5.4.0/avr51/libgcc.a(_negsi2.o)
 .text.libgcc.prologue
                0x000000000000182a        0x0 /usr/lib/gcc/avr/5.4.0/avr51/libgcc.a(_negsi2.o)
 .text.libgcc.builtins
                0x000000000000182a        0x0 /usr/lib/gcc/avr/5.4.0/avr51/libgcc.a(_negsi2.o)
 .text.libgcc.fmul
                0x000000000000182a        0x0 /usr/lib/gcc/avr/5.4.0/avr51/libgcc.a(_negsi2.o)
 .text.libgcc.fixed
                0x000000000000182a        0x0 /usr/lib/gcc/avr/5.4.0/avr51/libgcc.a(_negsi2.o)
 .text.libgcc.mul
                0x000000000000182a       0x16 /usr/lib/gcc/avr/5.4.0/avr51/libgcc.a(_muluhisi3.o)
                0x000000000000182a                __muluhisi3
 .text.libgcc.div
                0x0000000000001840        0x0 /usr/lib/gcc/avr/5.4.0/avr51/libgcc.a(_muluhisi3.o)
 .text.libgcc   0x0000000000001840        0x0 /usr/lib/gcc/avr/5.4.0/avr51/libgcc.a(_muluhisi3.o)
 .text.libgcc.prologue
                0x0000000000001840        0x0 /usr/lib/gcc/avr/5.4.0/avr51/libgcc.a(_muluhisi3.o)
 .text.libgcc.builtins
                0x0000000000001840        0x0 /usr/lib/gcc/avr/5.4.0/avr51/libgcc.a(_muluhisi3.o)
 .text.libgcc.fmul
                0x0000000000001840        0x0 /usr/lib/gcc/avr/5.4.0/avr51/libgcc.a(_muluhisi3.o)
 .text.libgcc.fixed
                0x0000000000001840        0x0 /usr/lib/gcc/avr/5.4.0/avr51/libgcc.a(_muluhisi3.o)
 .text.libgcc.mul
                0x0000000000001840       0x10 /usr/lib/gcc/avr/5.4.0/avr51/libgcc.a(_mulshisi3.o)
                0x0000000000001840                __mulshisi3
                0x0000000000001846                __mulohisi3
 .text.libgcc.div
                0x0000000000001850        0x0 /usr/lib/gcc/avr/5.4.0/avr51/libgcc.a(_mulshisi3.o)
 .text.libgcc   0x0000000000001850        0x0 /usr/lib/gcc/avr/5.4.0/avr51/libgcc.a(_mulshisi3.o)
 .text.libgcc.prologue
                0x0000000000001850        0x0 /usr/lib/gcc/avr/5.4.0/avr51/libgcc.a(_mulshisi3.o)
 .text.libgcc.builtins
                0x0000000000001850        0x0 /usr/lib/gcc/avr/5.4.0/avr51/libgcc.a(_mulshisi3.o)
 .text.libgcc.fmul
                0x0000000000001850        0x0 /usr/lib/gcc/avr/5.4.0/avr51/libgcc.a(_mulshisi3.o)
 .text.libgcc.fixed
                0x0000000000001850        0x0 /usr/lib/gcc/avr/5.4.0/avr51/libgcc.a(_mulshisi3.o)
 .text.libgcc.mul
                0x0000000000001850        0x0 /usr/lib/gcc/avr/5.4.0/avr51/libgcc.a(_udivmodsi4.o)
 .text.libgcc.div
                0x0000000000001850       0x44 /usr/lib/gcc/avr/5.4.0/avr51/libgcc.a(_udivmodsi4.o)
                0x0000000000001850                __udivmodsi4
 .text.libgcc   0x0000000000001894        0x0 /usr/lib/gcc/avr/5.4.0/avr51/libgcc.a(_udivmodsi4.o)
 .text.libgcc.prologue
                0x0000000000001894        0x0 /usr/lib/gcc/avr/5.4.0/avr51/libgcc.a(_udivmodsi4.o)
 .text.libgcc.builtins
                0x0000000000001894        0x0 /usr/lib/gcc/avr/5.4.0/avr51/libgcc.a(_udivmodsi4.o)
 .text.libgcc.fmul
                0x0000000000001894        0x0 /usr/lib/gcc/avr/5.4.0/avr51/libgcc.a(_udivmodsi4.o)
 .text.libgcc.fixed
                0x0000000000001894        0x0 /usr/lib/gcc/avr/5.4.0/avr51/libgcc.a(_udivmodsi4.o)
 .text.libgcc.mul
                0x0000000000001894       0x1e /usr/lib/gcc/avr/5.4.0/avr51/libgcc.a(_umulhisi3.o)
                0x0000000000001894                __umulhisi3
 .text.libgcc.div
                0x00000000000018b2        0x0 /usr/lib/gcc/avr/5.4.0/avr51/libgcc.a(_umulhisi3.o)
 .text.libgcc   0x00000000000018b2        0x0 /usr/lib/gcc/avr/5.4.0/avr51/libgcc.a(_umulhisi3.o)
 .text.libgcc.prologue
                0x00000000000018b2        0x0 /usr/lib/gcc/avr/5.4.0/avr51/libgcc.a(_umulhisi3.o)
 .text.libgcc.builtins
                0x00000000000018b2        0x0 /usr/lib/gcc/avr/5.4.0/avr51/libgcc.a(_umulhisi3.o)
 .text.libgcc.fmul
                0x00000000000018b2        0x0 /usr/lib/gcc/avr/5.4.0/avr51/libgcc.a(_umulhisi3.o)
 .text.libgcc.fixed
                0x00000000000018b2        0x0 /usr/lib/gcc/avr/5.4.0/avr51/libgcc.a(_umulhisi3.o)
                0x00000000000018b2                . = ALIGN (0x2)
 *(.fini9)
 .fini9         0x00000000000018b2        0x0 /usr/lib/gcc/avr/5.4.0/avr51/libgcc.a(_exit.o)
                0x00000000000018b2                exit
                0x00000000000018b2                _exit
 *(.fini9)
 *(.fini8)
 *(.fini8)
 *(.fini7)
 *(.fini7)
 *(.fini6)
 *(.fini6)
 *(.fini5)
 *(.fini5)
 *(.fini4)
 *(.fini4)
 *(.fini3)
 *(.fini3)
 *(.fini2)
 *(.fini2)
 *(.fini1)
 *(.fini1)
 *(.fini0)
 .fini0         0x00000000000018b2        0x4 /usr/lib/gcc/avr/5.4.0/avr51/libgcc.a(_exit.o)
 *(.fini0)
                0x00000000000018b6                _etext = .

.data           0x0000000000800100      0x252 load address 0x00000000000018b6
                0x0000000000800100                PROVIDE (__data_start, .)
 *(.data)
 .data          0x0000000000800100        0x0 /usr/lib/gcc/avr/5.4.0/../../../avr/lib/avr51/crtatmega128.o
 .data          0x0000000000800100        0x0 ./src/main.o
 .data          0x0000000000800100        0x0 /home/defaultuser/Documents/niboLib/lib/libnibo2.a(display.o)
 .data          0x0000000000800100        0x0 /home/defaultuser/Documents/niboLib/lib/libnibo2.a(delay.o)
 .data          0x0000000000800100        0x0 /home/defaultuser/Documents/niboLib/lib/libnibo2.a(spi.o)
 .data          0x0000000000800100        0x0 /home/defaultuser/Documents/niboLib/lib/libnibo2.a(gfx.o)
 .data          0x0000000000800100        0x0 /home/defaultuser/Documents/niboLib/lib/libnibo2.a(copro.o)
 .data          0x0000000000800100        0x0 /home/defaultuser/Documents/niboLib/lib/libnibo2.a(bot.o)
 .data          0x0000000000800100        0x0 /home/defaultuser/Documents/niboLib/lib/libnibo2.a(leds.o)
 .data          0x0000000000800100        0x0 /home/defaultuser/Documents/niboLib/lib/libnibo2.a(pwm.o)
 .data          0x0000000000800100        0x0 /home/defaultuser/Documents/niboLib/lib/libnibo2.a(adc.o)
 .data          0x0000000000800100        0x0 /usr/lib/gcc/avr/5.4.0/avr51/libgcc.a(_exit.o)
 .data          0x0000000000800100        0x0 /usr/lib/gcc/avr/5.4.0/avr51/libgcc.a(_copy_data.o)
 .data          0x0000000000800100        0x0 /usr/lib/gcc/avr/5.4.0/avr51/libgcc.a(_clear_bss.o)
 .data          0x0000000000800100        0x4 /usr/lib/gcc/avr/5.4.0/../../../avr/lib/avr51/libc.a(rand.o)
 .data          0x0000000000800104        0x0 /usr/lib/gcc/avr/5.4.0/avr51/libgcc.a(_divmodsi4.o)
 .data          0x0000000000800104        0x0 /usr/lib/gcc/avr/5.4.0/avr51/libgcc.a(_negsi2.o)
 .data          0x0000000000800104        0x0 /usr/lib/gcc/avr/5.4.0/avr51/libgcc.a(_muluhisi3.o)
 .data          0x0000000000800104        0x0 /usr/lib/gcc/avr/5.4.0/avr51/libgcc.a(_mulshisi3.o)
 .data          0x0000000000800104        0x0 /usr/lib/gcc/avr/5.4.0/avr51/libgcc.a(_udivmodsi4.o)
 .data          0x0000000000800104        0x0 /usr/lib/gcc/avr/5.4.0/avr51/libgcc.a(_umulhisi3.o)
 *(.data*)
 *(.rodata)
 .rodata        0x0000000000800104        0xd ./src/main.o
 .rodata        0x0000000000800111      0x240 /home/defaultuser/Documents/niboLib/lib/libnibo2.a(gfx.o)
                0x0000000000800111                fontTiles
 *(.rodata*)
 *(.gnu.linkonce.d*)
                0x0000000000800352                . = ALIGN (0x2)
 *fill*         0x0000000000800351        0x1 
                0x0000000000800352                _edata = .
                0x0000000000800352                PROVIDE (__data_end, .)

.bss            0x0000000000800352       0xbe
                0x0000000000800352                PROVIDE (__bss_start, .)
 *(.bss)
 .bss           0x0000000000800352        0x0 /usr/lib/gcc/avr/5.4.0/../../../avr/lib/avr51/crtatmega128.o
 .bss           0x0000000000800352        0x0 ./src/main.o
 .bss           0x0000000000800352        0x0 /home/defaultuser/Documents/niboLib/lib/libnibo2.a(display.o)
 .bss           0x0000000000800352        0x0 /home/defaultuser/Documents/niboLib/lib/libnibo2.a(delay.o)
 .bss           0x0000000000800352        0x0 /home/defaultuser/Documents/niboLib/lib/libnibo2.a(spi.o)
 .bss           0x0000000000800352        0x0 /home/defaultuser/Documents/niboLib/lib/libnibo2.a(gfx.o)
 .bss           0x0000000000800352        0x0 /home/defaultuser/Documents/niboLib/lib/libnibo2.a(copro.o)
 .bss           0x0000000000800352        0x0 /home/defaultuser/Documents/niboLib/lib/libnibo2.a(bot.o)
 .bss           0x0000000000800352        0x0 /home/defaultuser/Documents/niboLib/lib/libnibo2.a(leds.o)
 .bss           0x0000000000800352        0x0 /home/defaultuser/Documents/niboLib/lib/libnibo2.a(pwm.o)
 .bss           0x0000000000800352        0x0 /home/defaultuser/Documents/niboLib/lib/libnibo2.a(adc.o)
 .bss           0x0000000000800352        0x0 /usr/lib/gcc/avr/5.4.0/avr51/libgcc.a(_exit.o)
 .bss           0x0000000000800352        0x0 /usr/lib/gcc/avr/5.4.0/avr51/libgcc.a(_copy_data.o)
 .bss           0x0000000000800352        0x0 /usr/lib/gcc/avr/5.4.0/avr51/libgcc.a(_clear_bss.o)
 .bss           0x0000000000800352        0x0 /usr/lib/gcc/avr/5.4.0/../../../avr/lib/avr51/libc.a(rand.o)
 .bss           0x0000000000800352        0x0 /usr/lib/gcc/avr/5.4.0/avr51/libgcc.a(_divmodsi4.o)
 .bss           0x0000000000800352        0x0 /usr/lib/gcc/avr/5.4.0/avr51/libgcc.a(_negsi2.o)
 .bss           0x0000000000800352        0x0 /usr/lib/gcc/avr/5.4.0/avr51/libgcc.a(_muluhisi3.o)
 .bss           0x0000000000800352        0x0 /usr/lib/gcc/avr/5.4.0/avr51/libgcc.a(_mulshisi3.o)
 .bss           0x0000000000800352        0x0 /usr/lib/gcc/avr/5.4.0/avr51/libgcc.a(_udivmodsi4.o)
 .bss           0x0000000000800352        0x0 /usr/lib/gcc/avr/5.4.0/avr51/libgcc.a(_umulhisi3.o)
 *(.bss*)
 .bss.result    0x0000000000800352        0x2 ./src/main.o
                0x0000000000800352                result
 *(COMMON)
 COMMON         0x0000000000800354        0x1 /home/defaultuser/Documents/niboLib/lib/libnibo2.a(display.o)
                0x0000000000800354                display_type
 COMMON         0x0000000000800355       0x3e /home/defaultuser/Documents/niboLib/lib/libnibo2.a(spi.o)
                0x0000000000800355                spi_tx_buf
                0x0000000000800370                spi_rx_size
                0x0000000000800371                spi_err_cnt
                0x0000000000800372                spi_tx_size
                0x0000000000800373                spi_frame_cnt
                0x0000000000800374                spi_size
                0x0000000000800375                spi_rx_buf
                0x0000000000800390                spi_tx_chk
                0x0000000000800391                spi_pos
                0x0000000000800392                spi_rx_chk
 COMMON         0x0000000000800393        0xe /home/defaultuser/Documents/niboLib/lib/libnibo2.a(gfx.o)
                0x0000000000800393                gfx_dm
                0x0000000000800394                gfx_term_row
                0x0000000000800395                gfx_proportional
                0x0000000000800396                gfx_x
                0x0000000000800397                gfx_tile
                0x000000000080039f                gfx_y
                0x00000000008003a0                gfx_term_col
 COMMON         0x00000000008003a1       0x5d /home/defaultuser/Documents/niboLib/lib/libnibo2.a(copro.o)
                0x00000000008003a1                copro_ticks_offset_r
                0x00000000008003a3                copro_ticks_offset_l
                0x00000000008003a5                copro_current_l
                0x00000000008003a7                copro_commands
                0x00000000008003bc                copro_ticks_l
                0x00000000008003be                copro_rc5_cmd
                0x00000000008003c0                copro_distance
                0x00000000008003ca                copro_pos_x
                0x00000000008003ce                copro_pos_ori
                0x00000000008003d2                copro_speed_r
                0x00000000008003d4                copro_ticks_r
                0x00000000008003d6                copro_pos_y
                0x00000000008003da                copro_ir_mode
                0x00000000008003db                copro_rc5_count
                0x00000000008003dc                copro_current_r
                0x00000000008003de                copro_buffer
                0x00000000008003f9                copro_target_distance
                0x00000000008003fb                copro_seq
                0x00000000008003fc                copro_speed_l
 COMMON         0x00000000008003fe        0x2 /home/defaultuser/Documents/niboLib/lib/libnibo2.a(bot.o)
                0x00000000008003fe                bot_supply
 COMMON         0x0000000000800400        0xe /home/defaultuser/Documents/niboLib/lib/libnibo2.a(pwm.o)
                0x0000000000800400                pwm_channel_A
                0x0000000000800402                pwm_channel_B
                0x0000000000800404                pwm_timer_ms
                0x0000000000800406                pwm_channel_C
                0x0000000000800408                pwm_timer_sub
                0x000000000080040a                pwm_timer_sec
 COMMON         0x000000000080040e        0x2 /home/defaultuser/Documents/niboLib/lib/libnibo2.a(adc.o)
                0x000000000080040e                adc_random_seed
                0x0000000000800410                PROVIDE (__bss_end, .)
                0x00000000000018b6                __data_load_start = LOADADDR (.data)
                0x0000000000001b08                __data_load_end = (__data_load_start + SIZEOF (.data))

.noinit         0x0000000000800410        0x0
                [!provide]                        PROVIDE (__noinit_start, .)
 *(.noinit*)
                [!provide]                        PROVIDE (__noinit_end, .)
                0x0000000000800410                _end = .
                [!provide]                        PROVIDE (__heap_start, .)

.eeprom         0x0000000000810000        0x0
 *(.eeprom*)
                0x0000000000810000                __eeprom_end = .

.fuse
 *(.fuse)
 *(.lfuse)
 *(.hfuse)
 *(.efuse)

.lock
 *(.lock*)

.signature
 *(.signature*)

.user_signatures
 *(.user_signatures*)

.stab           0x0000000000000000      0x870
 *(.stab)
 .stab          0x0000000000000000      0x870 ./src/main.o

.stabstr        0x0000000000000000      0xfbb
 *(.stabstr)
 .stabstr       0x0000000000000000      0xfbb ./src/main.o

.stab.excl
 *(.stab.excl)

.stab.exclstr
 *(.stab.exclstr)

.stab.index
 *(.stab.index)

.stab.indexstr
 *(.stab.indexstr)

.comment        0x0000000000000000       0x11
 *(.comment)
 .comment       0x0000000000000000       0x11 ./src/main.o
                                         0x12 (size before relaxing)
 .comment       0x0000000000000011       0x12 /home/defaultuser/Documents/niboLib/lib/libnibo2.a(display.o)
 .comment       0x0000000000000011       0x12 /home/defaultuser/Documents/niboLib/lib/libnibo2.a(delay.o)
 .comment       0x0000000000000011       0x12 /home/defaultuser/Documents/niboLib/lib/libnibo2.a(spi.o)
 .comment       0x0000000000000011       0x12 /home/defaultuser/Documents/niboLib/lib/libnibo2.a(gfx.o)
 .comment       0x0000000000000011       0x12 /home/defaultuser/Documents/niboLib/lib/libnibo2.a(copro.o)
 .comment       0x0000000000000011       0x12 /home/defaultuser/Documents/niboLib/lib/libnibo2.a(bot.o)
 .comment       0x0000000000000011       0x12 /home/defaultuser/Documents/niboLib/lib/libnibo2.a(leds.o)
 .comment       0x0000000000000011       0x12 /home/defaultuser/Documents/niboLib/lib/libnibo2.a(pwm.o)
 .comment       0x0000000000000011       0x12 /home/defaultuser/Documents/niboLib/lib/libnibo2.a(adc.o)
 .comment       0x0000000000000011       0x12 /usr/lib/gcc/avr/5.4.0/../../../avr/lib/avr51/libc.a(rand.o)

.note.gnu.avr.deviceinfo
                0x0000000000000000       0x3c
 .note.gnu.avr.deviceinfo
                0x0000000000000000       0x3c /usr/lib/gcc/avr/5.4.0/../../../avr/lib/avr51/crtatmega128.o

.note.gnu.build-id
 *(.note.gnu.build-id)

.debug
 *(.debug)

.line
 *(.line)

.debug_srcinfo
 *(.debug_srcinfo)

.debug_sfnames
 *(.debug_sfnames)

.debug_aranges
 *(.debug_aranges)

.debug_pubnames
 *(.debug_pubnames)

.debug_info     0x0000000000000000      0x780
 *(.debug_info .gnu.linkonce.wi.*)
 .debug_info    0x0000000000000000      0x780 /usr/lib/gcc/avr/5.4.0/../../../avr/lib/avr51/crtatmega128.o

.debug_abbrev   0x0000000000000000      0x718
 *(.debug_abbrev)
 .debug_abbrev  0x0000000000000000      0x718 /usr/lib/gcc/avr/5.4.0/../../../avr/lib/avr51/crtatmega128.o

.debug_line     0x0000000000000000       0x1a
 *(.debug_line .debug_line.* .debug_line_end)
 .debug_line    0x0000000000000000       0x1a /usr/lib/gcc/avr/5.4.0/../../../avr/lib/avr51/crtatmega128.o

.debug_frame
 *(.debug_frame)

.debug_str      0x0000000000000000      0x27d
 *(.debug_str)
 .debug_str     0x0000000000000000      0x27d /usr/lib/gcc/avr/5.4.0/../../../avr/lib/avr51/crtatmega128.o

.debug_loc
 *(.debug_loc)

.debug_macinfo
 *(.debug_macinfo)

.debug_weaknames
 *(.debug_weaknames)

.debug_funcnames
 *(.debug_funcnames)

.debug_typenames
 *(.debug_typenames)

.debug_varnames
 *(.debug_varnames)

.debug_pubtypes
 *(.debug_pubtypes)

.debug_ranges
 *(.debug_ranges)

.debug_macro
 *(.debug_macro)
OUTPUT(Tunnel.elf elf32-avr)
LOAD linker stubs
