Archive member included to satisfy reference by file (symbol)

/home/defaultuser/Documents/niboLib/lib/libnibo2.a(delay.o)
                              ./src/Nibahn.o (delay)
/home/defaultuser/Documents/niboLib/lib/libnibo2.a(spi.o)
                              ./src/Nibahn.o (spi_init)
/home/defaultuser/Documents/niboLib/lib/libnibo2.a(copro.o)
                              /home/defaultuser/Documents/niboLib/lib/libnibo2.a(spi.o) (spi_finished_callback)
/home/defaultuser/Documents/niboLib/lib/libnibo2.a(floor.o)
                              ./src/Nibahn.o (floor_relative)
/home/defaultuser/Documents/niboLib/lib/libnibo2.a(bot.o)
                              ./src/Nibahn.o (bot_init)
/home/defaultuser/Documents/niboLib/lib/libnibo2.a(leds.o)
                              ./src/Nibahn.o (leds_init)
/home/defaultuser/Documents/niboLib/lib/libnibo2.a(pwm.o)
                              /home/defaultuser/Documents/niboLib/lib/libnibo2.a(leds.o) (pwm_channel_A)
/home/defaultuser/Documents/niboLib/lib/libnibo2.a(adc.o)
                              /home/defaultuser/Documents/niboLib/lib/libnibo2.a(floor.o) (adc_init)
/home/defaultuser/Documents/niboLib/lib/libuart-0.a(uart0.o)
                              ./src/xBee.o (uart0_set_baudrate)
/usr/lib/gcc/avr/5.4.0/avr51/libgcc.a(_udivmodsi4.o)
                              /home/defaultuser/Documents/niboLib/lib/libnibo2.a(floor.o) (__udivmodsi4)
/usr/lib/gcc/avr/5.4.0/avr51/libgcc.a(_exit.o)
                              /usr/lib/gcc/avr/5.4.0/../../../avr/lib/avr51/crtatmega128.o (exit)
/usr/lib/gcc/avr/5.4.0/avr51/libgcc.a(_copy_data.o)
                              /home/defaultuser/Documents/niboLib/lib/libuart-0.a(uart0.o) (__do_copy_data)
/usr/lib/gcc/avr/5.4.0/avr51/libgcc.a(_clear_bss.o)
                              /home/defaultuser/Documents/niboLib/lib/libnibo2.a(spi.o) (__do_clear_bss)
/usr/lib/gcc/avr/5.4.0/avr51/libgcc.a(_umulhisi3.o)
                              /home/defaultuser/Documents/niboLib/lib/libnibo2.a(floor.o) (__umulhisi3)
/usr/lib/gcc/avr/5.4.0/../../../avr/lib/avr51/libatmega128.a(eerd_block.o)
                              /home/defaultuser/Documents/niboLib/lib/libnibo2.a(floor.o) (eeprom_read_block)
/usr/lib/gcc/avr/5.4.0/../../../avr/lib/avr51/libatmega128.a(eewr_block.o)
                              /home/defaultuser/Documents/niboLib/lib/libnibo2.a(floor.o) (eeprom_write_block)
/usr/lib/gcc/avr/5.4.0/../../../avr/lib/avr51/libatmega128.a(eewr_byte.o)
                              /usr/lib/gcc/avr/5.4.0/../../../avr/lib/avr51/libatmega128.a(eewr_block.o) (eeprom_write_r18)

Allocating common symbols
Common symbol       size              file

copro_ticks_offset_r
                    0x2               /home/defaultuser/Documents/niboLib/lib/libnibo2.a(copro.o)
copro_ticks_offset_l
                    0x2               /home/defaultuser/Documents/niboLib/lib/libnibo2.a(copro.o)
copro_current_l     0x2               /home/defaultuser/Documents/niboLib/lib/libnibo2.a(copro.o)
adc_random_seed     0x2               /home/defaultuser/Documents/niboLib/lib/libnibo2.a(adc.o)
spi_tx_buf          0x1b              /home/defaultuser/Documents/niboLib/lib/libnibo2.a(spi.o)
copro_commands      0x15              /home/defaultuser/Documents/niboLib/lib/libnibo2.a(copro.o)
spi_rx_size         0x1               /home/defaultuser/Documents/niboLib/lib/libnibo2.a(spi.o)
copro_ticks_l       0x2               /home/defaultuser/Documents/niboLib/lib/libnibo2.a(copro.o)
copro_rc5_cmd       0x2               /home/defaultuser/Documents/niboLib/lib/libnibo2.a(copro.o)
pwm_channel_A       0x2               /home/defaultuser/Documents/niboLib/lib/libnibo2.a(pwm.o)
copro_distance      0xa               /home/defaultuser/Documents/niboLib/lib/libnibo2.a(copro.o)
line_cal            0x10              /home/defaultuser/Documents/niboLib/lib/libnibo2.a(floor.o)
spi_err_cnt         0x1               /home/defaultuser/Documents/niboLib/lib/libnibo2.a(spi.o)
copro_pos_x         0x4               /home/defaultuser/Documents/niboLib/lib/libnibo2.a(copro.o)
copro_pos_ori       0x4               /home/defaultuser/Documents/niboLib/lib/libnibo2.a(copro.o)
copro_speed_r       0x2               /home/defaultuser/Documents/niboLib/lib/libnibo2.a(copro.o)
floor_relative      0x8               /home/defaultuser/Documents/niboLib/lib/libnibo2.a(floor.o)
pwm_channel_B       0x2               /home/defaultuser/Documents/niboLib/lib/libnibo2.a(pwm.o)
pwm_timer_ms        0x2               /home/defaultuser/Documents/niboLib/lib/libnibo2.a(pwm.o)
spi_tx_size         0x1               /home/defaultuser/Documents/niboLib/lib/libnibo2.a(spi.o)
copro_ticks_r       0x2               /home/defaultuser/Documents/niboLib/lib/libnibo2.a(copro.o)
uart0_txbuf_begin   0x1               /home/defaultuser/Documents/niboLib/lib/libuart-0.a(uart0.o)
copro_pos_y         0x4               /home/defaultuser/Documents/niboLib/lib/libnibo2.a(copro.o)
bot_supply          0x2               /home/defaultuser/Documents/niboLib/lib/libnibo2.a(bot.o)
spi_frame_cnt       0x1               /home/defaultuser/Documents/niboLib/lib/libnibo2.a(spi.o)
copro_ir_mode       0x1               /home/defaultuser/Documents/niboLib/lib/libnibo2.a(copro.o)
spi_size            0x1               /home/defaultuser/Documents/niboLib/lib/libnibo2.a(spi.o)
copro_rc5_count     0x1               /home/defaultuser/Documents/niboLib/lib/libnibo2.a(copro.o)
uart0_rxbuf         0x8               /home/defaultuser/Documents/niboLib/lib/libuart-0.a(uart0.o)
uart0_txbuf         0x8               /home/defaultuser/Documents/niboLib/lib/libuart-0.a(uart0.o)
copro_current_r     0x2               /home/defaultuser/Documents/niboLib/lib/libnibo2.a(copro.o)
copro_buffer        0x1b              /home/defaultuser/Documents/niboLib/lib/libnibo2.a(copro.o)
spi_rx_buf          0x1b              /home/defaultuser/Documents/niboLib/lib/libnibo2.a(spi.o)
uart0_rxbuf_begin   0x1               /home/defaultuser/Documents/niboLib/lib/libuart-0.a(uart0.o)
pwm_channel_C       0x2               /home/defaultuser/Documents/niboLib/lib/libnibo2.a(pwm.o)
spi_tx_chk          0x1               /home/defaultuser/Documents/niboLib/lib/libnibo2.a(spi.o)
uart0_rxbuf_end     0x1               /home/defaultuser/Documents/niboLib/lib/libuart-0.a(uart0.o)
pwm_timer_sub       0x2               /home/defaultuser/Documents/niboLib/lib/libnibo2.a(pwm.o)
floor_absolute      0x8               /home/defaultuser/Documents/niboLib/lib/libnibo2.a(floor.o)
pwm_timer_sec       0x4               /home/defaultuser/Documents/niboLib/lib/libnibo2.a(pwm.o)
spi_pos             0x1               /home/defaultuser/Documents/niboLib/lib/libnibo2.a(spi.o)
uart0_txbuf_end     0x1               /home/defaultuser/Documents/niboLib/lib/libuart-0.a(uart0.o)
copro_target_distance
                    0x2               /home/defaultuser/Documents/niboLib/lib/libnibo2.a(copro.o)
spi_rx_chk          0x1               /home/defaultuser/Documents/niboLib/lib/libnibo2.a(spi.o)
copro_seq           0x1               /home/defaultuser/Documents/niboLib/lib/libnibo2.a(copro.o)
copro_speed_l       0x2               /home/defaultuser/Documents/niboLib/lib/libnibo2.a(copro.o)

Memory Configuration

Name             Origin             Length             Attributes
text             0x0000000000000000 0x0000000000020000 xr
data             0x0000000000800100 0x000000000000ff00 rw !x
eeprom           0x0000000000810000 0x0000000000010000 rw !x
fuse             0x0000000000820000 0x0000000000000003 rw !x
lock             0x0000000000830000 0x0000000000000400 rw !x
signature        0x0000000000840000 0x0000000000000400 rw !x
user_signatures  0x0000000000850000 0x0000000000000400 rw !x
*default*        0x0000000000000000 0xffffffffffffffff

Linker script and memory map

Address of section .data set to 0x800100
LOAD /usr/lib/gcc/avr/5.4.0/../../../avr/lib/avr51/crtatmega128.o
LOAD ./src/Nibahn.o
LOAD ./src/Nibo_actions.o
LOAD ./src/protokoll.o
LOAD ./src/xBee.o
LOAD /home/defaultuser/Documents/niboLib/lib/libnds3.a
LOAD /home/defaultuser/Documents/niboLib/lib/libnibo2.a
LOAD /usr/lib/gcc/avr/5.4.0/../../../avr/lib/avr51/libprintf_flt.a
LOAD /usr/lib/gcc/avr/5.4.0/../../../avr/lib/avr51/libm.a
LOAD /home/defaultuser/Documents/niboLib/lib/libuart-0.a
START GROUP
LOAD /usr/lib/gcc/avr/5.4.0/avr51/libgcc.a
LOAD /usr/lib/gcc/avr/5.4.0/../../../avr/lib/avr51/libm.a
LOAD /usr/lib/gcc/avr/5.4.0/../../../avr/lib/avr51/libc.a
LOAD /usr/lib/gcc/avr/5.4.0/../../../avr/lib/avr51/libatmega128.a
END GROUP
                0x0000000000020000                __TEXT_REGION_LENGTH__ = DEFINED (__TEXT_REGION_LENGTH__)?__TEXT_REGION_LENGTH__:0x20000
                0x000000000000ff00                __DATA_REGION_LENGTH__ = DEFINED (__DATA_REGION_LENGTH__)?__DATA_REGION_LENGTH__:0xff00
                0x0000000000010000                __EEPROM_REGION_LENGTH__ = DEFINED (__EEPROM_REGION_LENGTH__)?__EEPROM_REGION_LENGTH__:0x10000
                [0x0000000000000003]                __FUSE_REGION_LENGTH__ = DEFINED (__FUSE_REGION_LENGTH__)?__FUSE_REGION_LENGTH__:0x400
                0x0000000000000400                __LOCK_REGION_LENGTH__ = DEFINED (__LOCK_REGION_LENGTH__)?__LOCK_REGION_LENGTH__:0x400
                0x0000000000000400                __SIGNATURE_REGION_LENGTH__ = DEFINED (__SIGNATURE_REGION_LENGTH__)?__SIGNATURE_REGION_LENGTH__:0x400
                0x0000000000000400                __USER_SIGNATURE_REGION_LENGTH__ = DEFINED (__USER_SIGNATURE_REGION_LENGTH__)?__USER_SIGNATURE_REGION_LENGTH__:0x400

.hash
 *(.hash)

.dynsym
 *(.dynsym)

.dynstr
 *(.dynstr)

.gnu.version
 *(.gnu.version)

.gnu.version_d
 *(.gnu.version_d)

.gnu.version_r
 *(.gnu.version_r)

.rel.init
 *(.rel.init)

.rela.init
 *(.rela.init)

.rel.text
 *(.rel.text)
 *(.rel.text.*)
 *(.rel.gnu.linkonce.t*)

.rela.text
 *(.rela.text)
 *(.rela.text.*)
 *(.rela.gnu.linkonce.t*)

.rel.fini
 *(.rel.fini)

.rela.fini
 *(.rela.fini)

.rel.rodata
 *(.rel.rodata)
 *(.rel.rodata.*)
 *(.rel.gnu.linkonce.r*)

.rela.rodata
 *(.rela.rodata)
 *(.rela.rodata.*)
 *(.rela.gnu.linkonce.r*)

.rel.data
 *(.rel.data)
 *(.rel.data.*)
 *(.rel.gnu.linkonce.d*)

.rela.data
 *(.rela.data)
 *(.rela.data.*)
 *(.rela.gnu.linkonce.d*)

.rel.ctors
 *(.rel.ctors)

.rela.ctors
 *(.rela.ctors)

.rel.dtors
 *(.rel.dtors)

.rela.dtors
 *(.rela.dtors)

.rel.got
 *(.rel.got)

.rela.got
 *(.rela.got)

.rel.bss
 *(.rel.bss)

.rela.bss
 *(.rela.bss)

.rel.plt
 *(.rel.plt)

.rela.plt
 *(.rela.plt)

.text           0x0000000000000000     0x1798
 *(.vectors)
 .vectors       0x0000000000000000       0x8c /usr/lib/gcc/avr/5.4.0/../../../avr/lib/avr51/crtatmega128.o
                0x0000000000000000                __vectors
                0x0000000000000000                __vector_default
 *(.vectors)
 *(.progmem.gcc*)
                0x000000000000008c                . = ALIGN (0x2)
                0x000000000000008c                __trampolines_start = .
 *(.trampolines)
 .trampolines   0x000000000000008c        0x0 linker stubs
 *(.trampolines*)
                0x000000000000008c                __trampolines_end = .
 *libprintf_flt.a:*(.progmem.data)
 *libc.a:*(.progmem.data)
 *(.progmem*)
 .progmem.data  0x000000000000008c        0x6 /home/defaultuser/Documents/niboLib/lib/libnibo2.a(bot.o)
                0x000000000000008c                bot_lib_version
                0x0000000000000091                bot_lib_revision
                0x0000000000000092                . = ALIGN (0x2)
 *(.jumptables)
 *(.jumptables*)
 *(.lowtext)
 *(.lowtext*)
                0x0000000000000092                __ctors_start = .
 *(.ctors)
                0x0000000000000092                __ctors_end = .
                0x0000000000000092                __dtors_start = .
 *(.dtors)
                0x0000000000000092                __dtors_end = .
 SORT(*)(.ctors)
 SORT(*)(.dtors)
 *(.init0)
 .init0         0x0000000000000092        0x0 /usr/lib/gcc/avr/5.4.0/../../../avr/lib/avr51/crtatmega128.o
                0x0000000000000092                __init
 *(.init0)
 *(.init1)
 *(.init1)
 *(.init2)
 .init2         0x0000000000000092        0xc /usr/lib/gcc/avr/5.4.0/../../../avr/lib/avr51/crtatmega128.o
 *(.init2)
 *(.init3)
 *(.init3)
 *(.init4)
 .init4         0x000000000000009e       0x1a /usr/lib/gcc/avr/5.4.0/avr51/libgcc.a(_copy_data.o)
                0x000000000000009e                __do_copy_data
 .init4         0x00000000000000b8       0x10 /usr/lib/gcc/avr/5.4.0/avr51/libgcc.a(_clear_bss.o)
                0x00000000000000b8                __do_clear_bss
 *(.init4)
 *(.init5)
 *(.init5)
 *(.init6)
 *(.init6)
 *(.init7)
 *(.init7)
 *(.init8)
 *(.init8)
 *(.init9)
 .init9         0x00000000000000c8        0x8 /usr/lib/gcc/avr/5.4.0/../../../avr/lib/avr51/crtatmega128.o
 *(.init9)
 *(.text)
 .text          0x00000000000000d0        0x4 /usr/lib/gcc/avr/5.4.0/../../../avr/lib/avr51/crtatmega128.o
                0x00000000000000d0                __vector_22
                0x00000000000000d0                __vector_28
                0x00000000000000d0                __vector_1
                0x00000000000000d0                __vector_32
                0x00000000000000d0                __vector_34
                0x00000000000000d0                __vector_24
                0x00000000000000d0                __vector_12
                0x00000000000000d0                __bad_interrupt
                0x00000000000000d0                __vector_6
                0x00000000000000d0                __vector_31
                0x00000000000000d0                __vector_3
                0x00000000000000d0                __vector_23
                0x00000000000000d0                __vector_30
                0x00000000000000d0                __vector_25
                0x00000000000000d0                __vector_11
                0x00000000000000d0                __vector_13
                0x00000000000000d0                __vector_7
                0x00000000000000d0                __vector_27
                0x00000000000000d0                __vector_5
                0x00000000000000d0                __vector_33
                0x00000000000000d0                __vector_4
                0x00000000000000d0                __vector_9
                0x00000000000000d0                __vector_2
                0x00000000000000d0                __vector_21
                0x00000000000000d0                __vector_15
                0x00000000000000d0                __vector_29
                0x00000000000000d0                __vector_8
                0x00000000000000d0                __vector_26
                0x00000000000000d0                __vector_10
                0x00000000000000d0                __vector_16
                0x00000000000000d0                __vector_20
 .text          0x00000000000000d4        0x0 ./src/Nibahn.o
 .text          0x00000000000000d4        0x0 ./src/Nibo_actions.o
 .text          0x00000000000000d4        0x0 ./src/protokoll.o
 .text          0x00000000000000d4        0x0 ./src/xBee.o
 .text          0x00000000000000d4        0x0 /home/defaultuser/Documents/niboLib/lib/libnibo2.a(delay.o)
 .text          0x00000000000000d4        0x0 /home/defaultuser/Documents/niboLib/lib/libnibo2.a(spi.o)
 .text          0x00000000000000d4        0x0 /home/defaultuser/Documents/niboLib/lib/libnibo2.a(copro.o)
 .text          0x00000000000000d4        0x0 /home/defaultuser/Documents/niboLib/lib/libnibo2.a(floor.o)
 .text          0x00000000000000d4        0x0 /home/defaultuser/Documents/niboLib/lib/libnibo2.a(bot.o)
 .text          0x00000000000000d4        0x0 /home/defaultuser/Documents/niboLib/lib/libnibo2.a(leds.o)
 .text          0x00000000000000d4        0x0 /home/defaultuser/Documents/niboLib/lib/libnibo2.a(pwm.o)
 .text          0x00000000000000d4        0x0 /home/defaultuser/Documents/niboLib/lib/libnibo2.a(adc.o)
 .text          0x00000000000000d4        0x0 /home/defaultuser/Documents/niboLib/lib/libuart-0.a(uart0.o)
 .text          0x00000000000000d4        0x0 /usr/lib/gcc/avr/5.4.0/avr51/libgcc.a(_udivmodsi4.o)
 .text          0x00000000000000d4        0x0 /usr/lib/gcc/avr/5.4.0/avr51/libgcc.a(_exit.o)
 .text          0x00000000000000d4        0x0 /usr/lib/gcc/avr/5.4.0/avr51/libgcc.a(_copy_data.o)
 .text          0x00000000000000d4        0x0 /usr/lib/gcc/avr/5.4.0/avr51/libgcc.a(_clear_bss.o)
 .text          0x00000000000000d4        0x0 /usr/lib/gcc/avr/5.4.0/avr51/libgcc.a(_umulhisi3.o)
 .text          0x00000000000000d4        0x0 /usr/lib/gcc/avr/5.4.0/../../../avr/lib/avr51/libatmega128.a(eerd_block.o)
 .text          0x00000000000000d4        0x0 /usr/lib/gcc/avr/5.4.0/../../../avr/lib/avr51/libatmega128.a(eewr_block.o)
 .text          0x00000000000000d4        0x0 /usr/lib/gcc/avr/5.4.0/../../../avr/lib/avr51/libatmega128.a(eewr_byte.o)
                0x00000000000000d4                . = ALIGN (0x2)
 *(.text.*)
 .text.main     0x00000000000000d4      0x3dc ./src/Nibahn.o
                0x00000000000000d4                main
 .text.Speedup  0x00000000000004b0       0x32 ./src/Nibo_actions.o
                0x00000000000004b0                Speedup
 .text.Slowdown
                0x00000000000004e2       0x34 ./src/Nibo_actions.o
                0x00000000000004e2                Slowdown
 .text.Reelection_forced
                0x0000000000000516       0x54 ./src/Nibo_actions.o
                0x0000000000000516                Reelection_forced
 .text.Reelection_turn
                0x000000000000056a       0x54 ./src/Nibo_actions.o
                0x000000000000056a                Reelection_turn
 .text.Directionchange_right
                0x00000000000005be       0x28 ./src/Nibo_actions.o
                0x00000000000005be                Directionchange_right
 .text.Directionchange_left
                0x00000000000005e6       0x28 ./src/Nibo_actions.o
                0x00000000000005e6                Directionchange_left
 .text.Turn_left
                0x000000000000060e       0x28 ./src/Nibo_actions.o
                0x000000000000060e                Turn_left
 .text.Turn_right
                0x0000000000000636       0x28 ./src/Nibo_actions.o
                0x0000000000000636                Turn_right
 .text.buildSendData
                0x000000000000065e       0x4c ./src/protokoll.o
                0x000000000000065e                buildSendData
 .text.sendDataGetReciver
                0x00000000000006aa       0x22 ./src/protokoll.o
                0x00000000000006aa                sendDataGetReciver
 .text.sendDataGetSender
                0x00000000000006cc       0x2a ./src/protokoll.o
                0x00000000000006cc                sendDataGetSender
 .text.sendDataGetData
                0x00000000000006f6       0x1c ./src/protokoll.o
                0x00000000000006f6                sendDataGetData
 .text.sendDataGetFunctionSet
                0x0000000000000712       0x24 ./src/protokoll.o
                0x0000000000000712                sendDataGetFunctionSet
 .text.sendDataGetFunction
                0x0000000000000736       0x1c ./src/protokoll.o
                0x0000000000000736                sendDataGetFunction
 .text.uart0_rxempty
                0x0000000000000752       0x1e ./src/xBee.o
 .text.uart0_txfull
                0x0000000000000770       0x1a ./src/xBee.o
 .text.initUART0
                0x000000000000078a       0x1c ./src/xBee.o
                0x000000000000078a                initUART0
 .text.xBee_init
                0x00000000000007a6       0x26 ./src/xBee.o
                0x00000000000007a6                xBee_init
 .text.xBee_sendByte
                0x00000000000007cc       0x1c ./src/xBee.o
                0x00000000000007cc                xBee_sendByte
 .text.xBee_readyToSend
                0x00000000000007e8       0x1c ./src/xBee.o
                0x00000000000007e8                xBee_readyToSend
 .text.xBee_receivedData
                0x0000000000000804       0x1c ./src/xBee.o
                0x0000000000000804                xBee_receivedData
 .text.xBee_readByte
                0x0000000000000820       0x12 ./src/xBee.o
                0x0000000000000820                xBee_readByte
 .text.delay    0x0000000000000832       0x16 /home/defaultuser/Documents/niboLib/lib/libnibo2.a(delay.o)
                0x0000000000000832                delay
 .text.spi_tx   0x0000000000000848        0xe /home/defaultuser/Documents/niboLib/lib/libnibo2.a(spi.o)
 .text.spi_restart_transmission
                0x0000000000000856       0x36 /home/defaultuser/Documents/niboLib/lib/libnibo2.a(spi.o)
                0x0000000000000856                spi_restart_transmission
 .text.spi_init
                0x000000000000088c        0xe /home/defaultuser/Documents/niboLib/lib/libnibo2.a(spi.o)
                0x000000000000088c                spi_init
 .text.__vector_17
                0x000000000000089a      0x11a /home/defaultuser/Documents/niboLib/lib/libnibo2.a(spi.o)
                0x000000000000089a                __vector_17
 .text.wait_copro
                0x00000000000009b4       0x28 /home/defaultuser/Documents/niboLib/lib/libnibo2.a(copro.o)
 .text.spi_finished_callback
                0x00000000000009dc       0xa8 /home/defaultuser/Documents/niboLib/lib/libnibo2.a(copro.o)
                0x00000000000009dc                spi_finished_callback
 .text._copro_check_busy
                0x0000000000000a84       0x1a /home/defaultuser/Documents/niboLib/lib/libnibo2.a(copro.o)
                0x0000000000000a84                _copro_check_busy
 .text.copro_update
                0x0000000000000a9e      0x154 /home/defaultuser/Documents/niboLib/lib/libnibo2.a(copro.o)
                0x0000000000000a9e                copro_update
 .text.copro_stop
                0x0000000000000bf2        0xc /home/defaultuser/Documents/niboLib/lib/libnibo2.a(copro.o)
                0x0000000000000bf2                copro_stop
 .text.copro_stopImmediate
                0x0000000000000bfe        0xe /home/defaultuser/Documents/niboLib/lib/libnibo2.a(copro.o)
                0x0000000000000bfe                copro_stopImmediate
 .text.copro_setPWM
                0x0000000000000c0c       0x18 /home/defaultuser/Documents/niboLib/lib/libnibo2.a(copro.o)
                0x0000000000000c0c                copro_setPWM
 .text.copro_setSpeed
                0x0000000000000c24       0x18 /home/defaultuser/Documents/niboLib/lib/libnibo2.a(copro.o)
                0x0000000000000c24                copro_setSpeed
 .text.copro_setTargetAbs
                0x0000000000000c3c       0x34 /home/defaultuser/Documents/niboLib/lib/libnibo2.a(copro.o)
                0x0000000000000c3c                copro_setTargetAbs
 .text.copro_setTargetRel
                0x0000000000000c70       0x1c /home/defaultuser/Documents/niboLib/lib/libnibo2.a(copro.o)
                0x0000000000000c70                copro_setTargetRel
 .text.copro_setSpeedParameters
                0x0000000000000c8c       0x2e /home/defaultuser/Documents/niboLib/lib/libnibo2.a(copro.o)
                0x0000000000000c8c                copro_setSpeedParameters
 .text.copro_setPositionParameters
                0x0000000000000cba        0x4 /home/defaultuser/Documents/niboLib/lib/libnibo2.a(copro.o)
                0x0000000000000cba                copro_setPositionParameters
 .text.copro_resetOdometry
                0x0000000000000cbe       0x54 /home/defaultuser/Documents/niboLib/lib/libnibo2.a(copro.o)
                0x0000000000000cbe                copro_resetOdometry
 .text.copro_ir_stop
                0x0000000000000d12       0x14 /home/defaultuser/Documents/niboLib/lib/libnibo2.a(copro.o)
                0x0000000000000d12                copro_ir_stop
 .text.copro_ir_startMeasure
                0x0000000000000d26       0x14 /home/defaultuser/Documents/niboLib/lib/libnibo2.a(copro.o)
                0x0000000000000d26                copro_ir_startMeasure
 .text.copro_transmitRC5
                0x0000000000000d3a       0x26 /home/defaultuser/Documents/niboLib/lib/libnibo2.a(copro.o)
                0x0000000000000d3a                copro_transmitRC5
 .text.floor_calibrateUpdate
                0x0000000000000d60       0xac /home/defaultuser/Documents/niboLib/lib/libnibo2.a(floor.o)
 .text.floor_measure
                0x0000000000000e0c       0xb0 /home/defaultuser/Documents/niboLib/lib/libnibo2.a(floor.o)
 .text.floor_measure_diff
                0x0000000000000ebc       0xfe /home/defaultuser/Documents/niboLib/lib/libnibo2.a(floor.o)
 .text.floor_update
                0x0000000000000fba      0x152 /home/defaultuser/Documents/niboLib/lib/libnibo2.a(floor.o)
                0x0000000000000fba                floor_update
 .text.floor_calibrateBlack
                0x000000000000110c       0xa2 /home/defaultuser/Documents/niboLib/lib/libnibo2.a(floor.o)
                0x000000000000110c                floor_calibrateBlack
 .text.floor_calibrateWhite
                0x00000000000011ae       0xa2 /home/defaultuser/Documents/niboLib/lib/libnibo2.a(floor.o)
                0x00000000000011ae                floor_calibrateWhite
 .text.floor_readPersistent
                0x0000000000001250       0x64 /home/defaultuser/Documents/niboLib/lib/libnibo2.a(floor.o)
                0x0000000000001250                floor_readPersistent
 .text.floor_init
                0x00000000000012b4       0x30 /home/defaultuser/Documents/niboLib/lib/libnibo2.a(floor.o)
                0x00000000000012b4                floor_init
 .text.floor_writePersistent
                0x00000000000012e4       0x10 /home/defaultuser/Documents/niboLib/lib/libnibo2.a(floor.o)
                0x00000000000012e4                floor_writePersistent
 .text.bot_init
                0x00000000000012f4       0x16 /home/defaultuser/Documents/niboLib/lib/libnibo2.a(bot.o)
                0x00000000000012f4                bot_init
 .text.bot_update
                0x000000000000130a       0x10 /home/defaultuser/Documents/niboLib/lib/libnibo2.a(bot.o)
                0x000000000000130a                bot_update
 .text.leds_init
                0x000000000000131a       0x10 /home/defaultuser/Documents/niboLib/lib/libnibo2.a(leds.o)
                0x000000000000131a                leds_init
 .text.leds_set_status
                0x000000000000132a       0x48 /home/defaultuser/Documents/niboLib/lib/libnibo2.a(leds.o)
                0x000000000000132a                leds_set_status
 .text.leds_set_status_intensity
                0x0000000000001372        0xa /home/defaultuser/Documents/niboLib/lib/libnibo2.a(leds.o)
                0x0000000000001372                leds_set_status_intensity
 .text.leds_get_status_intensity
                0x000000000000137c        0xa /home/defaultuser/Documents/niboLib/lib/libnibo2.a(leds.o)
                0x000000000000137c                leds_get_status_intensity
 .text.leds_set_headlights
                0x0000000000001386        0xa /home/defaultuser/Documents/niboLib/lib/libnibo2.a(leds.o)
                0x0000000000001386                leds_set_headlights
 .text.leds_get_headlights
                0x0000000000001390        0xa /home/defaultuser/Documents/niboLib/lib/libnibo2.a(leds.o)
                0x0000000000001390                leds_get_headlights
 .text.leds_set_displaylight
                0x000000000000139a        0xa /home/defaultuser/Documents/niboLib/lib/libnibo2.a(leds.o)
                0x000000000000139a                leds_set_displaylight
 .text.leds_get_displaylight
                0x00000000000013a4        0xa /home/defaultuser/Documents/niboLib/lib/libnibo2.a(leds.o)
                0x00000000000013a4                leds_get_displaylight
 .text.pwm_init
                0x00000000000013ae       0x64 /home/defaultuser/Documents/niboLib/lib/libnibo2.a(pwm.o)
                0x00000000000013ae                pwm_init
 .text.__vector_14
                0x0000000000001412      0x10c /home/defaultuser/Documents/niboLib/lib/libnibo2.a(pwm.o)
                0x0000000000001412                __vector_14
 .text.adc_init
                0x000000000000151e       0x24 /home/defaultuser/Documents/niboLib/lib/libnibo2.a(adc.o)
                0x000000000000151e                adc_init
 .text.adc_read
                0x0000000000001542       0x3c /home/defaultuser/Documents/niboLib/lib/libnibo2.a(adc.o)
                0x0000000000001542                adc_read
 .text.adc_get_random_seed
                0x000000000000157e        0xa /home/defaultuser/Documents/niboLib/lib/libnibo2.a(adc.o)
                0x000000000000157e                adc_get_random_seed
 .text.uart0_set_baudrate
                0x0000000000001588       0x2c /home/defaultuser/Documents/niboLib/lib/libuart-0.a(uart0.o)
                0x0000000000001588                uart0_set_baudrate
 .text.uart0_getchar
                0x00000000000015b4       0x2e /home/defaultuser/Documents/niboLib/lib/libuart-0.a(uart0.o)
                0x00000000000015b4                uart0_getchar
 .text.uart0_putchar
                0x00000000000015e2       0x36 /home/defaultuser/Documents/niboLib/lib/libuart-0.a(uart0.o)
                0x00000000000015e2                uart0_putchar
 .text.uart0_enable
                0x0000000000001618        0x6 /home/defaultuser/Documents/niboLib/lib/libuart-0.a(uart0.o)
                0x0000000000001618                uart0_enable
 .text.uart0_disable
                0x000000000000161e        0x4 /home/defaultuser/Documents/niboLib/lib/libuart-0.a(uart0.o)
                0x000000000000161e                uart0_disable
 .text.__vector_18
                0x0000000000001622       0x60 /home/defaultuser/Documents/niboLib/lib/libuart-0.a(uart0.o)
                0x0000000000001622                __vector_18
 .text.__vector_19
                0x0000000000001682       0x62 /home/defaultuser/Documents/niboLib/lib/libuart-0.a(uart0.o)
                0x0000000000001682                __vector_19
 .text.libgcc.mul
                0x00000000000016e4        0x0 /usr/lib/gcc/avr/5.4.0/avr51/libgcc.a(_udivmodsi4.o)
 .text.libgcc.div
                0x00000000000016e4       0x44 /usr/lib/gcc/avr/5.4.0/avr51/libgcc.a(_udivmodsi4.o)
                0x00000000000016e4                __udivmodsi4
 .text.libgcc   0x0000000000001728        0x0 /usr/lib/gcc/avr/5.4.0/avr51/libgcc.a(_udivmodsi4.o)
 .text.libgcc.prologue
                0x0000000000001728        0x0 /usr/lib/gcc/avr/5.4.0/avr51/libgcc.a(_udivmodsi4.o)
 .text.libgcc.builtins
                0x0000000000001728        0x0 /usr/lib/gcc/avr/5.4.0/avr51/libgcc.a(_udivmodsi4.o)
 .text.libgcc.fmul
                0x0000000000001728        0x0 /usr/lib/gcc/avr/5.4.0/avr51/libgcc.a(_udivmodsi4.o)
 .text.libgcc.fixed
                0x0000000000001728        0x0 /usr/lib/gcc/avr/5.4.0/avr51/libgcc.a(_udivmodsi4.o)
 .text.libgcc.mul
                0x0000000000001728        0x0 /usr/lib/gcc/avr/5.4.0/avr51/libgcc.a(_exit.o)
 .text.libgcc.div
                0x0000000000001728        0x0 /usr/lib/gcc/avr/5.4.0/avr51/libgcc.a(_exit.o)
 .text.libgcc   0x0000000000001728        0x0 /usr/lib/gcc/avr/5.4.0/avr51/libgcc.a(_exit.o)
 .text.libgcc.prologue
                0x0000000000001728        0x0 /usr/lib/gcc/avr/5.4.0/avr51/libgcc.a(_exit.o)
 .text.libgcc.builtins
                0x0000000000001728        0x0 /usr/lib/gcc/avr/5.4.0/avr51/libgcc.a(_exit.o)
 .text.libgcc.fmul
                0x0000000000001728        0x0 /usr/lib/gcc/avr/5.4.0/avr51/libgcc.a(_exit.o)
 .text.libgcc.fixed
                0x0000000000001728        0x0 /usr/lib/gcc/avr/5.4.0/avr51/libgcc.a(_exit.o)
 .text.libgcc.mul
                0x0000000000001728        0x0 /usr/lib/gcc/avr/5.4.0/avr51/libgcc.a(_copy_data.o)
 .text.libgcc.div
                0x0000000000001728        0x0 /usr/lib/gcc/avr/5.4.0/avr51/libgcc.a(_copy_data.o)
 .text.libgcc   0x0000000000001728        0x0 /usr/lib/gcc/avr/5.4.0/avr51/libgcc.a(_copy_data.o)
 .text.libgcc.prologue
                0x0000000000001728        0x0 /usr/lib/gcc/avr/5.4.0/avr51/libgcc.a(_copy_data.o)
 .text.libgcc.builtins
                0x0000000000001728        0x0 /usr/lib/gcc/avr/5.4.0/avr51/libgcc.a(_copy_data.o)
 .text.libgcc.fmul
                0x0000000000001728        0x0 /usr/lib/gcc/avr/5.4.0/avr51/libgcc.a(_copy_data.o)
 .text.libgcc.fixed
                0x0000000000001728        0x0 /usr/lib/gcc/avr/5.4.0/avr51/libgcc.a(_copy_data.o)
 .text.libgcc.mul
                0x0000000000001728        0x0 /usr/lib/gcc/avr/5.4.0/avr51/libgcc.a(_clear_bss.o)
 .text.libgcc.div
                0x0000000000001728        0x0 /usr/lib/gcc/avr/5.4.0/avr51/libgcc.a(_clear_bss.o)
 .text.libgcc   0x0000000000001728        0x0 /usr/lib/gcc/avr/5.4.0/avr51/libgcc.a(_clear_bss.o)
 .text.libgcc.prologue
                0x0000000000001728        0x0 /usr/lib/gcc/avr/5.4.0/avr51/libgcc.a(_clear_bss.o)
 .text.libgcc.builtins
                0x0000000000001728        0x0 /usr/lib/gcc/avr/5.4.0/avr51/libgcc.a(_clear_bss.o)
 .text.libgcc.fmul
                0x0000000000001728        0x0 /usr/lib/gcc/avr/5.4.0/avr51/libgcc.a(_clear_bss.o)
 .text.libgcc.fixed
                0x0000000000001728        0x0 /usr/lib/gcc/avr/5.4.0/avr51/libgcc.a(_clear_bss.o)
 .text.libgcc.mul
                0x0000000000001728       0x1e /usr/lib/gcc/avr/5.4.0/avr51/libgcc.a(_umulhisi3.o)
                0x0000000000001728                __umulhisi3
 .text.libgcc.div
                0x0000000000001746        0x0 /usr/lib/gcc/avr/5.4.0/avr51/libgcc.a(_umulhisi3.o)
 .text.libgcc   0x0000000000001746        0x0 /usr/lib/gcc/avr/5.4.0/avr51/libgcc.a(_umulhisi3.o)
 .text.libgcc.prologue
                0x0000000000001746        0x0 /usr/lib/gcc/avr/5.4.0/avr51/libgcc.a(_umulhisi3.o)
 .text.libgcc.builtins
                0x0000000000001746        0x0 /usr/lib/gcc/avr/5.4.0/avr51/libgcc.a(_umulhisi3.o)
 .text.libgcc.fmul
                0x0000000000001746        0x0 /usr/lib/gcc/avr/5.4.0/avr51/libgcc.a(_umulhisi3.o)
 .text.libgcc.fixed
                0x0000000000001746        0x0 /usr/lib/gcc/avr/5.4.0/avr51/libgcc.a(_umulhisi3.o)
 .text.avr-libc
                0x0000000000001746       0x20 /usr/lib/gcc/avr/5.4.0/../../../avr/lib/avr51/libatmega128.a(eerd_block.o)
                0x0000000000001746                eeprom_read_block
                0x000000000000174a                eeprom_read_blraw
 .text.avr-libc
                0x0000000000001766       0x14 /usr/lib/gcc/avr/5.4.0/../../../avr/lib/avr51/libatmega128.a(eewr_block.o)
                0x0000000000001766                eeprom_write_block
 .text.avr-libc
                0x000000000000177a       0x1a /usr/lib/gcc/avr/5.4.0/../../../avr/lib/avr51/libatmega128.a(eewr_byte.o)
                0x000000000000177a                eeprom_write_byte
                0x000000000000177c                eeprom_write_r18
                0x0000000000001794                . = ALIGN (0x2)
 *(.fini9)
 .fini9         0x0000000000001794        0x0 /usr/lib/gcc/avr/5.4.0/avr51/libgcc.a(_exit.o)
                0x0000000000001794                exit
                0x0000000000001794                _exit
 *(.fini9)
 *(.fini8)
 *(.fini8)
 *(.fini7)
 *(.fini7)
 *(.fini6)
 *(.fini6)
 *(.fini5)
 *(.fini5)
 *(.fini4)
 *(.fini4)
 *(.fini3)
 *(.fini3)
 *(.fini2)
 *(.fini2)
 *(.fini1)
 *(.fini1)
 *(.fini0)
 .fini0         0x0000000000001794        0x4 /usr/lib/gcc/avr/5.4.0/avr51/libgcc.a(_exit.o)
 *(.fini0)
                0x0000000000001798                _etext = .

.data           0x0000000000800100        0x0 load address 0x0000000000001798
                0x0000000000800100                PROVIDE (__data_start, .)
 *(.data)
 .data          0x0000000000800100        0x0 /usr/lib/gcc/avr/5.4.0/../../../avr/lib/avr51/crtatmega128.o
 .data          0x0000000000800100        0x0 ./src/Nibahn.o
 .data          0x0000000000800100        0x0 ./src/Nibo_actions.o
 .data          0x0000000000800100        0x0 ./src/protokoll.o
 .data          0x0000000000800100        0x0 ./src/xBee.o
 .data          0x0000000000800100        0x0 /home/defaultuser/Documents/niboLib/lib/libnibo2.a(delay.o)
 .data          0x0000000000800100        0x0 /home/defaultuser/Documents/niboLib/lib/libnibo2.a(spi.o)
 .data          0x0000000000800100        0x0 /home/defaultuser/Documents/niboLib/lib/libnibo2.a(copro.o)
 .data          0x0000000000800100        0x0 /home/defaultuser/Documents/niboLib/lib/libnibo2.a(floor.o)
 .data          0x0000000000800100        0x0 /home/defaultuser/Documents/niboLib/lib/libnibo2.a(bot.o)
 .data          0x0000000000800100        0x0 /home/defaultuser/Documents/niboLib/lib/libnibo2.a(leds.o)
 .data          0x0000000000800100        0x0 /home/defaultuser/Documents/niboLib/lib/libnibo2.a(pwm.o)
 .data          0x0000000000800100        0x0 /home/defaultuser/Documents/niboLib/lib/libnibo2.a(adc.o)
 .data          0x0000000000800100        0x0 /home/defaultuser/Documents/niboLib/lib/libuart-0.a(uart0.o)
 .data          0x0000000000800100        0x0 /usr/lib/gcc/avr/5.4.0/avr51/libgcc.a(_udivmodsi4.o)
 .data          0x0000000000800100        0x0 /usr/lib/gcc/avr/5.4.0/avr51/libgcc.a(_exit.o)
 .data          0x0000000000800100        0x0 /usr/lib/gcc/avr/5.4.0/avr51/libgcc.a(_copy_data.o)
 .data          0x0000000000800100        0x0 /usr/lib/gcc/avr/5.4.0/avr51/libgcc.a(_clear_bss.o)
 .data          0x0000000000800100        0x0 /usr/lib/gcc/avr/5.4.0/avr51/libgcc.a(_umulhisi3.o)
 .data          0x0000000000800100        0x0 /usr/lib/gcc/avr/5.4.0/../../../avr/lib/avr51/libatmega128.a(eerd_block.o)
 .data          0x0000000000800100        0x0 /usr/lib/gcc/avr/5.4.0/../../../avr/lib/avr51/libatmega128.a(eewr_block.o)
 .data          0x0000000000800100        0x0 /usr/lib/gcc/avr/5.4.0/../../../avr/lib/avr51/libatmega128.a(eewr_byte.o)
 *(.data*)
 *(.rodata)
 *(.rodata*)
 *(.gnu.linkonce.d*)
                0x0000000000800100                . = ALIGN (0x2)
                0x0000000000800100                _edata = .
                0x0000000000800100                PROVIDE (__data_end, .)

.bss            0x0000000000800100       0xe9
                0x0000000000800100                PROVIDE (__bss_start, .)
 *(.bss)
 .bss           0x0000000000800100        0x0 /usr/lib/gcc/avr/5.4.0/../../../avr/lib/avr51/crtatmega128.o
 .bss           0x0000000000800100        0x0 ./src/Nibahn.o
 .bss           0x0000000000800100        0x0 ./src/Nibo_actions.o
 .bss           0x0000000000800100        0x0 ./src/protokoll.o
 .bss           0x0000000000800100        0x0 ./src/xBee.o
 .bss           0x0000000000800100        0x0 /home/defaultuser/Documents/niboLib/lib/libnibo2.a(delay.o)
 .bss           0x0000000000800100        0x0 /home/defaultuser/Documents/niboLib/lib/libnibo2.a(spi.o)
 .bss           0x0000000000800100        0x0 /home/defaultuser/Documents/niboLib/lib/libnibo2.a(copro.o)
 .bss           0x0000000000800100        0x8 /home/defaultuser/Documents/niboLib/lib/libnibo2.a(floor.o)
 .bss           0x0000000000800108        0x0 /home/defaultuser/Documents/niboLib/lib/libnibo2.a(bot.o)
 .bss           0x0000000000800108        0x0 /home/defaultuser/Documents/niboLib/lib/libnibo2.a(leds.o)
 .bss           0x0000000000800108        0x0 /home/defaultuser/Documents/niboLib/lib/libnibo2.a(pwm.o)
 .bss           0x0000000000800108        0x0 /home/defaultuser/Documents/niboLib/lib/libnibo2.a(adc.o)
 .bss           0x0000000000800108        0x0 /home/defaultuser/Documents/niboLib/lib/libuart-0.a(uart0.o)
 .bss           0x0000000000800108        0x0 /usr/lib/gcc/avr/5.4.0/avr51/libgcc.a(_udivmodsi4.o)
 .bss           0x0000000000800108        0x0 /usr/lib/gcc/avr/5.4.0/avr51/libgcc.a(_exit.o)
 .bss           0x0000000000800108        0x0 /usr/lib/gcc/avr/5.4.0/avr51/libgcc.a(_copy_data.o)
 .bss           0x0000000000800108        0x0 /usr/lib/gcc/avr/5.4.0/avr51/libgcc.a(_clear_bss.o)
 .bss           0x0000000000800108        0x0 /usr/lib/gcc/avr/5.4.0/avr51/libgcc.a(_umulhisi3.o)
 .bss           0x0000000000800108        0x0 /usr/lib/gcc/avr/5.4.0/../../../avr/lib/avr51/libatmega128.a(eerd_block.o)
 .bss           0x0000000000800108        0x0 /usr/lib/gcc/avr/5.4.0/../../../avr/lib/avr51/libatmega128.a(eewr_block.o)
 .bss           0x0000000000800108        0x0 /usr/lib/gcc/avr/5.4.0/../../../avr/lib/avr51/libatmega128.a(eewr_byte.o)
 *(.bss*)
 *(COMMON)
 COMMON         0x0000000000800108       0x3e /home/defaultuser/Documents/niboLib/lib/libnibo2.a(spi.o)
                0x0000000000800108                spi_tx_buf
                0x0000000000800123                spi_rx_size
                0x0000000000800124                spi_err_cnt
                0x0000000000800125                spi_tx_size
                0x0000000000800126                spi_frame_cnt
                0x0000000000800127                spi_size
                0x0000000000800128                spi_rx_buf
                0x0000000000800143                spi_tx_chk
                0x0000000000800144                spi_pos
                0x0000000000800145                spi_rx_chk
 COMMON         0x0000000000800146       0x5d /home/defaultuser/Documents/niboLib/lib/libnibo2.a(copro.o)
                0x0000000000800146                copro_ticks_offset_r
                0x0000000000800148                copro_ticks_offset_l
                0x000000000080014a                copro_current_l
                0x000000000080014c                copro_commands
                0x0000000000800161                copro_ticks_l
                0x0000000000800163                copro_rc5_cmd
                0x0000000000800165                copro_distance
                0x000000000080016f                copro_pos_x
                0x0000000000800173                copro_pos_ori
                0x0000000000800177                copro_speed_r
                0x0000000000800179                copro_ticks_r
                0x000000000080017b                copro_pos_y
                0x000000000080017f                copro_ir_mode
                0x0000000000800180                copro_rc5_count
                0x0000000000800181                copro_current_r
                0x0000000000800183                copro_buffer
                0x000000000080019e                copro_target_distance
                0x00000000008001a0                copro_seq
                0x00000000008001a1                copro_speed_l
 COMMON         0x00000000008001a3       0x20 /home/defaultuser/Documents/niboLib/lib/libnibo2.a(floor.o)
                0x00000000008001a3                line_cal
                0x00000000008001b3                floor_relative
                0x00000000008001bb                floor_absolute
 COMMON         0x00000000008001c3        0x2 /home/defaultuser/Documents/niboLib/lib/libnibo2.a(bot.o)
                0x00000000008001c3                bot_supply
 COMMON         0x00000000008001c5        0xe /home/defaultuser/Documents/niboLib/lib/libnibo2.a(pwm.o)
                0x00000000008001c5                pwm_channel_A
                0x00000000008001c7                pwm_channel_B
                0x00000000008001c9                pwm_timer_ms
                0x00000000008001cb                pwm_channel_C
                0x00000000008001cd                pwm_timer_sub
                0x00000000008001cf                pwm_timer_sec
 COMMON         0x00000000008001d3        0x2 /home/defaultuser/Documents/niboLib/lib/libnibo2.a(adc.o)
                0x00000000008001d3                adc_random_seed
 COMMON         0x00000000008001d5       0x14 /home/defaultuser/Documents/niboLib/lib/libuart-0.a(uart0.o)
                0x00000000008001d5                uart0_txbuf_begin
                0x00000000008001d6                uart0_rxbuf
                0x00000000008001de                uart0_txbuf
                0x00000000008001e6                uart0_rxbuf_begin
                0x00000000008001e7                uart0_rxbuf_end
                0x00000000008001e8                uart0_txbuf_end
                0x00000000008001e9                PROVIDE (__bss_end, .)
                0x0000000000001798                __data_load_start = LOADADDR (.data)
                0x0000000000001798                __data_load_end = (__data_load_start + SIZEOF (.data))

.noinit         0x00000000008001e9        0x0
                [!provide]                        PROVIDE (__noinit_start, .)
 *(.noinit*)
                [!provide]                        PROVIDE (__noinit_end, .)
                0x00000000008001e9                _end = .
                [!provide]                        PROVIDE (__heap_start, .)

.eeprom         0x0000000000810000        0x0
 *(.eeprom*)
                0x0000000000810000                __eeprom_end = .

.fuse
 *(.fuse)
 *(.lfuse)
 *(.hfuse)
 *(.efuse)

.lock
 *(.lock*)

.signature
 *(.signature*)

.user_signatures
 *(.user_signatures*)

.stab           0x0000000000000000     0x1b0c
 *(.stab)
 .stab          0x0000000000000000      0xc00 ./src/Nibahn.o
 .stab          0x0000000000000c00      0x594 ./src/Nibo_actions.o
                                        0x7f8 (size before relaxing)
 .stab          0x0000000000001194      0x504 ./src/protokoll.o
                                        0x768 (size before relaxing)
 .stab          0x0000000000001698      0x474 ./src/xBee.o
                                        0x63c (size before relaxing)

.stabstr        0x0000000000000000     0x1385
 *(.stabstr)
 .stabstr       0x0000000000000000     0x1385 ./src/Nibahn.o

.stab.excl
 *(.stab.excl)

.stab.exclstr
 *(.stab.exclstr)

.stab.index
 *(.stab.index)

.stab.indexstr
 *(.stab.indexstr)

.comment        0x0000000000000000       0x11
 *(.comment)
 .comment       0x0000000000000000       0x11 ./src/Nibahn.o
                                         0x12 (size before relaxing)
 .comment       0x0000000000000011       0x12 ./src/Nibo_actions.o
 .comment       0x0000000000000011       0x12 ./src/protokoll.o
 .comment       0x0000000000000011       0x12 ./src/xBee.o
 .comment       0x0000000000000011       0x12 /home/defaultuser/Documents/niboLib/lib/libnibo2.a(delay.o)
 .comment       0x0000000000000011       0x12 /home/defaultuser/Documents/niboLib/lib/libnibo2.a(spi.o)
 .comment       0x0000000000000011       0x12 /home/defaultuser/Documents/niboLib/lib/libnibo2.a(copro.o)
 .comment       0x0000000000000011       0x12 /home/defaultuser/Documents/niboLib/lib/libnibo2.a(floor.o)
 .comment       0x0000000000000011       0x12 /home/defaultuser/Documents/niboLib/lib/libnibo2.a(bot.o)
 .comment       0x0000000000000011       0x12 /home/defaultuser/Documents/niboLib/lib/libnibo2.a(leds.o)
 .comment       0x0000000000000011       0x12 /home/defaultuser/Documents/niboLib/lib/libnibo2.a(pwm.o)
 .comment       0x0000000000000011       0x12 /home/defaultuser/Documents/niboLib/lib/libnibo2.a(adc.o)

.note.gnu.avr.deviceinfo
                0x0000000000000000       0x3c
 .note.gnu.avr.deviceinfo
                0x0000000000000000       0x3c /usr/lib/gcc/avr/5.4.0/../../../avr/lib/avr51/crtatmega128.o

.note.gnu.build-id
 *(.note.gnu.build-id)

.debug
 *(.debug)

.line
 *(.line)

.debug_srcinfo
 *(.debug_srcinfo)

.debug_sfnames
 *(.debug_sfnames)

.debug_aranges
 *(.debug_aranges)

.debug_pubnames
 *(.debug_pubnames)

.debug_info     0x0000000000000000      0x780
 *(.debug_info .gnu.linkonce.wi.*)
 .debug_info    0x0000000000000000      0x780 /usr/lib/gcc/avr/5.4.0/../../../avr/lib/avr51/crtatmega128.o

.debug_abbrev   0x0000000000000000      0x718
 *(.debug_abbrev)
 .debug_abbrev  0x0000000000000000      0x718 /usr/lib/gcc/avr/5.4.0/../../../avr/lib/avr51/crtatmega128.o

.debug_line     0x0000000000000000       0x1a
 *(.debug_line .debug_line.* .debug_line_end)
 .debug_line    0x0000000000000000       0x1a /usr/lib/gcc/avr/5.4.0/../../../avr/lib/avr51/crtatmega128.o

.debug_frame
 *(.debug_frame)

.debug_str      0x0000000000000000      0x27d
 *(.debug_str)
 .debug_str     0x0000000000000000      0x27d /usr/lib/gcc/avr/5.4.0/../../../avr/lib/avr51/crtatmega128.o

.debug_loc
 *(.debug_loc)

.debug_macinfo
 *(.debug_macinfo)

.debug_weaknames
 *(.debug_weaknames)

.debug_funcnames
 *(.debug_funcnames)

.debug_typenames
 *(.debug_typenames)

.debug_varnames
 *(.debug_varnames)

.debug_pubtypes
 *(.debug_pubtypes)

.debug_ranges
 *(.debug_ranges)

.debug_macro
 *(.debug_macro)
OUTPUT(Nibahn.elf elf32-avr)
LOAD linker stubs
